01-21 10:50:31.619   166   505 I libstagefrighthw: OMX IL core libOMX_Core.so: declares component OMX.rk.video_decoder.m2v
01-21 10:50:31.619   166   505 I libstagefrighthw: OMX IL core libOMX_Core.so: declares component OMX.rk.video_decoder.rv
01-21 10:50:31.619   166   505 I libstagefrighthw: OMX IL core libOMX_Core.so: declares component OMX.rk.video_decoder.vp8
01-21 10:50:31.619   166   505 I libstagefrighthw: OMX IL core libOMX_Core.so: declares component OMX.rk.video_decoder.vc1
01-21 10:50:31.619   166   505 I libstagefrighthw: OMX IL core libOMX_Core.so: declares component OMX.rk.video_decoder.wmv3
01-21 10:50:31.619   166   505 I libstagefrighthw: OMX IL core libOMX_Core.so: declares component OMX.rk.video_decoder.vp6
01-21 10:50:31.619   166   505 I libstagefrighthw: OMX IL core libOMX_Core.so: declares component OMX.rk.video_decoder.hevc
01-21 10:50:31.619   166   505 I libstagefrighthw: OMX IL core libOMX_Core.so: declares component OMX.rk.video_decoder.mjpeg
01-21 10:50:31.619   166   505 I libstagefrighthw: OMX IL core libOMX_Core.so: declares component OMX.rk.video_decoder.avc.secure
01-21 10:50:31.619   166   505 I libstagefrighthw: OMX IL core libOMX_Core.so: declares component OMX.rk.video_encoder.avc
01-21 10:50:31.619   166   505 I libstagefrighthw: OMX IL core libOMX_Core.so: declares component OMX.rk.video_encoder.vp8
01-21 10:50:31.619   166   505 I libstagefrighthw: OMX IL core libOMX_Core.so: contains 15 components
01-21 10:50:31.620   166   505 I AwesomePlayer: AwesomePlayer::AwesomePlayer()aftermClient.connect()
01-21 10:50:31.649   166   759 E OMXNodeInstance: getParameter(1:google.mp3.decoder, ParamVideoProfileLevelQuerySupported(0x600000f)) ERROR: UnsupportedIndex(0x8000101a)
01-21 10:50:31.649   166   759 E OMXNodeInstance: getParameter(1:google.mp3.decoder, ParamVideoPortFormat(0x6000001)) ERROR: UnsupportedIndex(0x8000101a)
01-21 10:50:31.666   166   759 E OMXNodeInstance: getParameter(2:google.amrnb.decoder, ParamVideoProfileLevelQuerySupported(0x600000f)) ERROR: UnsupportedIndex(0x8000101a)
01-21 10:50:31.666   166   759 E OMXNodeInstance: getParameter(2:google.amrnb.decoder, ParamVideoPortFormat(0x6000001)) ERROR: UnsupportedIndex(0x8000101a)
01-21 10:50:31.676   166   759 E OMXNodeInstance: getParameter(3:google.amrwb.decoder, ParamVideoProfileLevelQuerySupported(0x600000f)) ERROR: UnsupportedIndex(0x8000101a)
01-21 10:50:31.676   166   759 E OMXNodeInstance: getParameter(3:google.amrwb.decoder, ParamVideoPortFormat(0x6000001)) ERROR: UnsupportedIndex(0x8000101a)
01-21 10:50:31.683   166   759 E OMXNodeInstance: getParameter(4:google.aac.decoder, ParamVideoProfileLevelQuerySupported(0x600000f)) ERROR: UnsupportedIndex(0x8000101a)
01-21 10:50:31.683   166   759 E OMXNodeInstance: getParameter(4:google.aac.decoder, ParamVideoPortFormat(0x6000001)) ERROR: UnsupportedIndex(0x8000101a)
01-21 10:50:31.685   166   759 E OMXNodeInstance: getParameter(5:google.g711.alaw.decoder, ParamVideoProfileLevelQuerySupported(0x600000f)) ERROR: UnsupportedIndex(0x8000101a)
01-21 10:50:31.686   166   759 E OMXNodeInstance: getParameter(5:google.g711.alaw.decoder, ParamVideoPortFormat(0x6000001)) ERROR: UnsupportedIndex(0x8000101a)
01-21 10:50:31.689   166   759 E OMXNodeInstance: getParameter(6:google.g711.mlaw.decoder, ParamVideoProfileLevelQuerySupported(0x600000f)) ERROR: UnsupportedIndex(0x8000101a)
01-21 10:50:31.689   166   759 E OMXNodeInstance: getParameter(6:google.g711.mlaw.decoder, ParamVideoPortFormat(0x6000001)) ERROR: UnsupportedIndex(0x8000101a)
01-21 10:50:31.701   650   650 E MediaProvider: Can't obtain external volume ID even though it's mounted,Maybe Ntfs accept it
01-21 10:50:31.702   166   759 E OMXNodeInstance: getParameter(7:google.vorbis.decoder, ParamVideoProfileLevelQuerySupported(0x600000f)) ERROR: UnsupportedIndex(0x8000101a)
01-21 10:50:31.702   166   759 E OMXNodeInstance: getParameter(7:google.vorbis.decoder, ParamVideoPortFormat(0x6000001)) ERROR: UnsupportedIndex(0x8000101a)
01-21 10:50:31.712   166   759 E OMXNodeInstance: getParameter(8:google.opus.decoder, ParamVideoProfileLevelQuerySupported(0x600000f)) ERROR: UnsupportedIndex(0x8000101a)
01-21 10:50:31.712   166   759 E OMXNodeInstance: getParameter(8:google.opus.decoder, ParamVideoPortFormat(0x6000001)) ERROR: UnsupportedIndex(0x8000101a)
01-21 10:50:31.724   166   759 E OMXNodeInstance: getParameter(9:google.raw.decoder, ParamVideoProfileLevelQuerySupported(0x600000f)) ERROR: UnsupportedIndex(0x8000101a)
01-21 10:50:31.724   166   759 E OMXNodeInstance: getParameter(9:google.raw.decoder, ParamVideoPortFormat(0x6000001)) ERROR: UnsupportedIndex(0x8000101a)
01-21 10:50:31.731   166   759 E OMXNodeInstance: getParameter(a:google.aac.encoder, ParamVideoProfileLevelQuerySupported(0x600000f)) ERROR: UnsupportedIndex(0x8000101a)
01-21 10:50:31.731   166   759 E OMXNodeInstance: getParameter(a:google.aac.encoder, ParamVideoPortFormat(0x6000001)) ERROR: UnsupportedIndex(0x8000101a)
01-21 10:50:31.738   166   759 E OMXNodeInstance: getParameter(b:google.amrnb.encoder, ParamVideoProfileLevelQuerySupported(0x600000f)) ERROR: UnsupportedIndex(0x8000101a)
01-21 10:50:31.738   166   759 E OMXNodeInstance: getParameter(b:google.amrnb.encoder, ParamVideoPortFormat(0x6000001)) ERROR: UnsupportedIndex(0x8000101a)
01-21 10:50:31.751   166   759 E OMXNodeInstance: getParameter(c:google.amrwb.encoder, ParamVideoProfileLevelQuerySupported(0x600000f)) ERROR: UnsupportedIndex(0x8000101a)
01-21 10:50:31.751   166   759 E OMXNodeInstance: getParameter(c:google.amrwb.encoder, ParamVideoPortFormat(0x6000001)) ERROR: UnsupportedIndex(0x8000101a)
01-21 10:50:31.758   166   759 E OMXNodeInstance: getParameter(d:google.flac.encoder, ParamVideoProfileLevelQuerySupported(0x600000f)) ERROR: UnsupportedIndex(0x8000101a)
01-21 10:50:31.758   166   759 E OMXNodeInstance: getParameter(d:google.flac.encoder, ParamVideoPortFormat(0x6000001)) ERROR: UnsupportedIndex(0x8000101a)
01-21 10:50:31.760   166   759 E ROCKCHIP_VIDEO_DECCONTROL: OMX_IndexParamdescribeColorFormat get 
01-21 10:50:31.760   166   759 E ROCKCHIP_OSAL_Android: OMX_ERRORTYPE Rockchip_OSAL_GetANBParameter(OMX_HANDLETYPE, OMX_INDEXTYPE, OMX_PTR): Rockchip_OMX_Check_SizeVersion(DescribeColorFormatParams) is failed
01-21 10:50:31.760   166   759 E OMXNodeInstance: getParameter(e:rk._decoder.avc, ??(0x7f000017)) ERROR: BadParameter(0x80001005)
01-21 10:50:31.760   166   759 E ROCKCHIP_VIDEO_DECCONTROL: OMX_IndexParamdescribeColorFormat get 
01-21 10:50:31.760   166   759 E ROCKCHIP_OSAL_Android: OMX_ERRORTYPE Rockchip_OSAL_GetANBParameter(OMX_HANDLETYPE, OMX_INDEXTYPE, OMX_PTR): Rockchip_OMX_Check_SizeVersion(DescribeColorFormatParams) is failed
01-21 10:50:31.760   166   759 E OMXNodeInstance: getParameter(e:rk._decoder.avc, ??(0x7f000017)) ERROR: BadParameter(0x80001005)
01-21 10:50:31.760   166   759 W OMXNodeInstance: [e:rk._decoder.avc] component does not support metadata mode; using fallback
01-21 10:50:31.763   166   759 E ROCKCHIP_VIDEO_DECCONTROL: OMX_IndexParamdescribeColorFormat get 
01-21 10:50:31.763   166   759 E ROCKCHIP_OSAL_Android: OMX_ERRORTYPE Rockchip_OSAL_GetANBParameter(OMX_HANDLETYPE, OMX_INDEXTYPE, OMX_PTR): Rockchip_OMX_Check_SizeVersion(DescribeColorFormatParams) is failed
01-21 10:50:31.763   166   759 E OMXNodeInstance: getParameter(f:rk._decoder.m2v, ??(0x7f000017)) ERROR: BadParameter(0x80001005)
01-21 10:50:31.763   166   759 E ROCKCHIP_VIDEO_DECCONTROL: OMX_IndexParamdescribeColorFormat get 
01-21 10:50:31.763   166   759 E ROCKCHIP_OSAL_Android: OMX_ERRORTYPE Rockchip_OSAL_GetANBParameter(OMX_HANDLETYPE, OMX_INDEXTYPE, OMX_PTR): Rockchip_OMX_Check_SizeVersion(DescribeColorFormatParams) is failed
01-21 10:50:31.763   166   759 E OMXNodeInstance: getParameter(f:rk._decoder.m2v, ??(0x7f000017)) ERROR: BadParameter(0x80001005)
01-21 10:50:31.763   166   759 W OMXNodeInstance: [f:rk._decoder.m2v] component does not support metadata mode; using fallback
01-21 10:50:31.766   166   759 E ROCKCHIP_VIDEO_DECCONTROL: OMX_IndexParamdescribeColorFormat get 
01-21 10:50:31.766   166   759 E ROCKCHIP_OSAL_Android: OMX_ERRORTYPE Rockchip_OSAL_GetANBParameter(OMX_HANDLETYPE, OMX_INDEXTYPE, OMX_PTR): Rockchip_OMX_Check_SizeVersion(DescribeColorFormatParams) is failed
01-21 10:50:31.766   166   759 E OMXNodeInstance: getParameter(10:rk._decoder.vp8, ??(0x7f000017)) ERROR: BadParameter(0x80001005)
01-21 10:50:31.766   166   759 E ROCKCHIP_VIDEO_DECCONTROL: OMX_IndexParamdescribeColorFormat get 
01-21 10:50:31.766   166   759 E ROCKCHIP_OSAL_Android: OMX_ERRORTYPE Rockchip_OSAL_GetANBParameter(OMX_HANDLETYPE, OMX_INDEXTYPE, OMX_PTR): Rockchip_OMX_Check_SizeVersion(DescribeColorFormatParams) is failed
01-21 10:50:31.766   166   759 E OMXNodeInstance: getParameter(10:rk._decoder.vp8, ??(0x7f000017)) ERROR: BadParameter(0x80001005)
01-21 10:50:31.766   166   759 W OMXNodeInstance: [10:rk._decoder.vp8] component does not support metadata mode; using fallback
01-21 10:50:31.774   166   759 W OMXNodeInstance: [11:google.vp9.decoder] component does not support metadata mode; using fallback
01-21 10:50:31.782   650   650 E SQLiteLog: (283) recovered 49 frames from WAL file /data/data/com.android.providers.media/databases/external-ffffffff.db-wal
01-21 10:50:31.783   166   759 E ROCKCHIP_VIDEO_DECCONTROL: OMX_IndexParamdescribeColorFormat get 
01-21 10:50:31.783   166   759 E ROCKCHIP_OSAL_Android: OMX_ERRORTYPE Rockchip_OSAL_GetANBParameter(OMX_HANDLETYPE, OMX_INDEXTYPE, OMX_PTR): Rockchip_OMX_Check_SizeVersion(DescribeColorFormatParams) is failed
01-21 10:50:31.783   166   759 E OMXNodeInstance: getParameter(12:rk._decoder.h263, ??(0x7f000017)) ERROR: BadParameter(0x80001005)
01-21 10:50:31.783   166   759 E ROCKCHIP_VIDEO_DECCONTROL: OMX_IndexParamdescribeColorFormat get 
01-21 10:50:31.783   166   759 E ROCKCHIP_OSAL_Android: OMX_ERRORTYPE Rockchip_OSAL_GetANBParameter(OMX_HANDLETYPE, OMX_INDEXTYPE, OMX_PTR): Rockchip_OMX_Check_SizeVersion(DescribeColorFormatParams) is failed
01-21 10:50:31.783   166   759 E OMXNodeInstance: getParameter(12:rk._decoder.h263, ??(0x7f000017)) ERROR: BadParameter(0x80001005)
01-21 10:50:31.783   166   759 W OMXNodeInstance: [12:rk._decoder.h263] component does not support metadata mode; using fallback
01-21 10:50:31.788   166   759 E ROCKCHIP_VIDEO_DECCONTROL: OMX_IndexParamdescribeColorFormat get 
01-21 10:50:31.788   166   759 E ROCKCHIP_OSAL_Android: OMX_ERRORTYPE Rockchip_OSAL_GetANBParameter(OMX_HANDLETYPE, OMX_INDEXTYPE, OMX_PTR): Rockchip_OMX_Check_SizeVersion(DescribeColorFormatParams) is failed
01-21 10:50:31.788   166   759 E OMXNodeInstance: getParameter(13:rk._decoder.m4v, ??(0x7f000017)) ERROR: BadParameter(0x80001005)
01-21 10:50:31.788   166   759 E ROCKCHIP_VIDEO_DECCONTROL: OMX_IndexParamdescribeColorFormat get 
01-21 10:50:31.788   166   759 E ROCKCHIP_OSAL_Android: OMX_ERRORTYPE Rockchip_OSAL_GetANBParameter(OMX_HANDLETYPE, OMX_INDEXTYPE, OMX_PTR): Rockchip_OMX_Check_SizeVersion(DescribeColorFormatParams) is failed
01-21 10:50:31.788   166   759 E OMXNodeInstance: getParameter(13:rk._decoder.m4v, ??(0x7f000017)) ERROR: BadParameter(0x80001005)
01-21 10:50:31.788   166   759 W OMXNodeInstance: [13:rk._decoder.m4v] component does not support metadata mode; using fallback
01-21 10:50:31.795   166   759 E ROCKCHIP_VIDEO_DECCONTROL: OMX_IndexParamdescribeColorFormat get 
01-21 10:50:31.796   166   759 E ROCKCHIP_OSAL_Android: OMX_ERRORTYPE Rockchip_OSAL_GetANBParameter(OMX_HANDLETYPE, OMX_INDEXTYPE, OMX_PTR): Rockchip_OMX_Check_SizeVersion(DescribeColorFormatParams) is failed
01-21 10:50:31.796   166   759 E OMXNodeInstance: getParameter(14:rk._decoder.flv1, ??(0x7f000017)) ERROR: BadParameter(0x80001005)
01-21 10:50:31.796   166   759 E ROCKCHIP_VIDEO_DECCONTROL: OMX_IndexParamdescribeColorFormat get 
01-21 10:50:31.796   166   759 E ROCKCHIP_OSAL_Android: OMX_ERRORTYPE Rockchip_OSAL_GetANBParameter(OMX_HANDLETYPE, OMX_INDEXTYPE, OMX_PTR): Rockchip_OMX_Check_SizeVersion(DescribeColorFormatParams) is failed
01-21 10:50:31.796   166   759 E OMXNodeInstance: getParameter(14:rk._decoder.flv1, ??(0x7f000017)) ERROR: BadParameter(0x80001005)
01-21 10:50:31.796   166   759 W OMXNodeInstance: [14:rk._decoder.flv1] component does not support metadata mode; using fallback
01-21 10:50:31.800   166   759 E ROCKCHIP_VIDEO_DECCONTROL: OMX_IndexParamdescribeColorFormat get 
01-21 10:50:31.800   166   759 E ROCKCHIP_OSAL_Android: OMX_ERRORTYPE Rockchip_OSAL_GetANBParameter(OMX_HANDLETYPE, OMX_INDEXTYPE, OMX_PTR): Rockchip_OMX_Check_SizeVersion(DescribeColorFormatParams) is failed
01-21 10:50:31.800   166   759 E OMXNodeInstance: getParameter(15:rk._decoder.mjpeg, ??(0x7f000017)) ERROR: BadParameter(0x80001005)
01-21 10:50:31.800   166   759 E ROCKCHIP_VIDEO_DECCONTROL: OMX_IndexParamdescribeColorFormat get 
01-21 10:50:31.800   166   759 E ROCKCHIP_OSAL_Android: OMX_ERRORTYPE Rockchip_OSAL_GetANBParameter(OMX_HANDLETYPE, OMX_INDEXTYPE, OMX_PTR): Rockchip_OMX_Check_SizeVersion(DescribeColorFormatParams) is failed
01-21 10:50:31.800   166   759 E OMXNodeInstance: getParameter(15:rk._decoder.mjpeg, ??(0x7f000017)) ERROR: BadParameter(0x80001005)
01-21 10:50:31.800   166   759 W OMXNodeInstance: [15:rk._decoder.mjpeg] component does not support metadata mode; using fallback
01-21 10:50:31.804   166   759 E ROCKCHIP_VIDEO_DECCONTROL: OMX_IndexParamdescribeColorFormat get 
01-21 10:50:31.804   166   759 E ROCKCHIP_OSAL_Android: OMX_ERRORTYPE Rockchip_OSAL_GetANBParameter(OMX_HANDLETYPE, OMX_INDEXTYPE, OMX_PTR): Rockchip_OMX_Check_SizeVersion(DescribeColorFormatParams) is failed
01-21 10:50:31.804   166   759 E OMXNodeInstance: getParameter(16:rk._decoder.hevc, ??(0x7f000017)) ERROR: BadParameter(0x80001005)
01-21 10:50:31.804   166   759 E ROCKCHIP_VIDEO_DECCONTROL: OMX_IndexParamdescribeColorFormat get 
01-21 10:50:31.804   166   759 E ROCKCHIP_OSAL_Android: OMX_ERRORTYPE Rockchip_OSAL_GetANBParameter(OMX_HANDLETYPE, OMX_INDEXTYPE, OMX_PTR): Rockchip_OMX_Check_SizeVersion(DescribeColorFormatParams) is failed
01-21 10:50:31.804   166   759 E OMXNodeInstance: getParameter(16:rk._decoder.hevc, ??(0x7f000017)) ERROR: BadParameter(0x80001005)
01-21 10:50:31.804   166   759 W OMXNodeInstance: [16:rk._decoder.hevc] component does not support metadata mode; using fallback
01-21 10:50:31.806   166   759 W ACodec  : do not know color format 0x7f000789 = 2130708361
01-21 10:50:31.815   166   759 W OMXNodeInstance: [18:google.h264.decoder] component does not support metadata mode; using fallback
01-21 10:50:31.829   166   759 W OMXNodeInstance: [19:google.vp9.decoder] component does not support metadata mode; using fallback
01-21 10:50:31.837   166   759 I SoftMPEG4Encoder: Construct SoftMPEG4Encoder
01-21 10:50:31.837   166   759 W ACodec  : do not know color format 0x7f000789 = 2130708361
01-21 10:50:31.846   166   759 I SoftMPEG4Encoder: Construct SoftMPEG4Encoder
01-21 10:50:31.846   166   759 W ACodec  : do not know color format 0x7f000789 = 2130708361
01-21 10:50:31.855   166   759 W ACodec  : do not know color format 0x7f000789 = 2130708361
01-21 10:50:31.856   166   759 I OMXCodec: --->InstantiateSoftwareCodec create OMX.google.vorbis.decoder codec
01-21 10:50:31.859   166   759 I OMXCodec: Successfully allocated OMX node 'OMX.google.vorbis.decoder'
01-21 10:50:31.873   166   835 I OMXCodec: mOutputPortSettingsHaveChanged set true
01-21 10:50:31.874   166   505 I OMXCodec: found informat change ComponentName = OMX.google.vorbis.decoder
01-21 10:50:31.904   166   759 W AudioCache: Battery track warning: refCount is already 0
01-21 10:50:31.905   166   505 I FrameQueueManage: FrameQueueManage::~FrameQueueManage end!
01-21 10:50:31.906   166   517 I AwesomePlayer: AwesomePlayer::AwesomePlayer()in
01-21 10:50:31.907   166   517 I AwesomePlayer: AwesomePlayer::AwesomePlayer()aftermClient.connect()
01-21 10:50:31.922   460   460 D PermissionMonitor: Monitoring
01-21 10:50:31.923   460   460 D PermissionMonitor: Users: 1, Apps: 35
01-21 10:50:31.927   460   460 I SystemServiceManager: Starting phase 600
01-21 10:50:31.931   713   713 W ResourceType: No package identifier when getting value for resource number 0x00000000
01-21 10:50:31.931   713   713 W PackageManager: Failure retrieving resources for com.android.settings: Resource ID #0x0
01-21 10:50:31.932   460   487 D BluetoothManagerService: Message: 20
01-21 10:50:31.932   460   487 D BluetoothManagerService: Added callback: android.bluetooth.BluetoothAdapter$1@14a44463:true
01-21 10:50:31.933   460   487 D BluetoothManagerService: Message: 30
01-21 10:50:31.933   460   553 D BluetoothManagerService: Trying to bind to profile: 1, while Bluetooth was disabled
01-21 10:50:31.934   166   843 I OMXCodec: --->InstantiateSoftwareCodec create OMX.google.vorbis.decoder codec
01-21 10:50:31.936   166   843 I OMXCodec: Successfully allocated OMX node 'OMX.google.vorbis.decoder'
01-21 10:50:31.941   460   487 D BluetoothManagerService: Message: 30
01-21 10:50:31.943   460   460 I BackupManagerService: Backup enabled => false
01-21 10:50:31.943   460   460 I BackupManagerService: Opting out of backup
01-21 10:50:31.957   460   460 E InputMethodManagerService: Ignoring setImeWindowStatus due to an invalid token. uid:1000 token:null
01-21 10:50:31.960   166   845 I OMXCodec: mOutputPortSettingsHaveChanged set true
01-21 10:50:31.960   166   517 I OMXCodec: found informat change ComponentName = OMX.google.vorbis.decoder
01-21 10:50:31.963   166   505 I AwesomePlayer: AwesomePlayer::AwesomePlayer()in
01-21 10:50:31.964   166   505 I AwesomePlayer: AwesomePlayer::AwesomePlayer()aftermClient.connect()
01-21 10:50:31.975   166   850 I OMXCodec: --->InstantiateSoftwareCodec create OMX.google.vorbis.decoder codec
01-21 10:50:31.980   166   850 I OMXCodec: Successfully allocated OMX node 'OMX.google.vorbis.decoder'
01-21 10:50:31.988   713   713 W ResourceType: No package identifier when getting value for resource number 0x00000000
01-21 10:50:31.988   713   730 I art     : Background sticky concurrent mark sweep GC freed 4454(315KB) AllocSpace objects, 0(0B) LOS objects, 0% free, 3MB/3MB, paused 13.082ms total 25.121ms
01-21 10:50:32.002   460   475 I art     : Background sticky concurrent mark sweep GC freed 19327(1483KB) AllocSpace objects, 12(192KB) LOS objects, 24% free, 5MB/7MB, paused 17.467ms total 67.020ms
01-21 10:50:32.006   460   460 I ActivityManagerService: Start proc 854:com.android.inputmethod.pinyin/u0a26 for service com.android.inputmethod.pinyin/.PinyinIME
01-21 10:50:32.006   460   460 V InputMethodManagerService: Adding window token: android.os.Binder@3874b1f2
01-21 10:50:32.008   713   713 W PackageManager: Failure retrieving resources for com.royole.bwsettings: Resource ID #0x0
01-21 10:50:32.016   166   843 W AudioCache: Battery track warning: refCount is already 0
01-21 10:50:32.017   166   853 I OMXCodec: mOutputPortSettingsHaveChanged set true
01-21 10:50:32.017   166   505 I OMXCodec: found informat change ComponentName = OMX.google.vorbis.decoder
01-21 10:50:32.018   166   517 I FrameQueueManage: FrameQueueManage::~FrameQueueManage end!
01-21 10:50:32.020   166   166 I AwesomePlayer: AwesomePlayer::AwesomePlayer()in
01-21 10:50:32.020   166   166 I AwesomePlayer: AwesomePlayer::AwesomePlayer()aftermClient.connect()
01-21 10:50:32.020   460   460 D GpsLocationProvider: Reset GPS properties, previous size = 0
01-21 10:50:32.020   460   460 D GpsLocationProvider: GpsParamsResource: SUPL_HOST=supl.google.com
01-21 10:50:32.020   460   460 D GpsLocationProvider: GpsParamsResource: SUPL_PORT=7275
01-21 10:50:32.020   460   460 D GpsLocationProvider: GpsParamsResource: NTP_SERVER=north-america.pool.ntp.org
01-21 10:50:32.020   460   460 D GpsLocationProvider: GpsParamsResource: SUPL_VER=0x20000
01-21 10:50:32.020   460   460 D GpsLocationProvider: GpsParamsResource: SUPL_MODE=1
01-21 10:50:32.021   460   460 W GpsLocationProvider: Could not open GPS configuration file /etc/gps.conf
01-21 10:50:32.021   460   460 D GpsLocationProvider: GPS properties reloaded, size = 5
01-21 10:50:32.021   460   460 E GpsLocationProvider: no AGPS interface in set_agps_server
01-21 10:50:32.028   650   650 D xzj     : false---------------------------ooooooooooo,stop mtp service---------------true
01-21 10:50:32.051   166   872 I OMXCodec: --->InstantiateSoftwareCodec create OMX.google.vorbis.decoder codec
01-21 10:50:32.052   166   872 I OMXCodec: Successfully allocated OMX node 'OMX.google.vorbis.decoder'
01-21 10:50:32.069   166   874 I OMXCodec: mOutputPortSettingsHaveChanged set true
01-21 10:50:32.069   166   166 I OMXCodec: found informat change ComponentName = OMX.google.vorbis.decoder
01-21 10:50:32.085   460   460 I System  : Loaded time zone names for "" in 64ms (54ms in ICU)
01-21 10:50:32.098   166   505 I FrameQueueManage: FrameQueueManage::~FrameQueueManage end!
01-21 10:50:32.101   166   506 I AwesomePlayer: AwesomePlayer::AwesomePlayer()in
01-21 10:50:32.102   166   872 W AudioCache: Battery track warning: refCount is already 0
01-21 10:50:32.103   166   506 I AwesomePlayer: AwesomePlayer::AwesomePlayer()aftermClient.connect()
01-21 10:50:32.113   713   713 W ResourceType: No package identifier when getting value for resource number 0x00000000
01-21 10:50:32.114   713   713 W PackageManager: Failure retrieving resources for com.royole.bwvideoplayer: Resource ID #0x0
01-21 10:50:32.125   166   166 I FrameQueueManage: FrameQueueManage::~FrameQueueManage end!
01-21 10:50:32.127   460   460 I System  : Loaded time zone names for "en_US" in 42ms (39ms in ICU)
01-21 10:50:32.133   166   877 I OMXCodec: --->InstantiateSoftwareCodec create OMX.google.vorbis.decoder codec
01-21 10:50:32.135   166   877 I OMXCodec: Successfully allocated OMX node 'OMX.google.vorbis.decoder'
01-21 10:50:32.156   166   879 I OMXCodec: mOutputPortSettingsHaveChanged set true
01-21 10:50:32.156   166   506 I OMXCodec: found informat change ComponentName = OMX.google.vorbis.decoder
01-21 10:50:32.164   460   460 I System  : Loaded time zone names for "zh_CN" in 37ms (35ms in ICU)
01-21 10:50:32.165   166   506 I FrameQueueManage: FrameQueueManage::~FrameQueueManage end!
01-21 10:50:32.166   460   460 E GpsLocationProvider: no GPS configuration interface in configuraiton_update
01-21 10:50:32.166   460   460 D GpsLocationProvider: final config = #Mon Jan 21 10:50:32 GMT+02:00 2013
01-21 10:50:32.166   460   460 D GpsLocationProvider: SUPL_VER=0x20000
01-21 10:50:32.166   460   460 D GpsLocationProvider: SUPL_HOST=supl.google.com
01-21 10:50:32.166   460   460 D GpsLocationProvider: NTP_SERVER=north-america.pool.ntp.org
01-21 10:50:32.166   460   460 D GpsLocationProvider: SUPL_PORT=7275
01-21 10:50:32.166   460   460 D GpsLocationProvider: SUPL_MODE=1
01-21 10:50:32.167   713   713 W ResourceType: No package identifier when getting value for resource number 0x00000000
01-21 10:50:32.168   166   505 I AwesomePlayer: AwesomePlayer::AwesomePlayer()in
01-21 10:50:32.168   713   713 W PackageManager: Failure retrieving resources for com.royole.bwbrowser: Resource ID #0x0
01-21 10:50:32.173   166   505 I AwesomePlayer: AwesomePlayer::AwesomePlayer()aftermClient.connect()
01-21 10:50:32.194   854   854 D PhoneWindow: DecorView - SCREEN_WEITH = 1920 - SCREE_HEIGHT = 1016
01-21 10:50:32.194   854   854 I PhoneWindow: 0.mStatusBarColor is 0
01-21 10:50:32.194   854   854 I PhoneWindow: 1.mStatusBarColor is 0
01-21 10:50:32.194   854   854 I PhoneWindow: mNavigationBarColor is 0
01-21 10:50:32.196   166   881 I OMXCodec: --->InstantiateSoftwareCodec create OMX.google.vorbis.decoder codec
01-21 10:50:32.197   166   881 I OMXCodec: Successfully allocated OMX node 'OMX.google.vorbis.decoder'
01-21 10:50:32.204   166   883 I OMXCodec: mOutputPortSettingsHaveChanged set true
01-21 10:50:32.204   166   505 I OMXCodec: found informat change ComponentName = OMX.google.vorbis.decoder
01-21 10:50:32.207   854   854 I InputModeSwitcher: switchModeForUserKey : userKey = -1
01-21 10:50:32.207   854   854 I InputModeSwitcher: before: 0
01-21 10:50:32.207   854   854 I InputModeSwitcher: after: 0
01-21 10:50:32.210   854   854 I Environment: ---------------mScreenWidth:1920 mScreenHeight:1016
01-21 10:50:32.227   460   460 W ServiceWatcher: com.google.android.gms not found
01-21 10:50:32.229   460   460 W ServiceWatcher: com.google.android.gms not found
01-21 10:50:32.229   460   460 W LocationManagerService: no network location provider found
01-21 10:50:32.229   460   460 W ServiceWatcher: com.google.android.gms not found
01-21 10:50:32.231   460   460 W ServiceWatcher: com.google.android.gms not found
01-21 10:50:32.231   460   460 E LocationManagerService: no geocoder provider found
01-21 10:50:32.231   460   460 E FlpHardwareProvider: Error hw_get_module 'flp': -2
01-21 10:50:32.231   460   460 E LocationManagerService: FLP HAL not supported
01-21 10:50:32.234   460   460 W ServiceWatcher: com.google.android.gms not found
01-21 10:50:32.235   460   460 E LocationManagerService: Unable to bind FLP Geofence proxy.
01-21 10:50:32.236   460   460 E ActivityRecognitionHardware: Error hw_get_module: -2
01-21 10:50:32.236   460   460 E LocationManagerService: Hardware Activity-Recognition not supported.
01-21 10:50:32.238   854   854 E PinyinDecoderService Test Sort: onCreate
01-21 10:50:32.238   854   854 E PinyinDecoderService Test Sort: user_dict->file/data/data/com.android.inputmethod.pinyin/files/usr_dict.dat
01-21 10:50:32.239   854   854 E PinyinDecoderService Test Sort: getUsrDictFileName: usr_dict: /data/data/com.android.inputmethod.pinyin/files/usr_dict.dat????????????????????????????????????????????????????????????????????????????????
01-21 10:50:32.242   166   505 I FrameQueueManage: FrameQueueManage::~FrameQueueManage end!
01-21 10:50:32.242   460   460 I CommonTimeManagementService: No common time service detected on this platform.  Common time services will be unavailable.
01-21 10:50:32.244   460   460 D PowerManagerService: acquireWakeLockInternal: lock=444789087, flags=0x1, tag="WiredAccessoryManager", ws=null, uid=1000, pid=460
01-21 10:50:32.245   460   460 I MmsServiceBroker: Delay connecting to MmsService until an API is called
01-21 10:50:32.246   460   539 I InputReader: Reconfiguring input devices.  changes=0x00000020
01-21 10:50:32.246   460   460 W VoiceInteractionManagerService: no available voice interaction services found for user 0
01-21 10:50:32.246   460   460 W VoiceInteractionManagerService: no available voice recognition services found for user 0
01-21 10:50:32.248   166   166 I AwesomePlayer: AwesomePlayer::AwesomePlayer()in
01-21 10:50:32.251   854   854 E PinyinDecoderService Test Sort: initPinyinEngine
01-21 10:50:32.254   713   713 W ResourceType: No package identifier when getting value for resource number 0x00000000
01-21 10:50:32.254   713   713 W PackageManager: Failure retrieving resources for com.royole.lezh.pinyinimecandidateservice: Resource ID #0x0
01-21 10:50:32.254   166   166 I AwesomePlayer: AwesomePlayer::AwesomePlayer()aftermClient.connect()
01-21 10:50:32.256   460   539 I InputReader: Reconfiguring input devices.  changes=0x00000010
01-21 10:50:32.272   166   889 I OMXCodec: --->InstantiateSoftwareCodec create OMX.google.vorbis.decoder codec
01-21 10:50:32.273   166   889 I OMXCodec: Successfully allocated OMX node 'OMX.google.vorbis.decoder'
01-21 10:50:32.282   166   891 I OMXCodec: mOutputPortSettingsHaveChanged set true
01-21 10:50:32.282   166   166 I OMXCodec: found informat change ComponentName = OMX.google.vorbis.decoder
01-21 10:50:32.293   460   460 I ActivityManagerService: Start proc 893:com.royole.bwsettings/u0a15 for added application com.royole.bwsettings
01-21 10:50:32.294   166   518 D FFPlayer: [onDisplayEvent]audiotime = 4445693;videotime=4440000;latenessUs=5693;rawpts=4440000
01-21 10:50:32.294   460   460 I ActivityStackSupervisor: START u0 {act=android.intent.action.MAIN cat=[android.intent.category.HOME] flg=0x10000000 cmp=com.royole.bwlauncher/.gallery.GalleryActivity} from uid 0 on display 0
01-21 10:50:32.300   460   460 I System.out: com.royole.bwlauncher.gallery.GalleryActivityaddAppToken taskId:314
01-21 10:50:32.302   460   460 V WindowManagerService: addAppToken: AppWindowToken{1935faae token=Token{279f4729 ActivityRecord{1f425cb0 u0 com.royole.bwlauncher/.gallery.GalleryActivity t314}}} to stack=0 task=314 at 0
01-21 10:50:32.302   166   166 I FrameQueueManage: FrameQueueManage::~FrameQueueManage end!
01-21 10:50:32.303   166   505 I AwesomePlayer: AwesomePlayer::AwesomePlayer()in
01-21 10:50:32.303   166   505 I AwesomePlayer: AwesomePlayer::AwesomePlayer()aftermClient.connect()
01-21 10:50:32.318   166   903 I OMXCodec: --->InstantiateSoftwareCodec create OMX.google.vorbis.decoder codec
01-21 10:50:32.321   166   903 I OMXCodec: Successfully allocated OMX node 'OMX.google.vorbis.decoder'
01-21 10:50:32.325   460   460 I ActivityManagerService: Start proc 910:com.royole.bwlauncher/u0a13 for activity com.royole.bwlauncher/.gallery.GalleryActivity
01-21 10:50:32.327   460   460 I SystemServer: Enabled StrictMode for system server main thread.
01-21 10:50:32.329   460   482 W ActivityManagerService: Unable to start service Intent { cmp=com.android.printspooler/.model.PrintSpoolerService } U=0: not found
01-21 10:50:32.344   166   912 I OMXCodec: mOutputPortSettingsHaveChanged set true
01-21 10:50:32.350   910   910 I art     : Late-enabling -Xcheck:jni
01-21 10:50:32.359   166   505 I FrameQueueManage: FrameQueueManage::~FrameQueueManage end!
01-21 10:50:32.360   166   166 I AwesomePlayer: AwesomePlayer::AwesomePlayer()in
01-21 10:50:32.360   166   166 I AwesomePlayer: AwesomePlayer::AwesomePlayer()aftermClient.connect()
01-21 10:50:32.374   460   460 V ActivityStackSupervisor: Display changed displayId=0
01-21 10:50:32.374   460   460 V ActivityStackSupervisor: Display changed displayId=0
01-21 10:50:32.376   460   460 D WifiScanningService: SCAN_AVAILABLE : 1
01-21 10:50:32.376   460   460 D RttService: SCAN_AVAILABLE : 1
01-21 10:50:32.376   460   570 D WifiScanningService: DefaultState got{ when=0 what=160007 target=com.android.internal.util.StateMachine$SmHandler }
01-21 10:50:32.377   460   571 D RttService: DefaultState got{ when=-2ms what=160513 target=com.android.internal.util.StateMachine$SmHandler }
01-21 10:50:32.384   460   460 V ActivityStackSupervisor: Display changed displayId=0
01-21 10:50:32.385   460   460 I Choreographer: Skipped 72 frames!  The application may be doing too much work on its main thread.
01-21 10:50:32.385   460   460 D ViewRootImpl: onAttachToWindow register content observer attrs=WM.LayoutParams{(0,0)(fillxfill)mPosX=0mPosY=0mHScale=1.0mVScale=1.0 align=UNDEFINE taskId=-1 sim=#10 ty=2029 fl=#1110900 pfl=0x1 fmt=-3 or=5 surfaceInsets=Rect(0, 0 - 0, 0)packageName=androidtoken=null}
01-21 10:50:32.398   460   476 I PhoneWindowManager: we have read mLongPressOnHomeBehavior == 3
01-21 10:50:32.399   460   460 V ActivityStackSupervisor: Display changed displayId=0
01-21 10:50:32.399   460   460 D Tethering: UsbManager.ACTION_USB_STATE: false, false, false
01-21 10:50:32.400   166   937 I OMXCodec: --->InstantiateSoftwareCodec create OMX.google.vorbis.decoder codec
01-21 10:50:32.405   166   937 I OMXCodec: Successfully allocated OMX node 'OMX.google.vorbis.decoder'
01-21 10:50:32.434   460   460 D ZenLog  : downtime: Autotrigger skipped: not in downtime
01-21 10:50:32.442   713   713 D PhoneWindow: DecorView - SCREEN_WEITH = 1920 - SCREE_HEIGHT = 1016
01-21 10:50:32.442   713   713 I PhoneWindow: 0.mStatusBarColor is 0
01-21 10:50:32.442   713   713 I PhoneWindow: 1.mStatusBarColor is 0
01-21 10:50:32.442   713   713 I PhoneWindow: mNavigationBarColor is 0
01-21 10:50:32.445   460   460 W ResourcesManager: Asset path '/system/framework/com.android.location.provider.jar' does not exist or contains no resources.
01-21 10:50:32.450   166   166 I FrameQueueManage: FrameQueueManage::~FrameQueueManage end!
01-21 10:50:32.454   713   713 I RoyoleVolumControlBar: the constructor n is 7
01-21 10:50:32.461   460   460 D GpsNetInitiatedHandler: location enabled :false
01-21 10:50:32.461   460   460 V WiredAccessoryManager: init()
01-21 10:50:32.467   460   460 D PowerManagerService: releaseWakeLockInternal: lock=444789087 [WiredAccessoryManager], flags=0x0
01-21 10:50:32.507   713   713 D VolumeUI: Registering volume controller
01-21 10:50:32.547   910   910 D PhoneWindow: DecorView - SCREEN_WEITH = 1920 - SCREE_HEIGHT = 1016
01-21 10:50:32.547   910   910 I PhoneWindow: 0.mStatusBarColor is 0
01-21 10:50:32.547   910   910 I PhoneWindow: 1.mStatusBarColor is 0
01-21 10:50:32.547   910   910 I PhoneWindow: mNavigationBarColor is 0
01-21 10:50:32.554   460   475 I art     : Background sticky concurrent mark sweep GC freed 17040(1377KB) AllocSpace objects, 0(0B) LOS objects, 16% free, 6MB/7MB, paused 8.113ms total 75.108ms
01-21 10:50:32.573   460   460 W AppWidgetServiceImpl: Failed to read state: java.io.FileNotFoundException: /data/system/users/0/appwidgets.xml: open failed: ENOENT (No such file or directory)
01-21 10:50:32.573   460   460 V AppWidgetServiceImpl: Upgrading widget database from 0 to 1
01-21 10:50:32.575   460   487 D BluetoothManagerService: Message: 300
01-21 10:50:32.575   460   487 D BluetoothManagerService: MESSAGE_USER_SWITCHED
01-21 10:50:32.613   159   936 D PermissionCache: checking android.permission.HARDWARE_TEST for uid=1000 => granted (126 us)
01-21 10:50:32.627   166   502 D AudioHardwareTiny: close device
01-21 10:50:32.627   166   502 D AudioHardwareTiny: start_output_stream
01-21 10:50:32.627   166   502 D AudioHardwareTiny: Device     : 0x80000
01-21 10:50:32.627   166   502 D AudioHardwareTiny: SampleRate : 44100
01-21 10:50:32.627   166   502 D AudioHardwareTiny: Channels   : 2
01-21 10:50:32.628   166   502 D AudioHardwareTiny: Formate    : 0
01-21 10:50:32.628   166   502 D AudioHardwareTiny: PreiodSize : 2048
01-21 10:50:32.653   166   516 E AudioSink: received unknown event type: 1 inside CallbackWrapper !
01-21 10:50:32.665   460   460 V BackupManagerService: Connected to transport ComponentInfo{android/com.android.internal.backup.LocalTransportService}
01-21 10:50:32.665   460   460 V BackupManagerService: Registering transport android/com.android.internal.backup.LocalTransportService::android/com.android.internal.backup.LocalTransport = android.app.backup.BackupTransport$TransportImpl@25c74ad4
01-21 10:50:32.666   713   713 D SystemBars: we will start the statusbar : com.android.systemui.statusbar.phone.PhoneStatusBar
01-21 10:50:32.667   460   460 V ActivityStackSupervisor: Display changed displayId=0
01-21 10:50:32.678   159   198 W gralloc :  Debugmem The fd=49, in vmalloc !!!! Ishwc=0
01-21 10:50:32.696   460   490 D DisplayPowerController: MSG_BUTTON_LIGHTS_TIME_OUT
01-21 10:50:32.697   460   490 E Lights  : write_int failed to open sys/class/leds/rk29_key_led/brightness
01-21 10:50:32.697   460   490 I Lights  : >>> Enter set_keyboard_light
01-21 10:50:32.722   460   527 D PowerManagerService: acquireWakeLockInternal: lock=44016765, flags=0x1, tag="*alarm*", ws=WorkSource{1000}, uid=1000, pid=460
01-21 10:50:32.724   460   496 I StatusBarManagerService: registerStatusBar bar=com.android.internal.statusbar.IStatusBar$Stub$Proxy@37c54f72
01-21 10:50:32.725   713   713 I PhoneStatusBar: createAndAddWindows was called.
01-21 10:50:32.727   166   518 D FFPlayer: onDisplayEvent sync audio nowUs: 4879280, mediaTimeUs: 5144664
01-21 10:50:32.727   166   518 D FFPlayer: [onDisplayEvent]audiotime = 5144664;videotime=4880000;latenessUs=264664;rawpts=4880000
01-21 10:50:32.739   166   518 D FFPlayer: [onDisplayEvent]audiotime = 5156442;videotime=4920000;latenessUs=236442;rawpts=4920000
01-21 10:50:32.755   166   518 D FFPlayer: [onDisplayEvent]audiotime = 5172790;videotime=4960000;latenessUs=212790;rawpts=4960000
01-21 10:50:32.772   166   518 D FFPlayer: [onDisplayEvent]audiotime = 5189085;videotime=5000000;latenessUs=189085;rawpts=5000000
01-21 10:50:32.775   910   930 I art     : Background sticky concurrent mark sweep GC freed 1831(101KB) AllocSpace objects, 0(0B) LOS objects, 0% free, 9MB/9MB, paused 13.062ms total 35.096ms
01-21 10:50:32.790   166   518 D FFPlayer: [onDisplayEvent]audiotime = 5207293;videotime=5040000;latenessUs=167293;rawpts=5040000
01-21 10:50:32.803   166   518 D FFPlayer: [onDisplayEvent]audiotime = 5220483;videotime=5080000;latenessUs=140483;rawpts=5080000
01-21 10:50:32.822   166   518 D FFPlayer: [onDisplayEvent]audiotime = 5238903;videotime=5120000;latenessUs=118903;rawpts=5120000
01-21 10:50:32.846   166   518 D FFPlayer: [onDisplayEvent]audiotime = 5263620;videotime=5160000;latenessUs=103620;rawpts=5160000
01-21 10:50:32.861   166   518 D FFPlayer: [onDisplayEvent]audiotime = 5278098;videotime=5200000;latenessUs=78098;rawpts=5200000
01-21 10:50:32.875   166   518 D FFPlayer: [onDisplayEvent]audiotime = 5292778;videotime=5240000;latenessUs=52778;rawpts=5240000
01-21 10:50:32.887   166   518 D FFPlayer: [onDisplayEvent]audiotime = 5304439;videotime=5280000;latenessUs=24439;rawpts=5280000
01-21 10:50:32.901   713   730 I art     : Background partial concurrent mark sweep GC freed 1691(157KB) AllocSpace objects, 0(0B) LOS objects, 40% free, 9MB/16MB, paused 3.570ms total 102.603ms
01-21 10:50:32.929   166   518 D FFPlayer: [onDisplayEvent]audiotime = 5346680;videotime=5320000;latenessUs=26680;rawpts=5320000
01-21 10:50:32.948   166   518 D FFPlayer: [onDisplayEvent]audiotime = 5365044;videotime=5360000;latenessUs=5044;rawpts=5360000
01-21 10:50:32.950   910   930 I art     : Background partial concurrent mark sweep GC freed 135(45KB) AllocSpace objects, 0(0B) LOS objects, 40% free, 9MB/16MB, paused 5.056ms total 30.804ms
01-21 10:50:33.070   166   518 D FFPlayer: [onDisplayEvent]audiotime = 5487098;videotime=5480000;latenessUs=7098;rawpts=5480000
01-21 10:50:33.076   460   544 D PowerManagerService: acquireWakeLockInternal: lock=783813242, flags=0x1, tag="NetworkStats", ws=null, uid=1000, pid=460
01-21 10:50:33.095   460   544 D PowerManagerService: releaseWakeLockInternal: lock=783813242 [NetworkStats], flags=0x0
01-21 10:50:33.114   460   475 W art     : Suspending all threads took: 14.335ms
01-21 10:50:33.137   460   475 I art     : Background sticky concurrent mark sweep GC freed 10825(1127KB) AllocSpace objects, 2(31KB) LOS objects, 13% free, 6MB/7MB, paused 17.679ms total 96.455ms
01-21 10:50:33.140   910   968 D OpenGLRenderer: Use EGL_SWAP_BEHAVIOR_PRESERVED: true
01-21 10:50:33.147   910   910 D Atlas   : Validating map...
01-21 10:50:33.147   910   910 W Atlas   : Pointer 0x0, not in getPreloadedDrawables?
01-21 10:50:33.147   910   910 W Atlas   : Pointer 0x0, not in getPreloadedDrawables?
01-21 10:50:33.154   460   706 V WindowManagerService: Based on layer: Adding window Window{28ac5446 u0 com.royole.bwlauncher/com.royole.bwlauncher.gallery.GalleryActivity} at 0 of 1
01-21 10:50:33.162   460   460 D PowerManagerService: releaseWakeLockInternal: lock=44016765 [*alarm*], flags=0x0
01-21 10:50:33.175   460   961 W art     : Long monitor contention event with owner method=void java.lang.ThreadGroup.removeThread(java.lang.Thread) from ThreadGroup.java:716 waiters=0 for 136ms
01-21 10:50:33.247   910   910 W System.err: android.content.pm.PackageManager$NameNotFoundException: com.royole.bwmultiscreen
01-21 10:50:33.248   910   910 W System.err: 	at android.app.ApplicationPackageManager.getPackageInfo(ApplicationPackageManager.java:115)
01-21 10:50:33.248   910   910 W System.err: 	at com.royole.bwlauncher.data.LauncherModel.initInnerAppIntent(LauncherModel.java:271)
01-21 10:50:33.248   910   910 W System.err: 	at com.royole.bwlauncher.data.LauncherModel.getInnerAppList(LauncherModel.java:254)
01-21 10:50:33.248   910   910 W System.err: 	at com.royole.bwlauncher.data.LauncherModel.getResultInfo(LauncherModel.java:96)
01-21 10:50:33.248   910   910 W System.err: 	at com.royole.bwlauncher.data.LauncherModel.access$000(LauncherModel.java:27)
01-21 10:50:33.248   910   910 W System.err: 	at com.royole.bwlauncher.data.LauncherModel$Task.onPostExecute(LauncherModel.java:83)
01-21 10:50:33.248   910   910 W System.err: 	at com.royole.bwlauncher.data.LauncherModel$Task.onPostExecute(LauncherModel.java:61)
01-21 10:50:33.248   910   910 W System.err: 	at android.os.AsyncTask.finish(AsyncTask.java:636)
01-21 10:50:33.248   910   910 W System.err: 	at android.os.AsyncTask.access$500(AsyncTask.java:177)
01-21 10:50:33.248   910   910 W System.err: 	at android.os.AsyncTask$InternalHandler.handleMessage(AsyncTask.java:653)
01-21 10:50:33.248   910   910 W System.err: 	at android.os.Handler.dispatchMessage(Handler.java:102)
01-21 10:50:33.248   910   910 W System.err: 	at android.os.Looper.loop(Looper.java:135)
01-21 10:50:33.248   910   910 W System.err: 	at android.app.ActivityThread.main(ActivityThread.java:5280)
01-21 10:50:33.248   910   910 W System.err: 	at java.lang.reflect.Method.invoke(Native Method)
01-21 10:50:33.248   910   910 W System.err: 	at java.lang.reflect.Method.invoke(Method.java:372)
01-21 10:50:33.248   910   910 W System.err: 	at com.android.internal.os.ZygoteInit$MethodAndArgsCaller.run(ZygoteInit.java:963)
01-21 10:50:33.248   910   910 W System.err: 	at com.android.internal.os.ZygoteInit.main(ZygoteInit.java:758)
01-21 10:50:33.262   910   910 E LauncherApplication: get_hdmiin_state=0
01-21 10:50:33.268   910   910 W ResourceType: No package identifier when getting value for resource number 0x00000000
01-21 10:50:33.268   910   910 W PackageManager: Failure retrieving resources for com.android.settings: Resource ID #0x0
01-21 10:50:33.279   910   910 W ResourceType: No package identifier when getting value for resource number 0x00000000
01-21 10:50:33.279   910   910 W PackageManager: Failure retrieving resources for com.royole.bwaudioplayer: Resource ID #0x0
01-21 10:50:33.299   910   910 W ResourceType: No package identifier when getting value for resource number 0x00000000
01-21 10:50:33.299   910   910 W PackageManager: Failure retrieving resources for com.royole.bwbrowser: Resource ID #0x0
01-21 10:50:33.322   910   910 W ResourceType: No package identifier when getting value for resource number 0x00000000
01-21 10:50:33.322   910   910 W PackageManager: Failure retrieving resources for com.royole.fileexplorer: Resource ID #0x0
01-21 10:50:33.342   910   910 W ResourceType: No package identifier when getting value for resource number 0x00000000
01-21 10:50:33.342   910   910 W PackageManager: Failure retrieving resources for com.royole.bwpictureplayer: Resource ID #0x0
01-21 10:50:33.358   910   910 W ResourceType: No package identifier when getting value for resource number 0x00000000
01-21 10:50:33.359   910   910 W PackageManager: Failure retrieving resources for com.royole.bwsettings: Resource ID #0x0
01-21 10:50:33.380   910   910 W ResourceType: No package identifier when getting value for resource number 0x00000000
01-21 10:50:33.380   910   910 W PackageManager: Failure retrieving resources for com.royole.bwvideoplayer: Resource ID #0x0
01-21 10:50:33.391   910   910 W ResourceType: No package identifier when getting value for resource number 0x00000000
01-21 10:50:33.391   910   910 W PackageManager: Failure retrieving resources for com.android.providers.downloads.ui: Resource ID #0x0
01-21 10:50:33.398   910   910 W ResourceType: No package identifier when getting value for resource number 0x00000000
01-21 10:50:33.399   910   910 W PackageManager: Failure retrieving resources for com.android.apkinstaller: Resource ID #0x0
01-21 10:50:33.409   910   910 W ResourceType: No package identifier when getting value for resource number 0x00000000
01-21 10:50:33.409   910   910 W PackageManager: Failure retrieving resources for com.android.rockchip: Resource ID #0x0
01-21 10:50:33.422   910   910 W ResourceType: No package identifier when getting value for resource number 0x00000000
01-21 10:50:33.422   910   910 W PackageManager: Failure retrieving resources for com.rk_itvui.settings: Resource ID #0x0
01-21 10:50:33.429   910   910 W ResourceType: No package identifier when getting value for resource number 0x00000000
01-21 10:50:33.429   910   910 W PackageManager: Failure retrieving resources for com.dangbeimarket: Resource ID #0x0
01-21 10:50:33.438   910   910 W ResourceType: No package identifier when getting value for resource number 0x00000000
01-21 10:50:33.438   910   910 W PackageManager: Failure retrieving resources for com.gitvvideo: Resource ID #0x0
01-21 10:50:33.451   910   910 W ResourceType: No package identifier when getting value for resource number 0x00000000
01-21 10:50:33.451   910   910 W PackageManager: Failure retrieving resources for com.cibn.tv: Resource ID #0x0
01-21 10:50:33.457   910   910 W ResourceType: No package identifier when getting value for resource number 0x00000000
01-21 10:50:33.457   910   910 W PackageManager: Failure retrieving resources for com.royole.lezh.pinyinimecandidateservice: Resource ID #0x0
01-21 10:50:33.468   910   910 D ViewRootImpl: onAttachToWindow register content observer attrs=WM.LayoutParams{(0,0)(fillxfill)mPosX=0mPosY=0mHScale=1.0mVScale=1.0 align=UNDEFINE taskId=314 sim=#100 ty=1 fl=#81810100 wanim=0x1030001 vsysui=0x700 surfaceInsets=Rect(0, 0 - 0, 0) needsMenuKey=2packageName=com.royole.bwlaunchertoken=android.os.BinderProxy@bdf21ac}
01-21 10:50:33.622   713   713 D HSbar   : app_bar_item_size=(106,106)
01-21 10:50:33.635   713   713 W ResourceType: No package identifier when getting value for resource number 0x00000000
01-21 10:50:33.635   713   713 W PackageManager: Failure retrieving resources for com.android.providers.media: Resource ID #0x0
01-21 10:50:33.638   713   713 W ResourceType: No package identifier when getting value for resource number 0x00000000
01-21 10:50:33.638   713   713 W PackageManager: Failure retrieving resources for com.android.documentsui: Resource ID #0x0
01-21 10:50:33.639   713   713 W ResourceType: No package identifier when getting value for resource number 0x00000000
01-21 10:50:33.639   713   713 W PackageManager: Failure retrieving resources for com.android.externalstorage: Resource ID #0x0
01-21 10:50:33.650   713   713 W ResourceType: No package identifier when getting value for resource number 0x00000000
01-21 10:50:33.650   910   968 I mali_so : [File] : hardware/arm/maliT760/driver/product/base/src/mali_base_kbase.c; [Line] : 780; [Func] : base_context_deal_with_version_affairs_rk_ext;
01-21 10:50:33.650   910   968 I mali_so : arm_release_ver of this mali_so is 'r6p0-02rel0', rk_so_ver is '11@0', built at '17:59:04', on 'Aug 12 2015'.
01-21 10:50:33.650   910   968 I mali_so : [File] : hardware/arm/maliT760/driver/product/base/src/mali_base_kbase.c; [Line] : 807; [Func] : base_context_deal_with_version_affairs_rk_ext;
01-21 10:50:33.650   910   968 I mali_so : mali_ver_property has been set to 'r6p0-02rel0-13-11@0', to return.
01-21 10:50:33.650   713   713 W PackageManager: Failure retrieving resources for com.android.defcontainer: Resource ID #0x0
01-21 10:50:33.652   910   968 I OpenGLRenderer: Initialized EGL, version 1.4
01-21 10:50:33.663   910   968 D OpenGLRenderer: Enabling debug mode 0
01-21 10:50:33.677   159   936 W gralloc :  Debugmem The fd=56, in vmalloc !!!! Ishwc=0
01-21 10:50:33.685   159   936 W gralloc :  Debugmem The fd=58, in vmalloc !!!! Ishwc=0
01-21 10:50:33.693   159   936 W gralloc :  Debugmem The fd=60, in vmalloc !!!! Ishwc=0
01-21 10:50:33.699   713   713 W ResourceType: No package identifier when getting value for resource number 0x00000000
01-21 10:50:33.699   713   713 W PackageManager: Failure retrieving resources for com.android.pacprocessor: Resource ID #0x0
01-21 10:50:33.701   713   713 W ResourceType: No package identifier when getting value for resource number 0x00000000
01-21 10:50:33.701   713   713 W PackageManager: Failure retrieving resources for com.android.certinstaller: Resource ID #0x0
01-21 10:50:33.727   713   713 W ResourceType: No package identifier when getting value for resource number 0x00000000
01-21 10:50:33.727   713   713 W PackageManager: Failure retrieving resources for com.android.backupconfirm: Resource ID #0x0
01-21 10:50:33.808   166   518 D FFPlayer: [onDisplayEvent]audiotime = 6225833;videotime=6200000;latenessUs=25833;rawpts=6200000
01-21 10:50:33.810   713   713 W ResourceType: No package identifier when getting value for resource number 0x00000000
01-21 10:50:33.810   713   713 W PackageManager: Failure retrieving resources for com.android.provision: Resource ID #0x0
01-21 10:50:33.826   854   854 D PinyinIME: onStartInput
01-21 10:50:33.826   854   854 D InputModeSwitcher: requestInputWithHkb
01-21 10:50:33.884   460   488 I ActivityManagerService: Displayed com.royole.bwlauncher/.gallery.GalleryActivity: +1s580ms
01-21 10:50:33.885   460   483 V KeyguardServiceDelegate: *** Keyguard: can't bind to com.android.systemui.keyguard.KeyguardService
01-21 10:50:33.886   460   483 W KeyguardServiceDelegate: onScreenTurnedOn(): no keyguard service!
01-21 10:50:33.895   460   460 D WindowManagerService: Window{28ac5446 u0 com.royole.bwlauncher/com.royole.bwlauncher.gallery.GalleryActivity}  ==========setInputFocusLw ==========  =======
01-21 10:50:33.900   460   460 V Sensors : int poll__activate(sensors_poll_device_t*, int, int)
01-21 10:50:33.900   460   460 V Sensors : int sensors_poll_context_t::activate(int, int)
01-21 10:50:33.900   460   460 V Sensors : enable - sensor Accelerometer (handle 4) dis -> en
01-21 10:50:33.900   460   460 E Sensors : MPU is not available
01-21 10:50:33.900   460   460 V Sensors : int poll__setDelay(sensors_poll_device_t*, int, int64_t)
01-21 10:50:33.900   460   460 V Sensors : int sensors_poll_context_t::setDelay(int, int64_t)
01-21 10:50:33.900   460   460 V Sensors : setDelay - sensor Accelerometer (handle 4), rate 66 ms (15.00 Hz)
