01-21 16:29:04.243   713   713 D BatteryController: mBatteryPercentageView == null
01-21 16:29:16.274   713   713 D BatteryController: mBatteryPercentageView == null
01-21 16:29:20.284   713   713 D BatteryController: mBatteryPercentageView == null
01-21 16:29:32.313   713   713 D BatteryController: mBatteryPercentageView == null
01-21 16:30:00.001   460   527 D PowerManagerService: acquireWakeLockInternal: lock=44016765, flags=0x40000001, tag="*alarm*", ws=WorkSource{1000}, uid=1000, pid=460
01-21 16:30:00.027   460   460 D PowerManagerService: releaseWakeLockInternal: lock=44016765 [*alarm*], flags=0x0
01-21 16:30:00.385   713   713 D BatteryController: mBatteryPercentageView == null
01-21 16:30:20.433   713   713 D BatteryController: mBatteryPercentageView == null
01-21 16:30:24.443   713   713 D BatteryController: mBatteryPercentageView == null
01-21 16:30:28.452   713   713 D BatteryController: mBatteryPercentageView == null
01-21 16:30:29.273   713   713 D BatteryController: mBatteryPercentageView == null
01-21 16:30:36.473   713   713 D BatteryController: mBatteryPercentageView == null
01-21 16:30:48.505   713   713 D BatteryController: mBatteryPercentageView == null
01-21 16:31:00.000   460   527 D PowerManagerService: acquireWakeLockInternal: lock=44016765, flags=0x40000001, tag="*alarm*", ws=WorkSource{1000}, uid=1000, pid=460
01-21 16:31:00.022   460   460 D PowerManagerService: releaseWakeLockInternal: lock=44016765 [*alarm*], flags=0x0
01-21 16:31:04.543   713   713 D BatteryController: mBatteryPercentageView == null
01-21 16:31:12.563   713   713 D BatteryController: mBatteryPercentageView == null
01-21 16:31:36.625   713   713 D BatteryController: mBatteryPercentageView == null
01-21 16:31:40.634   713   713 D BatteryController: mBatteryPercentageView == null
01-21 16:31:44.642   713   713 D BatteryController: mBatteryPercentageView == null
01-21 16:31:52.662   713   713 D BatteryController: mBatteryPercentageView == null
01-21 16:32:00.001   460   527 D PowerManagerService: acquireWakeLockInternal: lock=44016765, flags=0x40000001, tag="*alarm*", ws=WorkSource{1000}, uid=1000, pid=460
01-21 16:32:00.029   460   460 D PowerManagerService: releaseWakeLockInternal: lock=44016765 [*alarm*], flags=0x0
01-21 16:32:00.684   713   713 D BatteryController: mBatteryPercentageView == null
01-21 16:32:04.692   713   713 D BatteryController: mBatteryPercentageView == null
01-21 16:32:16.726   713   713 D BatteryController: mBatteryPercentageView == null
01-21 16:32:32.011   460   527 D PowerManagerService: acquireWakeLockInternal: lock=44016765, flags=0x1, tag="*alarm*", ws=WorkSource{1000}, uid=1000, pid=460
01-21 16:32:32.013   460   460 D PowerManagerService: releaseWakeLockInternal: lock=44016765 [*alarm*], flags=0x0
01-21 16:32:36.772   713   713 D BatteryController: mBatteryPercentageView == null
01-21 16:32:44.792   713   713 D BatteryController: mBatteryPercentageView == null
01-21 16:32:52.814   713   713 D BatteryController: mBatteryPercentageView == null
01-21 16:32:56.825   713   713 D BatteryController: mBatteryPercentageView == null
01-21 16:33:00.001   460   527 D PowerManagerService: acquireWakeLockInternal: lock=44016765, flags=0x40000001, tag="*alarm*", ws=WorkSource{1000}, uid=1000, pid=460
01-21 16:33:00.026   460   460 D PowerManagerService: releaseWakeLockInternal: lock=44016765 [*alarm*], flags=0x0
01-21 16:33:16.872   713   713 D BatteryController: mBatteryPercentageView == null
01-21 16:33:28.902   713   713 D BatteryController: mBatteryPercentageView == null
01-21 16:33:44.943   713   713 D BatteryController: mBatteryPercentageView == null
01-21 16:33:56.973   713   713 D BatteryController: mBatteryPercentageView == null
01-21 16:34:00.001   460   527 D PowerManagerService: acquireWakeLockInternal: lock=44016765, flags=0x40000001, tag="*alarm*", ws=WorkSource{1000}, uid=1000, pid=460
01-21 16:34:00.005   460   483 I ProcessStatsService: Prepared write state in 1ms
01-21 16:34:00.031   460   460 D PowerManagerService: releaseWakeLockInternal: lock=44016765 [*alarm*], flags=0x0
01-21 16:34:00.982   713   713 D BatteryController: mBatteryPercentageView == null
01-21 16:34:13.012   713   713 D BatteryController: mBatteryPercentageView == null
01-21 16:34:17.024   713   713 D BatteryController: mBatteryPercentageView == null
01-21 16:34:21.034   713   713 D BatteryController: mBatteryPercentageView == null
01-21 16:34:25.046   713   713 D BatteryController: mBatteryPercentageView == null
01-21 16:34:29.053   713   713 D BatteryController: mBatteryPercentageView == null
01-21 16:34:37.073   713   713 D BatteryController: mBatteryPercentageView == null
01-21 16:34:45.092   713   713 D BatteryController: mBatteryPercentageView == null
01-21 16:34:53.113   713   713 D BatteryController: mBatteryPercentageView == null
01-21 16:35:00.001   460   527 D PowerManagerService: acquireWakeLockInternal: lock=44016765, flags=0x40000001, tag="*alarm*", ws=WorkSource{1000}, uid=1000, pid=460
01-21 16:35:00.029   460   460 D PowerManagerService: releaseWakeLockInternal: lock=44016765 [*alarm*], flags=0x0
01-21 16:35:01.133   713   713 D BatteryController: mBatteryPercentageView == null
01-21 16:35:09.153   713   713 D BatteryController: mBatteryPercentageView == null
01-21 16:35:29.202   713   713 D BatteryController: mBatteryPercentageView == null
01-21 16:36:00.001   460   527 D PowerManagerService: acquireWakeLockInternal: lock=44016765, flags=0x40000001, tag="*alarm*", ws=WorkSource{1000}, uid=1000, pid=460
01-21 16:36:00.028   460   460 D PowerManagerService: releaseWakeLockInternal: lock=44016765 [*alarm*], flags=0x0
01-21 16:36:09.303   713   713 D BatteryController: mBatteryPercentageView == null
01-21 16:36:13.312   713   713 D BatteryController: mBatteryPercentageView == null
01-21 16:36:17.322   713   713 D BatteryController: mBatteryPercentageView == null
01-21 16:36:21.336   713   713 D BatteryController: mBatteryPercentageView == null
01-21 16:36:22.307   460   640 E Lights  : write_int failed to open /sys/class/backlight/rk28_bl/brightness
01-21 16:36:22.323   460   640 E Lights  : write_int failed to open /sys/class/backlight/rk28_bl/brightness
01-21 16:36:22.340   460   640 E Lights  : write_int failed to open /sys/class/backlight/rk28_bl/brightness
01-21 16:36:22.356   460   640 E Lights  : write_int failed to open /sys/class/backlight/rk28_bl/brightness
01-21 16:36:22.373   460   640 E Lights  : write_int failed to open /sys/class/backlight/rk28_bl/brightness
01-21 16:36:22.389   460   640 E Lights  : write_int failed to open /sys/class/backlight/rk28_bl/brightness
01-21 16:36:22.406   460   640 E Lights  : write_int failed to open /sys/class/backlight/rk28_bl/brightness
01-21 16:36:22.424   460   640 E Lights  : write_int failed to open /sys/class/backlight/rk28_bl/brightness
01-21 16:36:22.440   460   640 E Lights  : write_int failed to open /sys/class/backlight/rk28_bl/brightness
01-21 16:36:22.457   460   640 E Lights  : write_int failed to open /sys/class/backlight/rk28_bl/brightness
01-21 16:36:22.473   460   640 E Lights  : write_int failed to open /sys/class/backlight/rk28_bl/brightness
01-21 16:36:22.490   460   640 E Lights  : write_int failed to open /sys/class/backlight/rk28_bl/brightness
01-21 16:36:22.506   460   640 E Lights  : write_int failed to open /sys/class/backlight/rk28_bl/brightness
01-21 16:36:22.524   460   640 E Lights  : write_int failed to open /sys/class/backlight/rk28_bl/brightness
01-21 16:36:22.540   460   640 E Lights  : write_int failed to open /sys/class/backlight/rk28_bl/brightness
01-21 16:36:22.557   460   640 E Lights  : write_int failed to open /sys/class/backlight/rk28_bl/brightness
01-21 16:36:22.573   460   640 E Lights  : write_int failed to open /sys/class/backlight/rk28_bl/brightness
01-21 16:36:22.590   460   640 E Lights  : write_int failed to open /sys/class/backlight/rk28_bl/brightness
01-21 16:36:22.606   460   640 E Lights  : write_int failed to open /sys/class/backlight/rk28_bl/brightness
01-21 16:36:22.623   460   640 E Lights  : write_int failed to open /sys/class/backlight/rk28_bl/brightness
01-21 16:36:22.640   460   640 E Lights  : write_int failed to open /sys/class/backlight/rk28_bl/brightness
01-21 16:36:22.657   460   640 E Lights  : write_int failed to open /sys/class/backlight/rk28_bl/brightness
01-21 16:36:22.673   460   640 E Lights  : write_int failed to open /sys/class/backlight/rk28_bl/brightness
01-21 16:36:22.690   460   640 E Lights  : write_int failed to open /sys/class/backlight/rk28_bl/brightness
01-21 16:36:22.706   460   640 E Lights  : write_int failed to open /sys/class/backlight/rk28_bl/brightness
01-21 16:36:22.723   460   640 E Lights  : write_int failed to open /sys/class/backlight/rk28_bl/brightness
01-21 16:36:22.741   460   640 E Lights  : write_int failed to open /sys/class/backlight/rk28_bl/brightness
01-21 16:36:22.757   460   640 E Lights  : write_int failed to open /sys/class/backlight/rk28_bl/brightness
01-21 16:36:22.773   460   640 E Lights  : write_int failed to open /sys/class/backlight/rk28_bl/brightness
01-21 16:36:22.790   460   640 E Lights  : write_int failed to open /sys/class/backlight/rk28_bl/brightness
01-21 16:36:22.806   460   640 E Lights  : write_int failed to open /sys/class/backlight/rk28_bl/brightness
01-21 16:36:22.823   460   640 E Lights  : write_int failed to open /sys/class/backlight/rk28_bl/brightness
01-21 16:36:22.840   460   640 E Lights  : write_int failed to open /sys/class/backlight/rk28_bl/brightness
01-21 16:36:22.857   460   640 E Lights  : write_int failed to open /sys/class/backlight/rk28_bl/brightness
01-21 16:36:22.873   460   640 E Lights  : write_int failed to open /sys/class/backlight/rk28_bl/brightness
01-21 16:36:22.890   460   640 E Lights  : write_int failed to open /sys/class/backlight/rk28_bl/brightness
01-21 16:36:22.906   460   640 E Lights  : write_int failed to open /sys/class/backlight/rk28_bl/brightness
01-21 16:36:22.923   460   640 E Lights  : write_int failed to open /sys/class/backlight/rk28_bl/brightness
01-21 16:36:22.940   460   640 E Lights  : write_int failed to open /sys/class/backlight/rk28_bl/brightness
01-21 16:36:22.957   460   640 E Lights  : write_int failed to open /sys/class/backlight/rk28_bl/brightness
01-21 16:36:22.973   460   640 E Lights  : write_int failed to open /sys/class/backlight/rk28_bl/brightness
01-21 16:36:22.990   460   640 E Lights  : write_int failed to open /sys/class/backlight/rk28_bl/brightness
01-21 16:36:23.006   460   640 E Lights  : write_int failed to open /sys/class/backlight/rk28_bl/brightness
01-21 16:36:23.023   460   640 E Lights  : write_int failed to open /sys/class/backlight/rk28_bl/brightness
01-21 16:36:23.040   460   640 E Lights  : write_int failed to open /sys/class/backlight/rk28_bl/brightness
01-21 16:36:23.057   460   640 E Lights  : write_int failed to open /sys/class/backlight/rk28_bl/brightness
01-21 16:36:23.073   460   640 E Lights  : write_int failed to open /sys/class/backlight/rk28_bl/brightness
01-21 16:36:23.090   460   640 E Lights  : write_int failed to open /sys/class/backlight/rk28_bl/brightness
01-21 16:36:23.106   460   640 E Lights  : write_int failed to open /sys/class/backlight/rk28_bl/brightness
01-21 16:36:23.123   460   640 E Lights  : write_int failed to open /sys/class/backlight/rk28_bl/brightness
01-21 16:36:23.140   460   640 E Lights  : write_int failed to open /sys/class/backlight/rk28_bl/brightness
01-21 16:36:23.157   460   640 E Lights  : write_int failed to open /sys/class/backlight/rk28_bl/brightness
01-21 16:36:23.173   460   640 E Lights  : write_int failed to open /sys/class/backlight/rk28_bl/brightness
01-21 16:36:23.190   460   640 E Lights  : write_int failed to open /sys/class/backlight/rk28_bl/brightness
01-21 16:36:23.206   460   640 E Lights  : write_int failed to open /sys/class/backlight/rk28_bl/brightness
01-21 16:36:23.223   460   640 E Lights  : write_int failed to open /sys/class/backlight/rk28_bl/brightness
01-21 16:36:23.240   460   640 E Lights  : write_int failed to open /sys/class/backlight/rk28_bl/brightness
01-21 16:36:23.257   460   640 E Lights  : write_int failed to open /sys/class/backlight/rk28_bl/brightness
01-21 16:36:23.273   460   640 E Lights  : write_int failed to open /sys/class/backlight/rk28_bl/brightness
01-21 16:36:23.290   460   640 E Lights  : write_int failed to open /sys/class/backlight/rk28_bl/brightness
01-21 16:36:25.344   713   713 D BatteryController: mBatteryPercentageView == null
01-21 16:36:29.292   460   490 I PowerManagerService: Going to sleep due to screen timeout (uid 1000)...
01-21 16:36:29.293   460   460 V Sensors : int poll__activate(sensors_poll_device_t*, int, int)
01-21 16:36:29.293   460   460 V Sensors : int sensors_poll_context_t::activate(int, int)
01-21 16:36:29.293   460   460 V Sensors : enable - sensor Accelerometer (handle 4) en -> dis
01-21 16:36:29.293   460   490 I PowerManagerService: Sleeping (uid 1000)...
01-21 16:36:29.293   460   460 E Sensors : MPU is not available
01-21 16:36:29.293   460   460 E Sensors : MPU is not available
01-21 16:36:29.297   460   460 E WifiStateMachine: ACTION_SCREEN_OFF...
01-21 16:36:29.299   460   547 D PowerManagerService: acquireWakeLockInternal: lock=268232782, flags=0x1, tag="WifiSuspend", ws=null, uid=1000, pid=460
01-21 16:36:29.300   460   547 E WifiStateMachine: cancelDelayedScan -> 4
01-21 16:36:29.300   460   547 D WifiStateMachine: backgroundScan enabled=false startBackgroundScanIfNeeded:false
01-21 16:36:29.300   460   547 E WifiStateMachine: handleScreenStateChanged Exit: false
01-21 16:36:29.302   854   854 D PinyinIME: onStartInput
01-21 16:36:29.302   854   854 D InputModeSwitcher: requestInputWithHkb
01-21 16:36:29.303   460   547 D PowerManagerService: releaseWakeLockInternal: lock=268232782 [WifiSuspend], flags=0x0
01-21 16:36:29.309   460   547 E WifiStateMachine: setSuspendOptimizations: 4 true
01-21 16:36:29.309   460   547 E WifiStateMachine: mSuspendOptNeedsDisabled 0
01-21 16:36:29.318   159   936 W gralloc :  Debugmem The fd=86, in vmalloc !!!! Ishwc=0
01-21 16:36:29.352   159   960 W gralloc :  Debugmem The fd=54, in vmalloc !!!! Ishwc=0
01-21 16:36:29.366   159   200 W gralloc :  Debugmem The fd=86, in vmalloc !!!! Ishwc=0
01-21 16:36:29.389   159   346 W gralloc :  Debugmem The fd=69, in vmalloc !!!! Ishwc=0
01-21 16:36:29.457   713   713 D EyeProtectTip: mScreenIntentReceiver action = android.intent.action.SCREEN_OFF
01-21 16:36:29.838   460   490 D DisplayPowerController: screen off, so turn off btn && keyboard lights
01-21 16:36:29.838   460   640 E Lights  : write_int failed to open /sys/class/backlight/rk28_bl/brightness
01-21 16:36:29.841   460   488 I DisplayManagerService: Display device changed: DisplayDeviceInfo{"???????¡À????": uniqueId="local:0", 1920 x 1080, 60.000004 fps, supportedRefreshRates [60.000004], density 213, 159.89508 x 160.42105 dpi, appVsyncOff 0, presDeadline 17666666, touch INTERNAL, rotation 0, type BUILT_IN, state OFF, FLAG_DEFAULT_DISPLAY, FLAG_ROTATES_WITH_CONTENT, FLAG_SECURE, FLAG_SUPPORTS_PROTECTED_BUFFERS}
01-21 16:36:29.842   460   488 I DisplayManagerService: Display device changed: DisplayDeviceInfo{"HDMI ?¡À????": uniqueId="local:1", 1920 x 1080, 60002.4 fps, supportedRefreshRates [60002.4], density 320, 320.0 x 320.0 dpi, appVsyncOff 0, presDeadline 1016666, touch EXTERNAL, rotation 0, type HDMI, state OFF, FLAG_SECURE, FLAG_SUPPORTS_PROTECTED_BUFFERS, FLAG_PRESENTATION}
01-21 16:36:29.843   460   460 V ActivityStackSupervisor: Display changed displayId=2
01-21 16:36:29.843   159   159 D SurfaceFlinger: Set power mode=0, type=0 flinger=0xb8a55550
01-21 16:36:29.843   159   159 I hwcomposer: hwc_blank dpy[0],blank[1]
01-21 16:36:29.845   460   460 V ActivityStackSupervisor: Display changed displayId=0
01-21 16:36:30.145   159   307 I hwcomposer: remove hotplug device [7625,0,6]
01-21 16:36:30.145   159   307 I hwcomposer: uevent receive!hdmistate=1,type=6,flag=0,line=103
01-21 16:36:30.146   166   501 D audio_hdmi_monitor: audio hardware hdmi hotplug event
01-21 16:36:30.147   157   184 W DisplayD: iface id HDMI screen is 0
01-21 16:36:30.147   157   184 D Displaymanager: [setHDMIDisable] display 0
01-21 16:36:30.147   157   184 I Displaymanager: updatesinkaudioinfo: 0xb758b150
01-21 16:36:30.148   157   184 I Displaymanager: BUF: 
01-21 16:36:30.148   157   184 I Displaymanager: 
01-21 16:36:30.149   157   184 W DisplayD: Send msg Iface removed HDMI
01-21 16:36:30.150   460   460 V ActivityStackSupervisor: Display changed displayId=0
01-21 16:36:30.150   460   528 I PhoneWindowManager: we have read mLongPressOnHomeBehavior == 3
01-21 16:36:30.174   460   640 D SurfaceControl: Excessive delay in setPowerMode(): 334ms
01-21 16:36:30.174   159   159 W SurfaceFlinger: WARNING: disp 1: connected, non-null list, layers=2
01-21 16:36:30.177   159   159 D SurfaceFlinger: Set power mode=0, type=1 flinger=0xb8a55550
01-21 16:36:30.177   159   159 I hwcomposer: hwc_blank dpy[1],blank[1]
01-21 16:36:30.178   460   488 I DisplayManagerService: Display device removed: DisplayDeviceInfo{"HDMI ?¡À????": uniqueId="local:1", 1920 x 1080, 60002.4 fps, supportedRefreshRates [60002.4], density 320, 320.0 x 320.0 dpi, appVsyncOff 0, presDeadline 1016666, touch EXTERNAL, rotation 0, type HDMI, state OFF, FLAG_SECURE, FLAG_SUPPORTS_PROTECTED_BUFFERS, FLAG_PRESENTATION}
01-21 16:36:30.179   460   460 V ActivityStackSupervisor: Display removed displayId=2
01-21 16:36:30.182   460   640 E RKPowerHAL: Error opening /sys/devices/system/cpu/cpufreq/interactive/input_boost: No such file or directory
01-21 16:36:30.183   460   640 E RKPowerHAL: Error opening /sys/devices/system/cpu/cpu7/online: No such file or directory
01-21 16:36:30.183   460   640 E RKPowerHAL: Error opening /sys/devices/system/cpu/cpu6/online: No such file or directory
01-21 16:36:30.183   460   640 E RKPowerHAL: Error opening /sys/devices/system/cpu/cpu5/online: No such file or directory
01-21 16:36:30.183   460   640 E RKPowerHAL: Error opening /sys/devices/system/cpu/cpu4/online: No such file or directory
01-21 16:36:30.183   460   640 E RKPowerHAL: Error opening /sys/devices/system/cpu/cpu3/online: Permission denied
01-21 16:36:30.183   460   640 E RKPowerHAL: Error opening /sys/devices/system/cpu/cpu2/online: Permission denied
01-21 16:36:30.184   460   460 D PowerManagerService: acquireWakeLockInternal: lock=323173210, flags=0x1, tag="ActivityManager-Sleep", ws=null, uid=1000, pid=460
01-21 16:36:30.202   460   496 D PowerManagerService: releaseWakeLockInternal: lock=323173210 [ActivityManager-Sleep], flags=0x0
01-21 16:36:33.362   713   713 D BatteryController: mBatteryPercentageView == null
01-21 16:36:45.392   713   713 D BatteryController: mBatteryPercentageView == null
01-21 16:36:49.403   713   713 D BatteryController: mBatteryPercentageView == null
01-21 16:37:09.451   713   713 D BatteryController: mBatteryPercentageView == null
01-21 16:37:37.521   713   713 D BatteryController: mBatteryPercentageView == null
01-21 16:38:13.612   713   713 D BatteryController: mBatteryPercentageView == null
01-21 16:38:37.672   713   713 D BatteryController: mBatteryPercentageView == null
01-21 16:38:41.683   713   713 D BatteryController: mBatteryPercentageView == null
01-21 16:38:45.691   713   713 D BatteryController: mBatteryPercentageView == null
01-21 16:39:01.732   713   713 D BatteryController: mBatteryPercentageView == null
01-21 16:39:29.273   713   713 D BatteryController: mBatteryPercentageView == null
01-21 16:39:33.811   713   713 D BatteryController: mBatteryPercentageView == null
01-21 16:39:45.841   713   713 D BatteryController: mBatteryPercentageView == null
01-21 16:40:00.001   460   527 D PowerManagerService: acquireWakeLockInternal: lock=44016765, flags=0x40000001, tag="*alarm*", ws=WorkSource{1000}, uid=1000, pid=460
01-21 16:40:00.026   460   460 D PowerManagerService: releaseWakeLockInternal: lock=44016765 [*alarm*], flags=0x0
01-21 16:40:29.272   713   713 D BatteryController: mBatteryPercentageView == null
01-21 16:40:37.971   713   713 D BatteryController: mBatteryPercentageView == null
01-21 16:40:45.992   713   713 D BatteryController: mBatteryPercentageView == null
01-21 16:40:50.002   713   713 D BatteryController: mBatteryPercentageView == null
01-21 16:41:58.172   713   713 D BatteryController: mBatteryPercentageView == null
01-21 16:42:29.272   713   713 D BatteryController: mBatteryPercentageView == null
01-21 16:42:30.252   713   713 D BatteryController: mBatteryPercentageView == null
01-21 16:42:34.264   713   713 D BatteryController: mBatteryPercentageView == null
01-21 16:42:58.321   713   713 D BatteryController: mBatteryPercentageView == null
01-21 16:43:10.352   713   713 D BatteryController: mBatteryPercentageView == null
01-21 16:43:14.361   713   713 D BatteryController: mBatteryPercentageView == null
01-21 16:43:18.372   713   713 D BatteryController: mBatteryPercentageView == null
01-21 16:43:22.381   713   713 D BatteryController: mBatteryPercentageView == null
01-21 16:44:42.582   713   713 D BatteryController: mBatteryPercentageView == null
01-21 16:46:06.791   713   713 D BatteryController: mBatteryPercentageView == null
01-21 16:46:14.811   713   713 D BatteryController: mBatteryPercentageView == null
01-21 16:46:18.822   713   713 D BatteryController: mBatteryPercentageView == null
01-21 16:46:24.261  1512  1512 I dumpstate: begin
01-21 16:46:27.853   460   469 I art     : Thread[5,tid=469,WaitingInMainSignalCatcherLoop,Thread*=0xb8af6938,peer=0x12c020a0,"Signal Catcher"]: reacting to signal 3
01-21 16:46:28.058   460   479 E Sensors : poll() failed (Interrupted system call)
01-21 16:46:28.892   460   469 I art     : Wrote stack traces to '/data/anr/traces.txt'
01-21 16:46:28.892   650   656 I art     : Thread[5,tid=656,WaitingInMainSignalCatcherLoop,Thread*=0xb8af97d0,peer=0x12c000a0,"Signal Catcher"]: reacting to signal 3
01-21 16:46:29.087   650   656 I art     : Wrote stack traces to '/data/anr/traces.txt'
01-21 16:46:29.087   713   724 I art     : Thread[5,tid=724,WaitingInMainSignalCatcherLoop,Thread*=0xb8af6938,peer=0x12c000a0,"Signal Catcher"]: reacting to signal 3
01-21 16:46:29.371   713   713 D BatteryController: mBatteryPercentageView == null
01-21 16:46:29.372   713   724 I art     : Wrote stack traces to '/data/anr/traces.txt'
01-21 16:46:29.373   854   863 I art     : Thread[5,tid=863,WaitingInMainSignalCatcherLoop,Thread*=0xb8af97d0,peer=0x32c070a0,"Signal Catcher"]: reacting to signal 3
01-21 16:46:29.507   854   863 I art     : Wrote stack traces to '/data/anr/traces.txt'
01-21 16:46:29.507   893   902 I art     : Thread[5,tid=902,WaitingInMainSignalCatcherLoop,Thread*=0xb8af6938,peer=0x12c000a0,"Signal Catcher"]: reacting to signal 3
01-21 16:46:29.636   893   902 I art     : Wrote stack traces to '/data/anr/traces.txt'
01-21 16:46:29.637   910   924 I art     : Thread[5,tid=924,WaitingInMainSignalCatcherLoop,Thread*=0xb8af97d0,peer=0x12c000a0,"Signal Catcher"]: reacting to signal 3
01-21 16:46:29.838   910   924 I art     : Wrote stack traces to '/data/anr/traces.txt'
01-21 16:46:29.838  1000  1009 I art     : Thread[5,tid=1009,WaitingInMainSignalCatcherLoop,Thread*=0xb8af6938,peer=0x32c070a0,"Signal Catcher"]: reacting to signal 3
01-21 16:46:30.013  1000  1009 I art     : Wrote stack traces to '/data/anr/traces.txt'
01-21 16:46:30.014  1035  1044 I art     : Thread[5,tid=1044,WaitingInMainSignalCatcherLoop,Thread*=0xb8af9818,peer=0x32c070a0,"Signal Catcher"]: reacting to signal 3
01-21 16:46:30.147  1035  1044 I art     : Wrote stack traces to '/data/anr/traces.txt'
01-21 16:46:30.147  1056  1065 I art     : Thread[5,tid=1065,WaitingInMainSignalCatcherLoop,Thread*=0xb8af6938,peer=0x32c070a0,"Signal Catcher"]: reacting to signal 3
01-21 16:46:30.280  1056  1065 I art     : Wrote stack traces to '/data/anr/traces.txt'
01-21 16:46:30.281  1079  1084 I art     : Thread[5,tid=1084,WaitingInMainSignalCatcherLoop,Thread*=0xb8af97d0,peer=0x32c070a0,"Signal Catcher"]: reacting to signal 3
01-21 16:46:30.412  1079  1084 I art     : Wrote stack traces to '/data/anr/traces.txt'
01-21 16:46:30.412  1100  1109 I art     : Thread[5,tid=1109,WaitingInMainSignalCatcherLoop,Thread*=0xb8af97d0,peer=0x32c070a0,"Signal Catcher"]: reacting to signal 3
01-21 16:46:30.543  1100  1109 I art     : Wrote stack traces to '/data/anr/traces.txt'
01-21 16:46:30.852   713   713 D BatteryController: mBatteryPercentageView == null
01-21 16:46:34.861   713   713 D BatteryController: mBatteryPercentageView == null
01-21 16:46:38.872   713   713 D BatteryController: mBatteryPercentageView == null
01-21 16:47:02.932   713   713 D BatteryController: mBatteryPercentageView == null
01-21 16:47:17.442  1518  1518 I dumpstate: begin
01-21 16:47:18.972   713   713 D BatteryController: mBatteryPercentageView == null
01-21 16:47:20.869   460   469 I art     : Thread[5,tid=469,WaitingInMainSignalCatcherLoop,Thread*=0xb8af6938,peer=0x12c020a0,"Signal Catcher"]: reacting to signal 3
01-21 16:47:21.068   460   479 E Sensors : poll() failed (Interrupted system call)
01-21 16:47:21.901   460   469 I art     : Wrote stack traces to '/data/anr/traces.txt'
01-21 16:47:21.901   650   656 I art     : Thread[5,tid=656,WaitingInMainSignalCatcherLoop,Thread*=0xb8af97d0,peer=0x12c000a0,"Signal Catcher"]: reacting to signal 3
01-21 16:47:22.093   650   656 I art     : Wrote stack traces to '/data/anr/traces.txt'
01-21 16:47:22.093   713   724 I art     : Thread[5,tid=724,WaitingInMainSignalCatcherLoop,Thread*=0xb8af6938,peer=0x12c000a0,"Signal Catcher"]: reacting to signal 3
01-21 16:47:22.374   713   724 I art     : Wrote stack traces to '/data/anr/traces.txt'
01-21 16:47:22.375   854   863 I art     : Thread[5,tid=863,WaitingInMainSignalCatcherLoop,Thread*=0xb8af97d0,peer=0x32c070a0,"Signal Catcher"]: reacting to signal 3
01-21 16:47:22.506   854   863 I art     : Wrote stack traces to '/data/anr/traces.txt'
01-21 16:47:22.506   893   902 I art     : Thread[5,tid=902,WaitingInMainSignalCatcherLoop,Thread*=0xb8af6938,peer=0x12c000a0,"Signal Catcher"]: reacting to signal 3
01-21 16:47:22.635   893   902 I art     : Wrote stack traces to '/data/anr/traces.txt'
01-21 16:47:22.635   910   924 I art     : Thread[5,tid=924,WaitingInMainSignalCatcherLoop,Thread*=0xb8af97d0,peer=0x12c000a0,"Signal Catcher"]: reacting to signal 3
01-21 16:47:22.835   910   924 I art     : Wrote stack traces to '/data/anr/traces.txt'
01-21 16:47:22.835  1000  1009 I art     : Thread[5,tid=1009,WaitingInMainSignalCatcherLoop,Thread*=0xb8af6938,peer=0x32c070a0,"Signal Catcher"]: reacting to signal 3
01-21 16:47:22.979   713   713 D BatteryController: mBatteryPercentageView == null
01-21 16:47:23.010  1000  1009 I art     : Wrote stack traces to '/data/anr/traces.txt'
01-21 16:47:23.010  1035  1044 I art     : Thread[5,tid=1044,WaitingInMainSignalCatcherLoop,Thread*=0xb8af9818,peer=0x32c070a0,"Signal Catcher"]: reacting to signal 3
01-21 16:47:23.138  1035  1044 I art     : Wrote stack traces to '/data/anr/traces.txt'
01-21 16:47:23.138  1056  1065 I art     : Thread[5,tid=1065,WaitingInMainSignalCatcherLoop,Thread*=0xb8af6938,peer=0x32c070a0,"Signal Catcher"]: reacting to signal 3
01-21 16:47:23.269  1056  1065 I art     : Wrote stack traces to '/data/anr/traces.txt'
01-21 16:47:23.269  1079  1084 I art     : Thread[5,tid=1084,WaitingInMainSignalCatcherLoop,Thread*=0xb8af97d0,peer=0x32c070a0,"Signal Catcher"]: reacting to signal 3
01-21 16:47:23.398  1079  1084 I art     : Wrote stack traces to '/data/anr/traces.txt'
01-21 16:47:23.398  1100  1109 I art     : Thread[5,tid=1109,WaitingInMainSignalCatcherLoop,Thread*=0xb8af97d0,peer=0x32c070a0,"Signal Catcher"]: reacting to signal 3
01-21 16:47:23.514  1519  1519 I dumpstate: type=1400 audit(0.0:35): avc: denied { execute } for name="toolbox" dev="mmcblk0p10" ino=264 scontext=u:r:dumpstate:s0 tcontext=u:object_r:toolbox_exec:s0 tclass=file permissive=1
01-21 16:47:23.514  1519  1519 I dumpstate: type=1400 audit(0.0:36): avc: denied { read open } for path="/system/bin/toolbox" dev="mmcblk0p10" ino=264 scontext=u:r:dumpstate:s0 tcontext=u:object_r:toolbox_exec:s0 tclass=file permissive=1
01-21 16:47:23.514  1519  1519 I dumpstate: type=1400 audit(0.0:37): avc: denied { execute_no_trans } for path="/system/bin/toolbox" dev="mmcblk0p10" ino=264 scontext=u:r:dumpstate:s0 tcontext=u:object_r:toolbox_exec:s0 tclass=file permissive=1
01-21 16:47:23.527  1100  1109 I art     : Wrote stack traces to '/data/anr/traces.txt'
01-21 16:47:29.272   713   713 D BatteryController: mBatteryPercentageView == null
01-21 16:47:31.002   713   713 D BatteryController: mBatteryPercentageView == null
01-21 16:47:42.864  1668  1668 I dumpstate: type=1400 audit(0.0:38): avc: denied { execute } for name="logcat" dev="mmcblk0p10" ino=170 scontext=u:r:dumpstate:s0 tcontext=u:object_r:logcat_exec:s0 tclass=file permissive=1
01-21 16:47:42.864  1668  1668 I dumpstate: type=1400 audit(0.0:39): avc: denied { read open } for path="/system/bin/logcat" dev="mmcblk0p10" ino=170 scontext=u:r:dumpstate:s0 tcontext=u:object_r:logcat_exec:s0 tclass=file permissive=1
01-21 16:47:42.864  1668  1668 I dumpstate: type=1400 audit(0.0:40): avc: denied { execute_no_trans } for path="/system/bin/logcat" dev="mmcblk0p10" ino=170 scontext=u:r:dumpstate:s0 tcontext=u:object_r:logcat_exec:s0 tclass=file permissive=1
01-21 16:47:43.034   713   713 D BatteryController: mBatteryPercentageView == null
[logcat: 0.301s elapsed]

