01-21 10:50:29.626   171   171 W Resources: Preloaded drawable resource #0x108061d (android:drawable/spinner_16_outer_holo) that varies with configuration!!
01-21 10:50:29.626   460   460 I SystemServer: Window Manager
01-21 10:50:29.626   171   171 W Resources: Preloaded drawable resource #0x108061c (android:drawable/spinner_16_inner_holo) that varies with configuration!!
01-21 10:50:29.627   171   171 W Resources: Preloaded drawable resource #0x108061f (android:drawable/spinner_48_outer_holo) that varies with configuration!!
01-21 10:50:29.637   171   171 I art     : Explicit concurrent mark sweep GC freed 175(10KB) AllocSpace objects, 3(42KB) LOS objects, 39% free, 1613KB/2MB, paused 135us total 8.612ms
01-21 10:50:29.638   171   171 W Resources: Preloaded drawable resource #0x108061e (android:drawable/spinner_48_inner_holo) that varies with configuration!!
01-21 10:50:29.640   171   171 W Resources: Preloaded drawable resource #0x1080621 (android:drawable/spinner_76_outer_holo) that varies with configuration!!
01-21 10:50:29.647   171   171 I art     : Explicit concurrent mark sweep GC freed 100(8KB) AllocSpace objects, 3(44KB) LOS objects, 40% free, 1620KB/2MB, paused 128us total 6.635ms
01-21 10:50:29.657   171   171 W Resources: Preloaded drawable resource #0x1080620 (android:drawable/spinner_76_inner_holo) that varies with configuration!!
01-21 10:50:29.658   171   171 W Resources: Preloaded drawable resource #0x1080573 (android:drawable/progress_bg_holo_dark) that varies with configuration!!
01-21 10:50:29.659   171   171 W Resources: Preloaded drawable resource #0x1080574 (android:drawable/progress_bg_holo_light) that varies with configuration!!
01-21 10:50:29.659   460   488 I WindowManagerService: No existing display settings /data/system/display_settings.xml; starting empty
01-21 10:50:29.661   171   171 W Resources: Preloaded drawable resource #0x1080573 (android:drawable/progress_bg_holo_dark) that varies with configuration!!
01-21 10:50:29.662   159   200 D PermissionCache: checking android.permission.ACCESS_SURFACE_FLINGER for uid=1000 => granted (760 us)
01-21 10:50:29.663   171   171 W Resources: Preloaded drawable resource #0x1080585 (android:drawable/progress_secondary_holo_dark) that varies with configuration!!
01-21 10:50:29.664   171   171 W Resources: Preloaded drawable resource #0x1080583 (android:drawable/progress_primary_holo_dark) that varies with configuration!!
01-21 10:50:29.664   171   171 W Resources: Preloaded drawable resource #0x1080575 (android:drawable/progress_horizontal_holo_dark) that varies with configuration!!
01-21 10:50:29.673   171   171 I art     : Explicit concurrent mark sweep GC freed 171(10KB) AllocSpace objects, 2(55KB) LOS objects, 39% free, 1611KB/2MB, paused 132us total 8.542ms
01-21 10:50:29.674   171   171 W Resources: Preloaded drawable resource #0x1080574 (android:drawable/progress_bg_holo_light) that varies with configuration!!
01-21 10:50:29.675   171   171 W Resources: Preloaded drawable resource #0x1080586 (android:drawable/progress_secondary_holo_light) that varies with configuration!!
01-21 10:50:29.675   171   171 W Resources: Preloaded drawable resource #0x1080584 (android:drawable/progress_primary_holo_light) that varies with configuration!!
01-21 10:50:29.675   171   171 W Resources: Preloaded drawable resource #0x1080576 (android:drawable/progress_horizontal_holo_light) that varies with configuration!!
01-21 10:50:29.677   171   171 W Resources: Preloaded drawable resource #0x108058f (android:drawable/progressbar_indeterminate_holo1) that varies with configuration!!
01-21 10:50:29.685   460   486 I PhoneWindowManager: we have read mLongPressOnHomeBehavior == 3
01-21 10:50:29.686   171   171 W Resources: Preloaded drawable resource #0x1080590 (android:drawable/progressbar_indeterminate_holo2) that varies with configuration!!
01-21 10:50:29.696   171   171 W Resources: Preloaded drawable resource #0x1080591 (android:drawable/progressbar_indeterminate_holo3) that varies with configuration!!
01-21 10:50:29.698   171   171 W Resources: Preloaded drawable resource #0x1080592 (android:drawable/progressbar_indeterminate_holo4) that varies with configuration!!
01-21 10:50:29.700   171   171 W Resources: Preloaded drawable resource #0x1080593 (android:drawable/progressbar_indeterminate_holo5) that varies with configuration!!
01-21 10:50:29.702   171   171 W Resources: Preloaded drawable resource #0x1080594 (android:drawable/progressbar_indeterminate_holo6) that varies with configuration!!
01-21 10:50:29.703   171   171 W Resources: Preloaded drawable resource #0x1080595 (android:drawable/progressbar_indeterminate_holo7) that varies with configuration!!
01-21 10:50:29.704   171   171 W Resources: Preloaded drawable resource #0x1080596 (android:drawable/progressbar_indeterminate_holo8) that varies with configuration!!
01-21 10:50:29.704   171   171 W Resources: Preloaded drawable resource #0x1080578 (android:drawable/progress_indeterminate_horizontal_holo) that varies with configuration!!
01-21 10:50:29.713   171   171 I art     : Explicit concurrent mark sweep GC freed 372(26KB) AllocSpace objects, 1(39KB) LOS objects, 39% free, 2MB/3MB, paused 220us total 8.066ms
01-21 10:50:29.715   171   171 W Resources: Preloaded drawable resource #0x1080621 (android:drawable/spinner_76_outer_holo) that varies with configuration!!
01-21 10:50:29.717   171   171 W Resources: Preloaded drawable resource #0x1080620 (android:drawable/spinner_76_inner_holo) that varies with configuration!!
01-21 10:50:29.717   171   171 W Resources: Preloaded drawable resource #0x108057b (android:drawable/progress_large_holo) that varies with configuration!!
01-21 10:50:29.735   171   171 I art     : Explicit concurrent mark sweep GC freed 182(12KB) AllocSpace objects, 8(529KB) LOS objects, 40% free, 1647KB/2MB, paused 123us total 9.373ms
01-21 10:50:29.738   171   171 W Resources: Preloaded drawable resource #0x108061f (android:drawable/spinner_48_outer_holo) that varies with configuration!!
01-21 10:50:29.743   171   171 W Resources: Preloaded drawable resource #0x108061e (android:drawable/spinner_48_inner_holo) that varies with configuration!!
01-21 10:50:29.743   171   171 W Resources: Preloaded drawable resource #0x108057f (android:drawable/progress_medium_holo) that varies with configuration!!
01-21 10:50:29.744   460   460 I InputManager: Starting input manager
01-21 10:50:29.745   171   171 W Resources: Preloaded drawable resource #0x1080583 (android:drawable/progress_primary_holo_dark) that varies with configuration!!
01-21 10:50:29.747   460   460 I SystemServer: Bluetooth Manager Service
01-21 10:50:29.747   171   171 W Resources: Preloaded drawable resource #0x1080584 (android:drawable/progress_primary_holo_light) that varies with configuration!!
01-21 10:50:29.748   171   171 W Resources: Preloaded drawable resource #0x1080585 (android:drawable/progress_secondary_holo_dark) that varies with configuration!!
01-21 10:50:29.748   171   171 W Resources: Preloaded drawable resource #0x1080586 (android:drawable/progress_secondary_holo_light) that varies with configuration!!
01-21 10:50:29.758   171   171 I art     : Explicit concurrent mark sweep GC freed 173(10KB) AllocSpace objects, 2(79KB) LOS objects, 39% free, 1607KB/2MB, paused 142us total 9.179ms
01-21 10:50:29.760   171   171 W Resources: Preloaded drawable resource #0x108061d (android:drawable/spinner_16_outer_holo) that varies with configuration!!
01-21 10:50:29.760   171   171 W Resources: Preloaded drawable resource #0x108061c (android:drawable/spinner_16_inner_holo) that varies with configuration!!
01-21 10:50:29.761   171   171 W Resources: Preloaded drawable resource #0x1080588 (android:drawable/progress_small_holo) that varies with configuration!!
01-21 10:50:29.761   171   171 W Resources: Preloaded drawable resource #0x1080601 (android:drawable/scrubber_track_holo_dark) that varies with configuration!!
01-21 10:50:29.762   171   171 W Resources: Preloaded drawable resource #0x1080600 (android:drawable/scrubber_secondary_holo) that varies with configuration!!
01-21 10:50:29.763   171   171 W Resources: Preloaded drawable resource #0x10805fb (android:drawable/scrubber_primary_holo) that varies with configuration!!
01-21 10:50:29.763   171   171 W Resources: Preloaded drawable resource #0x10805fd (android:drawable/scrubber_progress_horizontal_holo_dark) that varies with configuration!!
01-21 10:50:29.765   171   171 W Resources: Preloaded drawable resource #0x1080602 (android:drawable/scrubber_track_holo_light) that varies with configuration!!
01-21 10:50:29.765   460   539 D EventHub: No input device configuration file found for device 'fts_ts'.
01-21 10:50:29.765   460   539 I EventHub: New device: id=1, fd=87, path='/dev/input/event3', name='fts_ts', classes=0x14, configuration='', keyLayout='', keyCharacterMap='', builtinKeyboard=false, wakeMechanism=EPOLLWAKEUP, usingClockIoctl=true
01-21 10:50:29.765   460   539 D EventHub: No input device configuration file found for device 'input_uart'.
01-21 10:50:29.766   171   171 W Resources: Preloaded drawable resource #0x1080600 (android:drawable/scrubber_secondary_holo) that varies with configuration!!
01-21 10:50:29.767   460   460 D BluetoothManagerService: Loading stored name and address
01-21 10:50:29.767   460   460 D BluetoothManagerService: Stored bluetooth Name=RoyoleX_002,Address=22:22:82:69:39:22
01-21 10:50:29.767   171   171 W Resources: Preloaded drawable resource #0x10805fb (android:drawable/scrubber_primary_holo) that varies with configuration!!
01-21 10:50:29.767   171   171 W Resources: Preloaded drawable resource #0x10805fe (android:drawable/scrubber_progress_horizontal_holo_light) that varies with configuration!!
01-21 10:50:29.767   460   460 I SystemServer: Input Method Service
01-21 10:50:29.772   460   539 W EventHub: Unable to disable kernel key repeat for /dev/input/event0: Function not implemented
01-21 10:50:29.772   460   539 I EventHub: New device: id=2, fd=88, path='/dev/input/event0', name='input_uart', classes=0x421, configuration='', keyLayout='/system/usr/keylayout/Generic.kl', keyCharacterMap='/system/usr/keychars/Generic.kcm', builtinKeyboard=false, wakeMechanism=EPOLLWAKEUP, usingClockIoctl=true
01-21 10:50:29.773   460   539 D EventHub: No input device configuration file found for device 'rk29-keypad'.
01-21 10:50:29.775   460   539 W EventHub: Unable to disable kernel key repeat for /dev/input/event2: Function not implemented
01-21 10:50:29.775   460   539 I EventHub: New device: id=3, fd=89, path='/dev/input/event2', name='rk29-keypad', classes=0x401, configuration='', keyLayout='/system/usr/keylayout/rk29-keypad.kl', keyCharacterMap='/system/usr/keychars/Generic.kcm', builtinKeyboard=true, wakeMechanism=EPOLLWAKEUP, usingClockIoctl=true
01-21 10:50:29.776   460   539 D EventHub: No input device configuration file found for device 'ff680000.pwm'.
01-21 10:50:29.777   460   460 W InputMethodManagerService: Couldn't create dir.: /data/system/inputmethod
01-21 10:50:29.778   171   171 W Resources: Preloaded drawable resource #0x10805df (android:drawable/scrollbar_handle_holo_dark) that varies with configuration!!
01-21 10:50:29.779   171   171 W Resources: Preloaded drawable resource #0x10805e0 (android:drawable/scrollbar_handle_holo_light) that varies with configuration!!
01-21 10:50:29.780   460   539 W EventHub: Unable to disable kernel key repeat for /dev/input/event1: Function not implemented
01-21 10:50:29.780   460   539 I EventHub: New device: id=4, fd=90, path='/dev/input/event1', name='ff680000.pwm', classes=0x421, configuration='', keyLayout='/system/usr/keylayout/ff680000_pwm.kl', keyCharacterMap='/system/usr/keychars/Generic.kcm', builtinKeyboard=false, wakeMechanism=EPOLLWAKEUP, usingClockIoctl=true
01-21 10:50:29.781   171   171 W Resources: Preloaded drawable resource #0x1080644 (android:drawable/spinner_disabled_holo_dark) that varies with configuration!!
01-21 10:50:29.788   460   460 I SystemServer: Accessibility Manager
01-21 10:50:29.790   460   539 I InputReader: Device added: id=-1, name='Virtual', sources=0x00000301
01-21 10:50:29.791   460   539 I InputReader: Device added: id=4, name='ff680000.pwm', sources=0x00002303
01-21 10:50:29.791   460   539 I InputReader: Device added: id=0, name='rk29-keypad', sources=0x00002103
01-21 10:50:29.791   460   539 I InputReader: Device added: id=2, name='input_uart', sources=0x00002303
01-21 10:50:29.792   171   171 W Resources: Preloaded drawable resource #0x1080652 (android:drawable/spinner_pressed_holo_dark) that varies with configuration!!
01-21 10:50:29.792   460   539 I InputReader:   Touch device 'fts_ts' could not query the properties of its associated display.  The device will be inoperable until the display size becomes available.
01-21 10:50:29.792   460   539 I InputReader: Device added: id=1, name='fts_ts', sources=0x00001002
01-21 10:50:29.793   171   171 W Resources: Preloaded drawable resource #0x108064a (android:drawable/spinner_focused_holo_dark) that varies with configuration!!
01-21 10:50:29.795   171   171 W Resources: Preloaded drawable resource #0x108063f (android:drawable/spinner_default_holo_dark) that varies with configuration!!
01-21 10:50:29.795   171   171 W Resources: Preloaded drawable resource #0x1080638 (android:drawable/spinner_background_holo_dark) that varies with configuration!!
01-21 10:50:29.795   460   460 I PhoneWindowManager: we have read mLongPressOnHomeBehavior == 3
01-21 10:50:29.797   460   460 I ActivityManagerService: Config changes=80009df8 {1.0 multiwindowflag=DISABLE dualscreenflag=DISABLE ?mcc?mnc zh_CN ?layoutDir sw811dp w1442dp h811dp 213dpi xlrg long land ?uimode ?night -touch -keyb/v/h dpad/v s.2}
01-21 10:50:29.800   460   539 I InputReader: Reconfiguring input devices.  changes=0x00000004
01-21 10:50:29.800   460   539 I InputReader: Device reconfigured: id=1, name='fts_ts', size 1920x1080, orientation 0, mode 1, display id 0
01-21 10:50:29.816   460   460 D ActivityManagerService: ---------clean the all task
01-21 10:50:29.816   460   460 D ActivityManagerService: ---------Move Home To Top & CLEAN THE ALL TASK
01-21 10:50:29.817   460   460 I PhoneWindowManager: we have read mLongPressOnHomeBehavior == 3
01-21 10:50:29.817   460   460 I ActivityManagerService: Config changes=408 {1.0 multiwindowflag=DISABLE dualscreenflag=DISABLE ?mcc?mnc zh_CN ?layoutDir sw811dp w1442dp h720dp 213dpi xlrg long land ?uimode ?night finger -keyb/v/h dpad/v s.3}
01-21 10:50:29.821   460   460 I SystemServer: Mount Service
01-21 10:50:29.826   460   460 D MountService: got storage path: /storage/sdcard0 description: SD??? primary: true removable: true emulated: true mtpReserve: 100 allowMassStorage: false maxFileSize: 0
01-21 10:50:29.827   460   460 D MountService: ---getMaxSupportedUsers,we has UMS,ignore emulated storage---
01-21 10:50:29.827   460   460 D MountService: got storage path: /mnt/internal_sd description: NAND FLASH primary: false removable: true emulated: false mtpReserve: 100 allowMassStorage: true maxFileSize: 0
01-21 10:50:29.827   460   460 D MountService: ---getMaxSupportedUsers,we has UMS,force NAND FLASH to primary storage---
01-21 10:50:29.835   171   171 I art     : Explicit concurrent mark sweep GC freed 507(35KB) AllocSpace objects, 2(32KB) LOS objects, 39% free, 1615KB/2MB, paused 153us total 39.583ms
01-21 10:50:29.837   460   460 D MountService: addVolumeLocked() StorageVolume:
01-21 10:50:29.837   460   460 D MountService:     mStorageId=0 mPath=/mnt/internal_sd mDescriptionId=17041221 mPrimary=true 
01-21 10:50:29.837   460   460 D MountService:     mRemovable=true mEmulated=false mMtpReserveSpace=100 
01-21 10:50:29.837   460   460 D MountService:     mAllowMassStorage=true mMaxFileSize=0 mOwner=null mUuid=null 
01-21 10:50:29.837   460   460 D MountService:     mUserLabel=null mState=null 
01-21 10:50:29.837   460   460 D MountService: got storage path: /mnt/external_sd description: SD??? primary: false removable: true emulated: false mtpReserve: 100 allowMassStorage: true maxFileSize: 0
01-21 10:50:29.837   460   460 D MountService: addVolumeLocked() StorageVolume:
01-21 10:50:29.837   460   460 D MountService:     mStorageId=0 mPath=/mnt/external_sd mDescriptionId=17040808 mPrimary=false 
01-21 10:50:29.837   460   460 D MountService:     mRemovable=true mEmulated=false mMtpReserveSpace=100 
01-21 10:50:29.837   460   460 D MountService:     mAllowMassStorage=true mMaxFileSize=0 mOwner=null mUuid=null 
01-21 10:50:29.837   460   460 D MountService:     mUserLabel=null mState=null 
01-21 10:50:29.837   460   460 D MountService: got storage path: /mnt/usb_storage/USB_DISK0 description: USB storage 0 primary: false removable: true emulated: false mtpReserve: 100 allowMassStorage: true maxFileSize: 0
01-21 10:50:29.837   460   460 D MountService: addVolumeLocked() StorageVolume:
01-21 10:50:29.837   460   460 D MountService:     mStorageId=0 mPath=/mnt/usb_storage/USB_DISK0 mDescriptionId=17041125 
01-21 10:50:29.837   460   460 D MountService:     mPrimary=false mRemovable=true mEmulated=false mMtpReserveSpace=100 
01-21 10:50:29.837   460   460 D MountService:     mAllowMassStorage=true mMaxFileSize=0 mOwner=null mUuid=null 
01-21 10:50:29.837   460   460 D MountService:     mUserLabel=null mState=null 
01-21 10:50:29.838   460   460 D MountService: got storage path: /mnt/usb_storage/USB_DISK1 description: USB storage 1 primary: false removable: true emulated: false mtpReserve: 100 allowMassStorage: true maxFileSize: 0
01-21 10:50:29.838   171   171 W Resources: Preloaded drawable resource #0x1080646 (android:drawable/spinner_disabled_holo_light) that varies with configuration!!
01-21 10:50:29.838   460   460 D MountService: addVolumeLocked() StorageVolume:
01-21 10:50:29.838   460   460 D MountService:     mStorageId=0 mPath=/mnt/usb_storage/USB_DISK1 mDescriptionId=17041126 
01-21 10:50:29.838   460   460 D MountService:     mPrimary=false mRemovable=true mEmulated=false mMtpReserveSpace=100 
01-21 10:50:29.838   460   460 D MountService:     mAllowMassStorage=true mMaxFileSize=0 mOwner=null mUuid=null 
01-21 10:50:29.838   460   460 D MountService:     mUserLabel=null mState=null 
01-21 10:50:29.838   460   460 D MountService: got storage path: /mnt/usb_storage/USB_DISK2 description: USB storage 2 primary: false removable: true emulated: false mtpReserve: 100 allowMassStorage: true maxFileSize: 0
01-21 10:50:29.838   460   460 D MountService: addVolumeLocked() StorageVolume:
01-21 10:50:29.838   460   460 D MountService:     mStorageId=0 mPath=/mnt/usb_storage/USB_DISK2 mDescriptionId=17041127 
01-21 10:50:29.838   460   460 D MountService:     mPrimary=false mRemovable=true mEmulated=false mMtpReserveSpace=100 
01-21 10:50:29.838   460   460 D MountService:     mAllowMassStorage=true mMaxFileSize=0 mOwner=null mUuid=null 
01-21 10:50:29.838   460   460 D MountService:     mUserLabel=null mState=null 
01-21 10:50:29.838   460   460 D MountService: got storage path: /mnt/usb_storage/USB_DISK3 description: USB storage 3 primary: false removable: true emulated: false mtpReserve: 100 allowMassStorage: true maxFileSize: 0
01-21 10:50:29.838   460   460 D MountService: addVolumeLocked() StorageVolume:
01-21 10:50:29.838   460   460 D MountService:     mStorageId=0 mPath=/mnt/usb_storage/USB_DISK3 mDescriptionId=17041128 
01-21 10:50:29.838   460   460 D MountService:     mPrimary=false mRemovable=true mEmulated=false mMtpReserveSpace=100 
01-21 10:50:29.838   460   460 D MountService:     mAllowMassStorage=true mMaxFileSize=0 mOwner=null mUuid=null 
01-21 10:50:29.838   460   460 D MountService:     mUserLabel=null mState=null 
01-21 10:50:29.838   460   460 D MountService: got storage path: /mnt/usb_storage/USB_DISK4 description: USB storage 4 primary: false removable: true emulated: false mtpReserve: 100 allowMassStorage: true maxFileSize: 0
01-21 10:50:29.838   460   460 D MountService: addVolumeLocked() StorageVolume:
01-21 10:50:29.838   460   460 D MountService:     mStorageId=0 mPath=/mnt/usb_storage/USB_DISK4 mDescriptionId=17041129 
01-21 10:50:29.838   460   460 D MountService:     mPrimary=false mRemovable=true mEmulated=false mMtpReserveSpace=100 
01-21 10:50:29.838   460   460 D MountService:     mAllowMassStorage=true mMaxFileSize=0 mOwner=null mUuid=null 
01-21 10:50:29.838   460   460 D MountService:     mUserLabel=null mState=null 
01-21 10:50:29.839   460   460 D MountService: got storage path: /mnt/usb_storage/USB_DISK5 description: USB storage 5 primary: false removable: true emulated: false mtpReserve: 100 allowMassStorage: true maxFileSize: 0
01-21 10:50:29.839   460   460 D MountService: addVolumeLocked() StorageVolume:
01-21 10:50:29.839   460   460 D MountService:     mStorageId=0 mPath=/mnt/usb_storage/USB_DISK5 mDescriptionId=17041130 
01-21 10:50:29.839   460   460 D MountService:     mPrimary=false mRemovable=true mEmulated=false mMtpReserveSpace=100 
01-21 10:50:29.839   460   460 D MountService:     mAllowMassStorage=true mMaxFileSize=0 mOwner=null mUuid=null 
01-21 10:50:29.839   460   460 D MountService:     mUserLabel=null mState=null 
01-21 10:50:29.839   171   171 W Resources: Preloaded drawable resource #0x1080654 (android:drawable/spinner_pressed_holo_light) that varies with configuration!!
01-21 10:50:29.841   171   171 W Resources: Preloaded drawable resource #0x108064c (android:drawable/spinner_focused_holo_light) that varies with configuration!!
01-21 10:50:29.843   171   171 W Resources: Preloaded drawable resource #0x1080641 (android:drawable/spinner_default_holo_light) that varies with configuration!!
01-21 10:50:29.844   171   171 W Resources: Preloaded drawable resource #0x1080639 (android:drawable/spinner_background_holo_light) that varies with configuration!!
01-21 10:50:29.844   460   460 I SystemServer: LockSettingsService
01-21 10:50:29.845   171   171 W Resources: Preloaded drawable resource #0x1080624 (android:drawable/spinner_ab_default_holo_dark) that varies with configuration!!
01-21 10:50:29.846   171   171 W Resources: Preloaded drawable resource #0x1080626 (android:drawable/spinner_ab_default_holo_light) that varies with configuration!!
01-21 10:50:29.846   171   171 W Resources: Preloaded drawable resource #0x1080628 (android:drawable/spinner_ab_disabled_holo_dark) that varies with configuration!!
01-21 10:50:29.848   460   460 I SystemServiceManager: Starting com.android.server.devicepolicy.DevicePolicyManagerService$Lifecycle
01-21 10:50:29.855   460   460 I SystemServer: Status Bar
01-21 10:50:29.859   460   460 I SystemServer: Clipboard Service
01-21 10:50:29.863   158   203 D VoldCmdListener: volume list broadcast
01-21 10:50:29.863   158   203 D Vold    : listVolumes :usb_storage /mnt/usb_storage/USB_DISK0 0
01-21 10:50:29.863   158   203 D Vold    : listVolumes :usb_storage /mnt/usb_storage/USB_DISK1 0
01-21 10:50:29.863   158   203 D Vold    : listVolumes :usb_storage /mnt/usb_storage/USB_DISK2 0
01-21 10:50:29.863   158   203 D Vold    : listVolumes :usb_storage /mnt/usb_storage/USB_DISK3 0
01-21 10:50:29.863   158   203 D Vold    : listVolumes :usb_storage /mnt/usb_storage/USB_DISK4 0
01-21 10:50:29.863   158   203 D Vold    : listVolumes :usb_storage /mnt/usb_storage/USB_DISK5 0
01-21 10:50:29.865   171   171 I art     : Explicit concurrent mark sweep GC freed 508(54KB) AllocSpace objects, 0(0B) LOS objects, 40% free, 1615KB/2MB, paused 143us total 18.130ms
01-21 10:50:29.866   171   171 W Resources: Preloaded drawable resource #0x108062a (android:drawable/spinner_ab_disabled_holo_light) that varies with configuration!!
01-21 10:50:29.867   460   542 I MountService: /mnt/usb_storage/USB_DISK0Updating valid state removed   st 0
01-21 10:50:29.867   460   542 D MountService: volume state changed for /mnt/usb_storage/USB_DISK0 (unmounted -> removed)
01-21 10:50:29.867   460   542 I MountService: /mnt/usb_storage/USB_DISK1Updating valid state removed   st 0
01-21 10:50:29.867   460   542 D MountService: volume state changed for /mnt/usb_storage/USB_DISK1 (unmounted -> removed)
01-21 10:50:29.867   460   542 I MountService: /mnt/usb_storage/USB_DISK2Updating valid state removed   st 0
01-21 10:50:29.867   460   542 D MountService: volume state changed for /mnt/usb_storage/USB_DISK2 (unmounted -> removed)
01-21 10:50:29.867   460   542 I MountService: /mnt/usb_storage/USB_DISK3Updating valid state removed   st 0
01-21 10:50:29.867   460   542 D MountService: volume state changed for /mnt/usb_storage/USB_DISK3 (unmounted -> removed)
01-21 10:50:29.867   460   542 I MountService: /mnt/usb_storage/USB_DISK4Updating valid state removed   st 0
01-21 10:50:29.867   460   542 D MountService: volume state changed for /mnt/usb_storage/USB_DISK4 (unmounted -> removed)
01-21 10:50:29.867   460   542 I MountService: /mnt/usb_storage/USB_DISK5Updating valid state removed   st 0
01-21 10:50:29.867   460   542 D MountService: volume state changed for /mnt/usb_storage/USB_DISK5 (unmounted -> removed)
01-21 10:50:29.867   158   203 D VoldCmdListener: cryptfs getfield SystemLocale
01-21 10:50:29.867   460   460 I SystemServer: NetworkManagement Service
01-21 10:50:29.868   171   171 W Resources: Preloaded drawable resource #0x108062c (android:drawable/spinner_ab_focused_holo_dark) that varies with configuration!!
01-21 10:50:29.869   158   203 D VoldCmdListener: asec list
01-21 10:50:29.869   171   171 W Resources: Preloaded drawable resource #0x108062e (android:drawable/spinner_ab_focused_holo_light) that varies with configuration!!
01-21 10:50:29.870   460   542 I PackageManager: No secure containers found
01-21 10:50:29.870   171   171 W Resources: Preloaded drawable resource #0x1080632 (android:drawable/spinner_ab_pressed_holo_dark) that varies with configuration!!
01-21 10:50:29.870   460   542 W PackageManager: Not granting permission android.permission.MOUNT_UNMOUNT_FILESYSTEMS to package com.royole.bwaudioplayer (protectionLevel=18 flags=0x18be47)
01-21 10:50:29.870   460   542 W PackageManager: Not granting permission android.permission.MOUNT_UNMOUNT_FILESYSTEMS to package com.royole.bwpictureplayer (protectionLevel=18 flags=0x18be47)
01-21 10:50:29.870   460   542 W PackageManager: Not granting permission android.permission.UPDATE_APP_OPS_STATS to package com.royole.bwpictureplayer (protectionLevel=18 flags=0x18be47)
01-21 10:50:29.870   460   542 W PackageManager: Not granting permission android.permission.MOUNT_UNMOUNT_FILESYSTEMS to package com.royole.bwvideoplayer (protectionLevel=18 flags=0x48be47)
01-21 10:50:29.870   460   542 W PackageManager: Not granting permission android.permission.MOUNT_UNMOUNT_FILESYSTEMS to package com.gitvvideo (protectionLevel=18 flags=0x18be44)
01-21 10:50:29.870   460   542 W PackageManager: Unknown permission android.permission.SET_PROCESS_FOREGROUND in package com.gitvvideo
01-21 10:50:29.870   460   542 W PackageManager: Not granting permission android.permission.ACCESS_CACHE_FILESYSTEM to package com.gitvvideo (protectionLevel=18 flags=0x18be44)
01-21 10:50:29.871   460   542 W PackageManager: Not granting permission android.permission.INJECT_EVENTS to package com.gitvvideo (protectionLevel=2 flags=0x18be44)
01-21 10:50:29.871   460   542 W PackageManager: Not granting permission android.permission.READ_LOGS to package com.gitvvideo (protectionLevel=50 flags=0x18be44)
01-21 10:50:29.871   460   542 W PackageManager: Unknown permission android.permission.RUN_INSTRUMENTATION in package com.gitvvideo
01-21 10:50:29.871   460   542 W PackageManager: Unknown permission android.permission.USE_SPECIAL_UDISK in package com.gitvvideo
01-21 10:50:29.871   460   542 W PackageManager: Not granting permission android.permission.MASTER_CLEAR to package com.gitvvideo (protectionLevel=18 flags=0x18be44)
01-21 10:50:29.871   460   542 W PackageManager: Unknown permission android.permission.READ_MEDIA_STORAGE in package com.gitvvideo
01-21 10:50:29.871   460   542 W PackageManager: Not granting permission android.permission.WRITE_MEDIA_STORAGE to package com.gitvvideo (protectionLevel=18 flags=0x18be44)
01-21 10:50:29.871   460   542 W PackageManager: Not granting permission android.permission.INSTALL_LOCATION_PROVIDER to package com.gitvvideo (protectionLevel=18 flags=0x18be44)
01-21 10:50:29.871   460   542 W PackageManager: Not granting permission android.permission.INSTALL_PACKAGES to package com.gitvvideo (protectionLevel=18 flags=0x18be44)
01-21 10:50:29.871   460   542 W PackageManager: Not granting permission android.permission.DELETE_PACKAGES to package com.gitvvideo (protectionLevel=18 flags=0x18be44)
01-21 10:50:29.871   460   542 W PackageManager: Unknown permission com.smit.icast.DVB_SERVICE_PERMISSION in package com.gitvvideo
01-21 10:50:29.871   460   542 W PackageManager: Not granting permission android.permission.INTERACT_ACROSS_USERS_FULL to package com.gitvvideo (protectionLevel=2 flags=0x18be44)
01-21 10:50:29.871   460   542 W PackageManager: Unknown permission android.permission.READ_SETTINGS in package com.gitvvideo
01-21 10:50:29.871   460   542 W PackageManager: Unknown permission com.android.launcher.permission.READ_SETTINGS in package com.android.onetimeinitializer
01-21 10:50:29.871   460   542 W PackageManager: Unknown permission com.android.launcher.permission.WRITE_SETTINGS in package com.android.onetimeinitializer
01-21 10:50:29.871   460   542 W PackageManager: Unknown permission android.permission.READ_MEDIA_STORAGE in package com.royole.packageinstaller
01-21 10:50:29.871   460   542 W PackageManager: Not granting permission android.permission.DELETE_PACKAGES to package com.svox.pico (protectionLevel=18 flags=0x8be45)
01-21 10:50:29.871   171   171 W Resources: Preloaded drawable resource #0x1080634 (android:drawable/spinner_ab_pressed_holo_light) that varies with configuration!!
01-21 10:50:29.871   460   542 W PackageManager: Unknown permission android.permission.RECORD_VIDEO in package teaonly.rk.droidipcam
01-21 10:50:29.872   460   542 W PackageManager: Unknown permission com.google.android.googleapps.permission.GOOGLE_AUTH in package com.android.settings
01-21 10:50:29.872   460   542 W PackageManager: Unknown permission com.android.launcher.permission.READ_SETTINGS in package com.android.settings
01-21 10:50:29.872   460   542 W PackageManager: Unknown permission com.android.launcher.permission.WRITE_SETTINGS in package com.android.settings
01-21 10:50:29.872   460   542 W PackageManager: Not granting permission android.permission.MOUNT_UNMOUNT_FILESYSTEMS to package com.dangbeimarket (protectionLevel=18 flags=0x183e44)
01-21 10:50:29.872   460   542 W PackageManager: Unknown permission android.permission.READ_MEDIA_STORAGE in package com.dangbeimarket
01-21 10:50:29.872   460   542 W PackageManager: Unknown permission android.permission.SYSTEM_OVERLAY_WINDOW in package com.dangbeimarket
01-21 10:50:29.872   460   542 W PackageManager: Not granting permission android.permission.ACCESS_DOWNLOAD_MANAGER to package com.dangbeimarket (protectionLevel=18 flags=0x183e44)
01-21 10:50:29.872   460   542 W PackageManager: Not granting permission android.permission.INSTALL_PACKAGES to package com.dangbeimarket (protectionLevel=18 flags=0x183e44)
01-21 10:50:29.872   460   542 W PackageManager: Not granting permission android.permission.DELETE_PACKAGES to package com.dangbeimarket (protectionLevel=18 flags=0x183e44)
01-21 10:50:29.872   460   542 W PackageManager: Not granting permission android.permission.CLEAR_APP_USER_DATA to package com.dangbeimarket (protectionLevel=2 flags=0x183e44)
01-21 10:50:29.872   460   542 W PackageManager: Not granting permission android.permission.CHANGE_COMPONENT_ENABLED_STATE to package com.dangbeimarket (protectionLevel=18 flags=0x183e44)
01-21 10:50:29.872   460   542 W PackageManager: Not granting permission android.permission.READ_FRAME_BUFFER to package com.dangbeimarket (protectionLevel=18 flags=0x183e44)
01-21 10:50:29.872   171   171 W Resources: Preloaded drawable resource #0x1080628 (android:drawable/spinner_ab_disabled_holo_dark) that varies with configuration!!
01-21 10:50:29.872   460   542 W PackageManager: Unknown permission com.google.android.gallery3d.permission.GALLERY_PROVIDER in package com.android.bluetooth
01-21 10:50:29.872   460   542 W PackageManager: Unknown permission com.android.gallery3d.permission.GALLERY_PROVIDER in package com.android.bluetooth
01-21 10:50:29.872   460   542 W PackageManager: Unknown permission android.permission.MMS_SEND_OUTBOX_MSG in package com.android.bluetooth
01-21 10:50:29.872   460   542 W PackageManager: Not granting permission android.permission.MOUNT_UNMOUNT_FILESYSTEMS to package com.cibn.tv (protectionLevel=18 flags=0x18be44)
01-21 10:50:29.873   460   542 W PackageManager: Unknown permission com.android.launcher.permission.READ_SETTINGS in package com.cibn.tv
01-21 10:50:29.873   460   542 W PackageManager: Unknown permission com.android.launcher.permission.WRITE_SETTINGS in package com.cibn.tv
01-21 10:50:29.873   460   542 W PackageManager: Not granting permission android.permission.READ_LOGS to package com.cibn.tv (protectionLevel=50 flags=0x18be44)
01-21 10:50:29.873   460   542 W PackageManager: Not granting permission android.permission.CHANGE_CONFIGURATION to package com.cibn.tv (protectionLevel=50 flags=0x18be44)
01-21 10:50:29.873   460   542 W PackageManager: Not granting permission android.permission.ACCESS_DOWNLOAD_MANAGER to package com.royole.bwbrowser (protectionLevel=18 flags=0x9be45)
01-21 10:50:29.873   460   542 W PackageManager: Not granting permission android.permission.SEND_DOWNLOAD_COMPLETED_INTENTS to package com.royole.bwbrowser (protectionLevel=2 flags=0x9be45)
01-21 10:50:29.874   171   171 W Resources: Preloaded drawable resource #0x1080632 (android:drawable/spinner_ab_pressed_holo_dark) that varies with configuration!!
01-21 10:50:29.874   171   171 W Resources: Preloaded drawable resource #0x108062c (android:drawable/spinner_ab_focused_holo_dark) that varies with configuration!!
01-21 10:50:29.875   171   171 W Resources: Preloaded drawable resource #0x1080624 (android:drawable/spinner_ab_default_holo_dark) that varies with configuration!!
01-21 10:50:29.876   171   171 W Resources: Preloaded drawable resource #0x1080630 (android:drawable/spinner_ab_holo_dark) that varies with configuration!!
01-21 10:50:29.880   460   460 I SystemServer: Text Service Manager Service
01-21 10:50:29.894   171   171 I art     : Explicit concurrent mark sweep GC freed 384(55KB) AllocSpace objects, 0(0B) LOS objects, 39% free, 1628KB/2MB, paused 3.019ms total 15.368ms
01-21 10:50:29.895   171   171 W Resources: Preloaded drawable resource #0x108062a (android:drawable/spinner_ab_disabled_holo_light) that varies with configuration!!
01-21 10:50:29.897   171   171 W Resources: Preloaded drawable resource #0x1080634 (android:drawable/spinner_ab_pressed_holo_light) that varies with configuration!!
01-21 10:50:29.902   171   171 W Resources: Preloaded drawable resource #0x108062e (android:drawable/spinner_ab_focused_holo_light) that varies with configuration!!
01-21 10:50:29.903   171   171 W Resources: Preloaded drawable resource #0x1080626 (android:drawable/spinner_ab_default_holo_light) that varies with configuration!!
01-21 10:50:29.903   171   171 W Resources: Preloaded drawable resource #0x1080631 (android:drawable/spinner_ab_holo_light) that varies with configuration!!
01-21 10:50:29.904   171   171 W Resources: Preloaded drawable resource #0x108063f (android:drawable/spinner_default_holo_dark) that varies with configuration!!
01-21 10:50:29.905   171   171 W Resources: Preloaded drawable resource #0x1080641 (android:drawable/spinner_default_holo_light) that varies with configuration!!
01-21 10:50:29.907   171   171 W Resources: Preloaded drawable resource #0x1080644 (android:drawable/spinner_disabled_holo_dark) that varies with configuration!!
01-21 10:50:29.911   460   460 W TextServicesManagerService: no available spell checker services found
01-21 10:50:29.912   158   203 D VoldCmdListener: asec list
01-21 10:50:29.912   460   460 I SystemServer: Network Score Service
01-21 10:50:29.914   460   460 I SystemServer: NetworkStats Service
01-21 10:50:29.918   171   171 I art     : Explicit concurrent mark sweep GC freed 375(63KB) AllocSpace objects, 0(0B) LOS objects, 39% free, 1617KB/2MB, paused 152us total 9.452ms
01-21 10:50:29.919   171   171 W Resources: Preloaded drawable resource #0x1080646 (android:drawable/spinner_disabled_holo_light) that varies with configuration!!
01-21 10:50:29.920   171   171 W Resources: Preloaded drawable resource #0x108064a (android:drawable/spinner_focused_holo_dark) that varies with configuration!!
01-21 10:50:29.921   171   171 W Resources: Preloaded drawable resource #0x108064c (android:drawable/spinner_focused_holo_light) that varies with configuration!!
01-21 10:50:29.923   171   171 W Resources: Preloaded drawable resource #0x1080652 (android:drawable/spinner_pressed_holo_dark) that varies with configuration!!
01-21 10:50:29.924   171   171 W Resources: Preloaded drawable resource #0x1080654 (android:drawable/spinner_pressed_holo_light) that varies with configuration!!
01-21 10:50:29.924   171   171 W Resources: Preloaded drawable resource #0x1080272 (android:drawable/cab_background_bottom_holo_dark) that varies with configuration!!
01-21 10:50:29.925   171   171 W Resources: Preloaded drawable resource #0x1080277 (android:drawable/cab_background_top_holo_light) that varies with configuration!!
01-21 10:50:29.925   171   171 W Resources: Preloaded drawable resource #0x1080273 (android:drawable/cab_background_bottom_holo_light) that varies with configuration!!
01-21 10:50:29.936   171   171 I art     : Explicit concurrent mark sweep GC freed 329(52KB) AllocSpace objects, 0(0B) LOS objects, 40% free, 1619KB/2MB, paused 205us total 10.021ms
01-21 10:50:29.938   171   171 W Resources: Preloaded drawable resource #0x108033a (android:drawable/ic_cab_done_holo_dark) that varies with configuration!!
01-21 10:50:29.939   171   171 W Resources: Preloaded drawable resource #0x1080276 (android:drawable/cab_background_top_holo_dark) that varies with configuration!!
01-21 10:50:29.940   171   171 W Resources: Preloaded drawable resource #0x108033b (android:drawable/ic_cab_done_holo_light) that varies with configuration!!
01-21 10:50:29.941   171   171 W Resources: Preloaded drawable resource #0x10800d6 (android:drawable/btn_cab_done_default_holo_dark) that varies with configuration!!
01-21 10:50:29.942   171   171 W Resources: Preloaded drawable resource #0x10800d9 (android:drawable/btn_cab_done_focused_holo_light) that varies with configuration!!
01-21 10:50:29.942   171   171 W Resources: Preloaded drawable resource #0x10800d7 (android:drawable/btn_cab_done_default_holo_light) that varies with configuration!!
01-21 10:50:29.943   171   171 W Resources: Preloaded drawable resource #0x10800de (android:drawable/btn_cab_done_pressed_holo_dark) that varies with configuration!!
01-21 10:50:29.943   171   171 W Resources: Preloaded drawable resource #0x10800d8 (android:drawable/btn_cab_done_focused_holo_dark) that varies with configuration!!
01-21 10:50:29.946   460   460 I SystemServer: NetworkPolicy Service
01-21 10:50:29.956   171   171 W Resources: Preloaded drawable resource #0x10800df (android:drawable/btn_cab_done_pressed_holo_light) that varies with configuration!!
01-21 10:50:29.957   171   171 W Resources: Preloaded drawable resource #0x10804ae (android:drawable/list_pressed_holo_light) that varies with configuration!!
01-21 10:50:29.957   171   171 W Resources: Preloaded drawable resource #0x10800d9 (android:drawable/btn_cab_done_focused_holo_light) that varies with configuration!!
01-21 10:50:29.958   171   171 W Resources: Preloaded drawable resource #0x10800d7 (android:drawable/btn_cab_done_default_holo_light) that varies with configuration!!
01-21 10:50:29.958   171   171 W Resources: Preloaded drawable resource #0x10800db (android:drawable/btn_cab_done_holo_light) that varies with configuration!!
01-21 10:50:29.959   171   171 W Resources: Preloaded drawable resource #0x10804ad (android:drawable/list_pressed_holo_dark) that varies with configuration!!
01-21 10:50:29.959   171   171 W Resources: Preloaded drawable resource #0x10800d8 (android:drawable/btn_cab_done_focused_holo_dark) that varies with configuration!!
01-21 10:50:29.960   171   171 W Resources: Preloaded drawable resource #0x10800d6 (android:drawable/btn_cab_done_default_holo_dark) that varies with configuration!!
01-21 10:50:29.960   171   171 W Resources: Preloaded drawable resource #0x10800da (android:drawable/btn_cab_done_holo_dark) that varies with configuration!!
01-21 10:50:29.965   460   460 I SystemServiceManager: Starting com.android.server.wifi.p2p.WifiP2pService
01-21 10:50:29.988   460   482 I UsageStatsService: User[0] Rollover scheduled @ 2013-01-22 02:00:00(1358812800000)
01-21 10:50:29.989   171   171 I art     : Explicit concurrent mark sweep GC freed 481(65KB) AllocSpace objects, 0(0B) LOS objects, 39% free, 1608KB/2MB, paused 139us total 28.176ms
01-21 10:50:29.991   171   171 W Resources: Preloaded drawable resource #0x1080038 (android:drawable/ic_menu_close_clear_cancel) that varies with configuration!!
01-21 10:50:29.991   171   171 W Resources: Preloaded drawable resource #0x10803df (android:drawable/ic_menu_copy_holo_dark) that varies with configuration!!
01-21 10:50:29.992   171   171 W Resources: Preloaded drawable resource #0x10803e0 (android:drawable/ic_menu_copy_holo_light) that varies with configuration!!
01-21 10:50:29.992   171   171 W Resources: Preloaded drawable resource #0x10803e3 (android:drawable/ic_menu_cut_holo_dark) that varies with configuration!!
01-21 10:50:29.993   171   171 W Resources: Preloaded drawable resource #0x10803e4 (android:drawable/ic_menu_cut_holo_light) that varies with configuration!!
01-21 10:50:29.994   171   171 W Resources: Preloaded drawable resource #0x1080045 (android:drawable/ic_menu_more) that varies with configuration!!
01-21 10:50:30.003   460   460 I WifiP2pService: Registering wifip2p
01-21 10:50:30.006   460   460 I SystemServiceManager: Starting com.android.server.wifi.WifiService
01-21 10:50:30.011   171   171 I art     : Explicit concurrent mark sweep GC freed 313(38KB) AllocSpace objects, 0(0B) LOS objects, 40% free, 1624KB/2MB, paused 149us total 16.639ms
01-21 10:50:30.012   171   171 W Resources: Preloaded drawable resource #0x10803fb (android:drawable/ic_menu_moreoverflow_normal_holo_dark) that varies with configuration!!
01-21 10:50:30.012   171   171 W Resources: Preloaded drawable resource #0x10803f8 (android:drawable/ic_menu_moreoverflow_holo_dark) that varies with configuration!!
01-21 10:50:30.013   171   171 W Resources: Preloaded drawable resource #0x10803fc (android:drawable/ic_menu_moreoverflow_normal_holo_light) that varies with configuration!!
01-21 10:50:30.013   171   171 W Resources: Preloaded drawable resource #0x10803f9 (android:drawable/ic_menu_moreoverflow_holo_light) that varies with configuration!!
01-21 10:50:30.014   171   171 W Resources: Preloaded drawable resource #0x10803ff (android:drawable/ic_menu_paste_holo_dark) that varies with configuration!!
01-21 10:50:30.014   171   171 W Resources: Preloaded drawable resource #0x1080400 (android:drawable/ic_menu_paste_holo_light) that varies with configuration!!
01-21 10:50:30.015   171   171 W Resources: Preloaded drawable resource #0x1080409 (android:drawable/ic_menu_selectall_holo_light) that varies with configuration!!
01-21 10:50:30.039   171   171 I art     : Explicit concurrent mark sweep GC freed 191(57KB) AllocSpace objects, 0(0B) LOS objects, 40% free, 1621KB/2MB, paused 142us total 23.880ms
01-21 10:50:30.041   171   171 W Resources: Preloaded drawable resource #0x1080408 (android:drawable/ic_menu_selectall_holo_dark) that varies with configuration!!
01-21 10:50:30.042   171   171 W Resources: Preloaded drawable resource #0x108033f (android:drawable/ic_clear_disabled) that varies with configuration!!
01-21 10:50:30.043   171   171 W Resources: Preloaded drawable resource #0x1080344 (android:drawable/ic_clear_normal) that varies with configuration!!
01-21 10:50:30.043   171   171 W Resources: Preloaded drawable resource #0x108033e (android:drawable/ic_clear) that varies with configuration!!
01-21 10:50:30.044   171   171 W Resources: Preloaded drawable resource #0x108033f (android:drawable/ic_clear_disabled) that varies with configuration!!
01-21 10:50:30.045   171   171 W Resources: Preloaded drawable resource #0x1080344 (android:drawable/ic_clear_normal) that varies with configuration!!
01-21 10:50:30.045   171   171 W Resources: Preloaded drawable resource #0x108043c (android:drawable/ic_search_api_holo_dark) that varies with configuration!!
01-21 10:50:30.060   171   171 I art     : Explicit concurrent mark sweep GC freed 206(48KB) AllocSpace objects, 0(0B) LOS objects, 39% free, 1625KB/2MB, paused 171us total 14.835ms
01-21 10:50:30.062   171   171 W Resources: Preloaded drawable resource #0x108043d (android:drawable/ic_search_api_holo_light) that varies with configuration!!
01-21 10:50:30.062   171   171 W Resources: Preloaded drawable resource #0x108036d (android:drawable/ic_go) that varies with configuration!!
01-21 10:50:30.063   171   171 W Resources: Preloaded drawable resource #0x108044b (android:drawable/ic_voice_search_api_holo_dark) that varies with configuration!!
01-21 10:50:30.064   171   171 W Resources: Preloaded drawable resource #0x108044c (android:drawable/ic_voice_search_api_holo_light) that varies with configuration!!
01-21 10:50:30.065   171   171 W Resources: Preloaded drawable resource #0x1080299 (android:drawable/dialog_bottom_holo_dark) that varies with configuration!!
01-21 10:50:30.066   171   171 W Resources: Preloaded drawable resource #0x108029a (android:drawable/dialog_bottom_holo_light) that varies with configuration!!
01-21 10:50:30.075   171   171 I art     : Explicit concurrent mark sweep GC freed 180(50KB) AllocSpace objects, 0(0B) LOS objects, 40% free, 1634KB/2MB, paused 133us total 8.264ms
01-21 10:50:30.077   171   171 W Resources: Preloaded drawable resource #0x108029e (android:drawable/dialog_full_holo_dark) that varies with configuration!!
01-21 10:50:30.078   171   171 W Resources: Preloaded drawable resource #0x108029f (android:drawable/dialog_full_holo_light) that varies with configuration!!
01-21 10:50:30.085   171   171 I art     : Explicit concurrent mark sweep GC freed 95(24KB) AllocSpace objects, 2(29KB) LOS objects, 39% free, 1638KB/2MB, paused 121us total 6.587ms
01-21 10:50:30.086   171   171 W Resources: Preloaded drawable resource #0x10802a7 (android:drawable/dialog_middle_holo_dark) that varies with configuration!!
01-21 10:50:30.087   171   171 W Resources: Preloaded drawable resource #0x10802a8 (android:drawable/dialog_middle_holo_light) that varies with configuration!!
01-21 10:50:30.088   171   171 W Resources: Preloaded drawable resource #0x10802a9 (android:drawable/dialog_top_holo_dark) that varies with configuration!!
01-21 10:50:30.089   171   171 W Resources: Preloaded drawable resource #0x10802aa (android:drawable/dialog_top_holo_light) that varies with configuration!!
01-21 10:50:30.100   171   171 I art     : Explicit concurrent mark sweep GC freed 107(6KB) AllocSpace objects, 2(53KB) LOS objects, 39% free, 1637KB/2MB, paused 180us total 9.745ms
01-21 10:50:30.101   171   171 W Resources: Preloaded drawable resource #0x108035b (android:drawable/ic_dialog_alert_holo_dark) that varies with configuration!!
01-21 10:50:30.102   171   171 W Resources: Preloaded drawable resource #0x108035c (android:drawable/ic_dialog_alert_holo_light) that varies with configuration!!
01-21 10:50:30.103   171   171 W Resources: Preloaded drawable resource #0x10804a1 (android:drawable/list_divider_holo_dark) that varies with configuration!!
01-21 10:50:30.103   171   171 W Resources: Preloaded drawable resource #0x10804a2 (android:drawable/list_divider_holo_light) that varies with configuration!!
01-21 10:50:30.103   171   171 W Resources: Preloaded drawable resource #0x10804a2 (android:drawable/list_divider_holo_light) that varies with configuration!!
01-21 10:50:30.104   171   171 W Resources: Preloaded drawable resource #0x10800c2 (android:drawable/ab_transparent_dark_holo) that varies with configuration!!
01-21 10:50:30.104   171   171 W Resources: Preloaded drawable resource #0x10800c0 (android:drawable/ab_stacked_transparent_dark_holo) that varies with configuration!!
01-21 10:50:30.105   171   171 W Resources: Preloaded drawable resource #0x10800a2 (android:drawable/ab_bottom_transparent_dark_holo) that varies with configuration!!
01-21 10:50:30.105   171   171 W Resources: Preloaded drawable resource #0x10800b8 (android:drawable/ab_solid_dark_holo) that varies with configuration!!
01-21 10:50:30.106   171   171 W Resources: Preloaded drawable resource #0x10800bd (android:drawable/ab_stacked_solid_dark_holo) that varies with configuration!!
01-21 10:50:30.114   171   171 I art     : Explicit concurrent mark sweep GC freed 243(36KB) AllocSpace objects, 2(29KB) LOS objects, 39% free, 1625KB/2MB, paused 128us total 7.475ms
01-21 10:50:30.115   171   171 W Resources: Preloaded drawable resource #0x108009f (android:drawable/ab_bottom_solid_dark_holo) that varies with configuration!!
01-21 10:50:30.115   171   171 W Resources: Preloaded drawable resource #0x10800c3 (android:drawable/ab_transparent_light_holo) that varies with configuration!!
01-21 10:50:30.116   171   171 W Resources: Preloaded drawable resource #0x10800c1 (android:drawable/ab_stacked_transparent_light_holo) that varies with configuration!!
01-21 10:50:30.116   171   171 W Resources: Preloaded drawable resource #0x10800a3 (android:drawable/ab_bottom_transparent_light_holo) that varies with configuration!!
