01-21 10:50:29.174   171   171 W Resources: Preloaded drawable resource #0x108014d (android:drawable/btn_default_normal_holo_light) that varies with configuration!!
01-21 10:50:29.175   171   171 W Resources: Preloaded drawable resource #0x108014c (android:drawable/btn_default_normal_holo_dark) that varies with configuration!!
01-21 10:50:29.192   171   171 I art     : Explicit concurrent mark sweep GC freed 167(53KB) AllocSpace objects, 0(0B) LOS objects, 40% free, 1583KB/2MB, paused 137us total 16.913ms
01-21 10:50:29.196   460   460 D PackageManager: No files in app dir /data/app-private
01-21 10:50:29.197   171   171 W Resources: Preloaded drawable resource #0x1080143 (android:drawable/btn_default_focused_holo_light) that varies with configuration!!
01-21 10:50:29.198   460   460 I PackageManager: Adjusting ABI for : com.android.location.fused to armeabi-v7a
01-21 10:50:29.198   460   460 I PackageManager: Adjusting ABI for : com.android.inputdevices to armeabi-v7a
01-21 10:50:29.199   460   460 I PackageManager: Adjusting ABI for : teaonly.rk.droidipcam to armeabi-v7a
01-21 10:50:29.199   460   460 I PackageManager: Adjusting ABI for : com.android.providers.settings to armeabi-v7a
01-21 10:50:29.199   460   460 I PackageManager: Adjusting ABI for : com.android.keychain to armeabi-v7a
01-21 10:50:29.200   460   460 I PackageManager: Adjusting ABI for : com.android.rockchip to armeabi-v7a
01-21 10:50:29.200   460   460 I PackageManager: Adjusting ABI for : com.android.settings to armeabi-v7a
01-21 10:50:29.201   460   460 I PackageManager: Adjusting ABI for : com.rk_itvui.settings to armeabi-v7a
01-21 10:50:29.202   171   171 W Resources: Preloaded drawable resource #0x1080142 (android:drawable/btn_default_focused_holo_dark) that varies with configuration!!
01-21 10:50:29.203   171   171 W Resources: Preloaded drawable resource #0x1080140 (android:drawable/btn_default_disabled_holo_light) that varies with configuration!!
01-21 10:50:29.204   460   460 I PackageManager: Time to scan packages: 2.827 seconds
01-21 10:50:29.204   460   460 W PackageManager: Not granting permission android.permission.MOUNT_UNMOUNT_FILESYSTEMS to package com.royole.bwaudioplayer (protectionLevel=18 flags=0x18be47)
01-21 10:50:29.204   460   460 W PackageManager: Not granting permission android.permission.MOUNT_UNMOUNT_FILESYSTEMS to package com.royole.bwpictureplayer (protectionLevel=18 flags=0x18be47)
01-21 10:50:29.204   460   460 W PackageManager: Not granting permission android.permission.UPDATE_APP_OPS_STATS to package com.royole.bwpictureplayer (protectionLevel=18 flags=0x18be47)
01-21 10:50:29.204   460   460 W PackageManager: Not granting permission android.permission.MOUNT_UNMOUNT_FILESYSTEMS to package com.royole.bwvideoplayer (protectionLevel=18 flags=0x48be47)
01-21 10:50:29.204   460   460 W PackageManager: Not granting permission android.permission.MOUNT_UNMOUNT_FILESYSTEMS to package com.gitvvideo (protectionLevel=18 flags=0x18be44)
01-21 10:50:29.205   460   460 W PackageManager: Unknown permission android.permission.SET_PROCESS_FOREGROUND in package com.gitvvideo
01-21 10:50:29.205   460   460 W PackageManager: Not granting permission android.permission.ACCESS_CACHE_FILESYSTEM to package com.gitvvideo (protectionLevel=18 flags=0x18be44)
01-21 10:50:29.205   460   460 W PackageManager: Not granting permission android.permission.INJECT_EVENTS to package com.gitvvideo (protectionLevel=2 flags=0x18be44)
01-21 10:50:29.205   460   460 W PackageManager: Not granting permission android.permission.READ_LOGS to package com.gitvvideo (protectionLevel=50 flags=0x18be44)
01-21 10:50:29.205   460   460 W PackageManager: Unknown permission android.permission.RUN_INSTRUMENTATION in package com.gitvvideo
01-21 10:50:29.205   460   460 W PackageManager: Unknown permission android.permission.USE_SPECIAL_UDISK in package com.gitvvideo
01-21 10:50:29.205   460   460 W PackageManager: Not granting permission android.permission.MASTER_CLEAR to package com.gitvvideo (protectionLevel=18 flags=0x18be44)
01-21 10:50:29.205   460   460 W PackageManager: Unknown permission android.permission.READ_MEDIA_STORAGE in package com.gitvvideo
01-21 10:50:29.205   460   460 W PackageManager: Not granting permission android.permission.WRITE_MEDIA_STORAGE to package com.gitvvideo (protectionLevel=18 flags=0x18be44)
01-21 10:50:29.205   460   460 W PackageManager: Not granting permission android.permission.INSTALL_LOCATION_PROVIDER to package com.gitvvideo (protectionLevel=18 flags=0x18be44)
01-21 10:50:29.205   460   460 W PackageManager: Not granting permission android.permission.INSTALL_PACKAGES to package com.gitvvideo (protectionLevel=18 flags=0x18be44)
01-21 10:50:29.205   460   460 W PackageManager: Not granting permission android.permission.DELETE_PACKAGES to package com.gitvvideo (protectionLevel=18 flags=0x18be44)
01-21 10:50:29.205   460   460 W PackageManager: Unknown permission com.smit.icast.DVB_SERVICE_PERMISSION in package com.gitvvideo
01-21 10:50:29.205   460   460 W PackageManager: Not granting permission android.permission.INTERACT_ACROSS_USERS_FULL to package com.gitvvideo (protectionLevel=2 flags=0x18be44)
01-21 10:50:29.205   460   460 W PackageManager: Unknown permission android.permission.READ_SETTINGS in package com.gitvvideo
01-21 10:50:29.205   460   460 W PackageManager: Unknown permission com.android.launcher.permission.READ_SETTINGS in package com.android.onetimeinitializer
01-21 10:50:29.205   460   460 W PackageManager: Unknown permission com.android.launcher.permission.WRITE_SETTINGS in package com.android.onetimeinitializer
01-21 10:50:29.205   460   460 W PackageManager: Unknown permission android.permission.READ_MEDIA_STORAGE in package com.royole.packageinstaller
01-21 10:50:29.205   460   460 W PackageManager: Not granting permission android.permission.DELETE_PACKAGES to package com.svox.pico (protectionLevel=18 flags=0x8be45)
01-21 10:50:29.205   460   460 W PackageManager: Unknown permission android.permission.RECORD_VIDEO in package teaonly.rk.droidipcam
01-21 10:50:29.205   460   460 W PackageManager: Unknown permission com.google.android.googleapps.permission.GOOGLE_AUTH in package com.android.settings
01-21 10:50:29.205   460   460 W PackageManager: Unknown permission com.android.launcher.permission.READ_SETTINGS in package com.android.settings
01-21 10:50:29.205   460   460 W PackageManager: Unknown permission com.android.launcher.permission.WRITE_SETTINGS in package com.android.settings
01-21 10:50:29.205   460   460 W PackageManager: Not granting permission android.permission.MOUNT_UNMOUNT_FILESYSTEMS to package com.dangbeimarket (protectionLevel=18 flags=0x183e44)
01-21 10:50:29.205   460   460 W PackageManager: Unknown permission android.permission.READ_MEDIA_STORAGE in package com.dangbeimarket
01-21 10:50:29.205   460   460 W PackageManager: Unknown permission android.permission.SYSTEM_OVERLAY_WINDOW in package com.dangbeimarket
01-21 10:50:29.205   460   460 W PackageManager: Not granting permission android.permission.ACCESS_DOWNLOAD_MANAGER to package com.dangbeimarket (protectionLevel=18 flags=0x183e44)
01-21 10:50:29.205   460   460 W PackageManager: Not granting permission android.permission.INSTALL_PACKAGES to package com.dangbeimarket (protectionLevel=18 flags=0x183e44)
01-21 10:50:29.205   460   460 W PackageManager: Not granting permission android.permission.DELETE_PACKAGES to package com.dangbeimarket (protectionLevel=18 flags=0x183e44)
01-21 10:50:29.205   460   460 W PackageManager: Not granting permission android.permission.CLEAR_APP_USER_DATA to package com.dangbeimarket (protectionLevel=2 flags=0x183e44)
01-21 10:50:29.205   460   460 W PackageManager: Not granting permission android.permission.CHANGE_COMPONENT_ENABLED_STATE to package com.dangbeimarket (protectionLevel=18 flags=0x183e44)
01-21 10:50:29.205   460   460 W PackageManager: Not granting permission android.permission.READ_FRAME_BUFFER to package com.dangbeimarket (protectionLevel=18 flags=0x183e44)
01-21 10:50:29.206   460   460 W PackageManager: Unknown permission com.google.android.gallery3d.permission.GALLERY_PROVIDER in package com.android.bluetooth
01-21 10:50:29.206   460   460 W PackageManager: Unknown permission com.android.gallery3d.permission.GALLERY_PROVIDER in package com.android.bluetooth
01-21 10:50:29.206   460   460 W PackageManager: Unknown permission android.permission.MMS_SEND_OUTBOX_MSG in package com.android.bluetooth
01-21 10:50:29.206   460   460 W PackageManager: Not granting permission android.permission.MOUNT_UNMOUNT_FILESYSTEMS to package com.cibn.tv (protectionLevel=18 flags=0x18be44)
01-21 10:50:29.206   460   460 W PackageManager: Unknown permission com.android.launcher.permission.READ_SETTINGS in package com.cibn.tv
01-21 10:50:29.206   460   460 W PackageManager: Unknown permission com.android.launcher.permission.WRITE_SETTINGS in package com.cibn.tv
01-21 10:50:29.206   460   460 W PackageManager: Not granting permission android.permission.READ_LOGS to package com.cibn.tv (protectionLevel=50 flags=0x18be44)
01-21 10:50:29.206   460   460 W PackageManager: Not granting permission android.permission.CHANGE_CONFIGURATION to package com.cibn.tv (protectionLevel=50 flags=0x18be44)
01-21 10:50:29.206   460   460 W PackageManager: Not granting permission android.permission.ACCESS_DOWNLOAD_MANAGER to package com.royole.bwbrowser (protectionLevel=18 flags=0x9be45)
01-21 10:50:29.206   460   460 W PackageManager: Not granting permission android.permission.SEND_DOWNLOAD_COMPLETED_INTENTS to package com.royole.bwbrowser (protectionLevel=2 flags=0x9be45)
01-21 10:50:29.208   171   171 W Resources: Preloaded drawable resource #0x108013f (android:drawable/btn_default_disabled_holo_dark) that varies with configuration!!
01-21 10:50:29.209   171   171 W Resources: Preloaded drawable resource #0x108013d (android:drawable/btn_default_disabled_focused_holo_light) that varies with configuration!!
01-21 10:50:29.210   171   171 W Resources: Preloaded drawable resource #0x108013c (android:drawable/btn_default_disabled_focused_holo_dark) that varies with configuration!!
01-21 10:50:29.211   171   171 W Resources: Preloaded drawable resource #0x108014c (android:drawable/btn_default_normal_holo_dark) that varies with configuration!!
01-21 10:50:29.212   171   171 W Resources: Preloaded drawable resource #0x108013f (android:drawable/btn_default_disabled_holo_dark) that varies with configuration!!
01-21 10:50:29.213   171   171 W Resources: Preloaded drawable resource #0x1080150 (android:drawable/btn_default_pressed_holo_dark) that varies with configuration!!
01-21 10:50:29.214   171   171 W Resources: Preloaded drawable resource #0x1080142 (android:drawable/btn_default_focused_holo_dark) that varies with configuration!!
01-21 10:50:29.222   171   171 W Resources: Preloaded drawable resource #0x108014c (android:drawable/btn_default_normal_holo_dark) that varies with configuration!!
01-21 10:50:29.223   171   171 W Resources: Preloaded drawable resource #0x108013c (android:drawable/btn_default_disabled_focused_holo_dark) that varies with configuration!!
01-21 10:50:29.223   171   171 W Resources: Preloaded drawable resource #0x108013f (android:drawable/btn_default_disabled_holo_dark) that varies with configuration!!
01-21 10:50:29.224   171   171 W Resources: Preloaded drawable resource #0x1080144 (android:drawable/btn_default_holo_dark) that varies with configuration!!
01-21 10:50:29.233   171   171 I art     : Explicit concurrent mark sweep GC freed 366(60KB) AllocSpace objects, 0(0B) LOS objects, 40% free, 1627KB/2MB, paused 141us total 8.745ms
01-21 10:50:29.235   171   171 W Resources: Preloaded drawable resource #0x108014d (android:drawable/btn_default_normal_holo_light) that varies with configuration!!
01-21 10:50:29.235   171   171 W Resources: Preloaded drawable resource #0x1080140 (android:drawable/btn_default_disabled_holo_light) that varies with configuration!!
01-21 10:50:29.236   171   171 W Resources: Preloaded drawable resource #0x1080151 (android:drawable/btn_default_pressed_holo_light) that varies with configuration!!
01-21 10:50:29.237   171   171 W Resources: Preloaded drawable resource #0x1080143 (android:drawable/btn_default_focused_holo_light) that varies with configuration!!
01-21 10:50:29.237   171   171 W Resources: Preloaded drawable resource #0x108014d (android:drawable/btn_default_normal_holo_light) that varies with configuration!!
01-21 10:50:29.238   171   171 W Resources: Preloaded drawable resource #0x108013d (android:drawable/btn_default_disabled_focused_holo_light) that varies with configuration!!
01-21 10:50:29.240   171   171 W Resources: Preloaded drawable resource #0x1080140 (android:drawable/btn_default_disabled_holo_light) that varies with configuration!!
01-21 10:50:29.241   171   171 W Resources: Preloaded drawable resource #0x1080145 (android:drawable/btn_default_holo_light) that varies with configuration!!
01-21 10:50:29.248   171   171 I art     : Explicit concurrent mark sweep GC freed 344(95KB) AllocSpace objects, 0(0B) LOS objects, 39% free, 1589KB/2MB, paused 125us total 6.663ms
01-21 10:50:29.261   171   171 W Resources: Preloaded drawable resource #0x1080221 (android:drawable/btn_star_off_normal_holo_light) that varies with configuration!!
01-21 10:50:29.263   171   171 W Resources: Preloaded drawable resource #0x108022b (android:drawable/btn_star_on_normal_holo_light) that varies with configuration!!
01-21 10:50:29.265   171   171 W Resources: Preloaded drawable resource #0x1080227 (android:drawable/btn_star_on_disabled_holo_light) that varies with configuration!!
01-21 10:50:29.266   171   171 W Resources: Preloaded drawable resource #0x108021d (android:drawable/btn_star_off_disabled_holo_light) that varies with configuration!!
01-21 10:50:29.271   171   171 W Resources: Preloaded drawable resource #0x108022d (android:drawable/btn_star_on_pressed_holo_light) that varies with configuration!!
01-21 10:50:29.274   171   171 W Resources: Preloaded drawable resource #0x1080223 (android:drawable/btn_star_off_pressed_holo_light) that varies with configuration!!
01-21 10:50:29.285   171   171 I art     : Explicit concurrent mark sweep GC freed 213(53KB) AllocSpace objects, 0(0B) LOS objects, 39% free, 1590KB/2MB, paused 133us total 10.467ms
01-21 10:50:29.289   171   171 W Resources: Preloaded drawable resource #0x1080229 (android:drawable/btn_star_on_focused_holo_light) that varies with configuration!!
01-21 10:50:29.291   171   171 W Resources: Preloaded drawable resource #0x108021f (android:drawable/btn_star_off_focused_holo_light) that varies with configuration!!
01-21 10:50:29.294   171   171 W Resources: Preloaded drawable resource #0x1080225 (android:drawable/btn_star_on_disabled_focused_holo_light) that varies with configuration!!
01-21 10:50:29.296   171   171 W Resources: Preloaded drawable resource #0x108021b (android:drawable/btn_star_off_disabled_focused_holo_light) that varies with configuration!!
01-21 10:50:29.300   171   171 W Resources: Preloaded drawable resource #0x1080221 (android:drawable/btn_star_off_normal_holo_light) that varies with configuration!!
01-21 10:50:29.303   171   171 W Resources: Preloaded drawable resource #0x108022b (android:drawable/btn_star_on_normal_holo_light) that varies with configuration!!
01-21 10:50:29.304   171   171 W Resources: Preloaded drawable resource #0x1080227 (android:drawable/btn_star_on_disabled_holo_light) that varies with configuration!!
01-21 10:50:29.305   171   171 W Resources: Preloaded drawable resource #0x108021d (android:drawable/btn_star_off_disabled_holo_light) that varies with configuration!!
01-21 10:50:29.305   171   171 W Resources: Preloaded drawable resource #0x108022d (android:drawable/btn_star_on_pressed_holo_light) that varies with configuration!!
01-21 10:50:29.306   171   171 W Resources: Preloaded drawable resource #0x1080223 (android:drawable/btn_star_off_pressed_holo_light) that varies with configuration!!
01-21 10:50:29.307   171   171 W Resources: Preloaded drawable resource #0x1080229 (android:drawable/btn_star_on_focused_holo_light) that varies with configuration!!
01-21 10:50:29.308   171   171 W Resources: Preloaded drawable resource #0x108021f (android:drawable/btn_star_off_focused_holo_light) that varies with configuration!!
01-21 10:50:29.309   171   171 W Resources: Preloaded drawable resource #0x1080225 (android:drawable/btn_star_on_disabled_focused_holo_light) that varies with configuration!!
01-21 10:50:29.309   171   171 W Resources: Preloaded drawable resource #0x1080227 (android:drawable/btn_star_on_disabled_holo_light) that varies with configuration!!
01-21 10:50:29.310   171   171 W Resources: Preloaded drawable resource #0x108021b (android:drawable/btn_star_off_disabled_focused_holo_light) that varies with configuration!!
01-21 10:50:29.312   171   171 W Resources: Preloaded drawable resource #0x108021d (android:drawable/btn_star_off_disabled_holo_light) that varies with configuration!!
01-21 10:50:29.313   171   171 W Resources: Preloaded drawable resource #0x1080221 (android:drawable/btn_star_off_normal_holo_light) that varies with configuration!!
01-21 10:50:29.314   171   171 W Resources: Preloaded drawable resource #0x108022b (android:drawable/btn_star_on_normal_holo_light) that varies with configuration!!
01-21 10:50:29.314   171   171 W Resources: Preloaded drawable resource #0x1080216 (android:drawable/btn_star_holo_light) that varies with configuration!!
01-21 10:50:29.323   171   171 I art     : Explicit concurrent mark sweep GC freed 471(74KB) AllocSpace objects, 0(0B) LOS objects, 39% free, 1682KB/2MB, paused 142us total 8.639ms
01-21 10:50:29.326   171   171 W Resources: Preloaded drawable resource #0x1080220 (android:drawable/btn_star_off_normal_holo_dark) that varies with configuration!!
01-21 10:50:29.327   171   171 W Resources: Preloaded drawable resource #0x108022a (android:drawable/btn_star_on_normal_holo_dark) that varies with configuration!!
01-21 10:50:29.329   171   171 W Resources: Preloaded drawable resource #0x1080226 (android:drawable/btn_star_on_disabled_holo_dark) that varies with configuration!!
01-21 10:50:29.330   171   171 W Resources: Preloaded drawable resource #0x108021c (android:drawable/btn_star_off_disabled_holo_dark) that varies with configuration!!
01-21 10:50:29.331   171   171 W Resources: Preloaded drawable resource #0x108022c (android:drawable/btn_star_on_pressed_holo_dark) that varies with configuration!!
01-21 10:50:29.332   171   171 W Resources: Preloaded drawable resource #0x1080222 (android:drawable/btn_star_off_pressed_holo_dark) that varies with configuration!!
01-21 10:50:29.338   460   460 I art     : Explicit concurrent mark sweep GC freed 8245(592KB) AllocSpace objects, 2(32KB) LOS objects, 33% free, 2MB/3MB, paused 1.035ms total 17.945ms
01-21 10:50:29.340   460   460 I SystemServer: User Service
01-21 10:50:29.349   171   171 I art     : Explicit concurrent mark sweep GC freed 264(144KB) AllocSpace objects, 0(0B) LOS objects, 40% free, 1592KB/2MB, paused 147us total 15.866ms
01-21 10:50:29.350   155   155 I lowmemorykiller: ActivityManager connected
01-21 10:50:29.351   171   171 W Resources: Preloaded drawable resource #0x1080228 (android:drawable/btn_star_on_focused_holo_dark) that varies with configuration!!
01-21 10:50:29.352   171   171 W Resources: Preloaded drawable resource #0x108021e (android:drawable/btn_star_off_focused_holo_dark) that varies with configuration!!
01-21 10:50:29.353   171   171 W Resources: Preloaded drawable resource #0x1080224 (android:drawable/btn_star_on_disabled_focused_holo_dark) that varies with configuration!!
01-21 10:50:29.355   171   171 W Resources: Preloaded drawable resource #0x108021a (android:drawable/btn_star_off_disabled_focused_holo_dark) that varies with configuration!!
01-21 10:50:29.356   171   171 W Resources: Preloaded drawable resource #0x1080220 (android:drawable/btn_star_off_normal_holo_dark) that varies with configuration!!
01-21 10:50:29.357   171   171 W Resources: Preloaded drawable resource #0x108022a (android:drawable/btn_star_on_normal_holo_dark) that varies with configuration!!
01-21 10:50:29.358   171   171 W Resources: Preloaded drawable resource #0x1080226 (android:drawable/btn_star_on_disabled_holo_dark) that varies with configuration!!
01-21 10:50:29.359   171   171 W Resources: Preloaded drawable resource #0x108021c (android:drawable/btn_star_off_disabled_holo_dark) that varies with configuration!!
01-21 10:50:29.360   171   171 W Resources: Preloaded drawable resource #0x108022c (android:drawable/btn_star_on_pressed_holo_dark) that varies with configuration!!
01-21 10:50:29.361   171   171 W Resources: Preloaded drawable resource #0x1080222 (android:drawable/btn_star_off_pressed_holo_dark) that varies with configuration!!
01-21 10:50:29.362   171   171 W Resources: Preloaded drawable resource #0x1080228 (android:drawable/btn_star_on_focused_holo_dark) that varies with configuration!!
01-21 10:50:29.363   171   171 W Resources: Preloaded drawable resource #0x108021e (android:drawable/btn_star_off_focused_holo_dark) that varies with configuration!!
01-21 10:50:29.364   171   171 W Resources: Preloaded drawable resource #0x1080224 (android:drawable/btn_star_on_disabled_focused_holo_dark) that varies with configuration!!
01-21 10:50:29.364   171   171 W Resources: Preloaded drawable resource #0x1080226 (android:drawable/btn_star_on_disabled_holo_dark) that varies with configuration!!
01-21 10:50:29.365   171   171 W Resources: Preloaded drawable resource #0x108021a (android:drawable/btn_star_off_disabled_focused_holo_dark) that varies with configuration!!
01-21 10:50:29.366   171   171 W Resources: Preloaded drawable resource #0x108021c (android:drawable/btn_star_off_disabled_holo_dark) that varies with configuration!!
01-21 10:50:29.366   171   171 W Resources: Preloaded drawable resource #0x1080220 (android:drawable/btn_star_off_normal_holo_dark) that varies with configuration!!
01-21 10:50:29.367   171   171 W Resources: Preloaded drawable resource #0x108022a (android:drawable/btn_star_on_normal_holo_dark) that varies with configuration!!
01-21 10:50:29.367   171   171 W Resources: Preloaded drawable resource #0x1080215 (android:drawable/btn_star_holo_dark) that varies with configuration!!
01-21 10:50:29.373   171   171 I art     : Explicit concurrent mark sweep GC freed 469(73KB) AllocSpace objects, 0(0B) LOS objects, 40% free, 1684KB/2MB, paused 126us total 6.401ms
01-21 10:50:29.375   171   171 W Resources: Preloaded drawable resource #0x1080261 (android:drawable/btn_toggle_on_pressed_holo_light) that varies with configuration!!
01-21 10:50:29.375   171   171 W Resources: Preloaded drawable resource #0x1080260 (android:drawable/btn_toggle_on_pressed_holo_dark) that varies with configuration!!
01-21 10:50:29.376   171   171 W Resources: Preloaded drawable resource #0x108025f (android:drawable/btn_toggle_on_normal_holo_light) that varies with configuration!!
01-21 10:50:29.376   171   171 W Resources: Preloaded drawable resource #0x108025e (android:drawable/btn_toggle_on_normal_holo_dark) that varies with configuration!!
01-21 10:50:29.377   171   171 W Resources: Preloaded drawable resource #0x108025d (android:drawable/btn_toggle_on_focused_holo_light) that varies with configuration!!
01-21 10:50:29.377   171   171 W Resources: Preloaded drawable resource #0x108025c (android:drawable/btn_toggle_on_focused_holo_dark) that varies with configuration!!
01-21 10:50:29.377   171   171 W Resources: Preloaded drawable resource #0x108025b (android:drawable/btn_toggle_on_disabled_holo_light) that varies with configuration!!
01-21 10:50:29.384   171   171 I art     : Explicit concurrent mark sweep GC freed 284(145KB) AllocSpace objects, 0(0B) LOS objects, 39% free, 1594KB/2MB, paused 118us total 6.283ms
01-21 10:50:29.385   171   171 W Resources: Preloaded drawable resource #0x108025a (android:drawable/btn_toggle_on_disabled_holo_dark) that varies with configuration!!
01-21 10:50:29.385   171   171 W Resources: Preloaded drawable resource #0x1080259 (android:drawable/btn_toggle_on_disabled_focused_holo_light) that varies with configuration!!
01-21 10:50:29.386   171   171 W Resources: Preloaded drawable resource #0x1080258 (android:drawable/btn_toggle_on_disabled_focused_holo_dark) that varies with configuration!!
01-21 10:50:29.386   171   171 W Resources: Preloaded drawable resource #0x1080256 (android:drawable/btn_toggle_off_pressed_holo_light) that varies with configuration!!
01-21 10:50:29.387   171   171 W Resources: Preloaded drawable resource #0x1080255 (android:drawable/btn_toggle_off_pressed_holo_dark) that varies with configuration!!
01-21 10:50:29.387   171   171 W Resources: Preloaded drawable resource #0x1080254 (android:drawable/btn_toggle_off_normal_holo_light) that varies with configuration!!
01-21 10:50:29.387   171   171 W Resources: Preloaded drawable resource #0x1080253 (android:drawable/btn_toggle_off_normal_holo_dark) that varies with configuration!!
01-21 10:50:29.394   171   171 I art     : Explicit concurrent mark sweep GC freed 229(55KB) AllocSpace objects, 0(0B) LOS objects, 39% free, 1595KB/2MB, paused 123us total 6.278ms
01-21 10:50:29.395   171   171 W Resources: Preloaded drawable resource #0x1080252 (android:drawable/btn_toggle_off_focused_holo_light) that varies with configuration!!
01-21 10:50:29.395   171   171 W Resources: Preloaded drawable resource #0x1080251 (android:drawable/btn_toggle_off_focused_holo_dark) that varies with configuration!!
01-21 10:50:29.396   171   171 W Resources: Preloaded drawable resource #0x1080250 (android:drawable/btn_toggle_off_disabled_holo_light) that varies with configuration!!
01-21 10:50:29.396   171   171 W Resources: Preloaded drawable resource #0x108024f (android:drawable/btn_toggle_off_disabled_holo_dark) that varies with configuration!!
01-21 10:50:29.396   171   171 W Resources: Preloaded drawable resource #0x108024e (android:drawable/btn_toggle_off_disabled_focused_holo_light) that varies with configuration!!
01-21 10:50:29.397   171   171 W Resources: Preloaded drawable resource #0x108024d (android:drawable/btn_toggle_off_disabled_focused_holo_dark) that varies with configuration!!
01-21 10:50:29.398   171   171 W Resources: Preloaded drawable resource #0x108025f (android:drawable/btn_toggle_on_normal_holo_light) that varies with configuration!!
01-21 10:50:29.398   171   171 W Resources: Preloaded drawable resource #0x108025b (android:drawable/btn_toggle_on_disabled_holo_light) that varies with configuration!!
01-21 10:50:29.399   171   171 W Resources: Preloaded drawable resource #0x1080261 (android:drawable/btn_toggle_on_pressed_holo_light) that varies with configuration!!
01-21 10:50:29.399   171   171 W Resources: Preloaded drawable resource #0x108025d (android:drawable/btn_toggle_on_focused_holo_light) that varies with configuration!!
01-21 10:50:29.399   171   171 W Resources: Preloaded drawable resource #0x108025f (android:drawable/btn_toggle_on_normal_holo_light) that varies with configuration!!
01-21 10:50:29.400   171   171 W Resources: Preloaded drawable resource #0x1080259 (android:drawable/btn_toggle_on_disabled_focused_holo_light) that varies with configuration!!
01-21 10:50:29.400   171   171 W Resources: Preloaded drawable resource #0x108025b (android:drawable/btn_toggle_on_disabled_holo_light) that varies with configuration!!
01-21 10:50:29.400   171   171 W Resources: Preloaded drawable resource #0x1080254 (android:drawable/btn_toggle_off_normal_holo_light) that varies with configuration!!
01-21 10:50:29.401   171   171 W Resources: Preloaded drawable resource #0x1080250 (android:drawable/btn_toggle_off_disabled_holo_light) that varies with configuration!!
01-21 10:50:29.401   171   171 W Resources: Preloaded drawable resource #0x1080256 (android:drawable/btn_toggle_off_pressed_holo_light) that varies with configuration!!
01-21 10:50:29.401   171   171 W Resources: Preloaded drawable resource #0x1080252 (android:drawable/btn_toggle_off_focused_holo_light) that varies with configuration!!
01-21 10:50:29.402   171   171 W Resources: Preloaded drawable resource #0x1080254 (android:drawable/btn_toggle_off_normal_holo_light) that varies with configuration!!
01-21 10:50:29.402   171   171 W Resources: Preloaded drawable resource #0x108024e (android:drawable/btn_toggle_off_disabled_focused_holo_light) that varies with configuration!!
01-21 10:50:29.402   171   171 W Resources: Preloaded drawable resource #0x1080250 (android:drawable/btn_toggle_off_disabled_holo_light) that varies with configuration!!
01-21 10:50:29.403   171   171 W Resources: Preloaded drawable resource #0x1080249 (android:drawable/btn_toggle_holo_light) that varies with configuration!!
01-21 10:50:29.409   171   171 I art     : Explicit concurrent mark sweep GC freed 551(75KB) AllocSpace objects, 0(0B) LOS objects, 39% free, 1681KB/2MB, paused 124us total 6.121ms
01-21 10:50:29.410   171   171 W Resources: Preloaded drawable resource #0x108025e (android:drawable/btn_toggle_on_normal_holo_dark) that varies with configuration!!
01-21 10:50:29.411   171   171 W Resources: Preloaded drawable resource #0x108025a (android:drawable/btn_toggle_on_disabled_holo_dark) that varies with configuration!!
01-21 10:50:29.411   171   171 W Resources: Preloaded drawable resource #0x1080260 (android:drawable/btn_toggle_on_pressed_holo_dark) that varies with configuration!!
01-21 10:50:29.412   171   171 W Resources: Preloaded drawable resource #0x108025c (android:drawable/btn_toggle_on_focused_holo_dark) that varies with configuration!!
01-21 10:50:29.412   171   171 W Resources: Preloaded drawable resource #0x108025e (android:drawable/btn_toggle_on_normal_holo_dark) that varies with configuration!!
01-21 10:50:29.412   171   171 W Resources: Preloaded drawable resource #0x1080258 (android:drawable/btn_toggle_on_disabled_focused_holo_dark) that varies with configuration!!
01-21 10:50:29.413   171   171 W Resources: Preloaded drawable resource #0x108025a (android:drawable/btn_toggle_on_disabled_holo_dark) that varies with configuration!!
01-21 10:50:29.413   171   171 W Resources: Preloaded drawable resource #0x1080253 (android:drawable/btn_toggle_off_normal_holo_dark) that varies with configuration!!
01-21 10:50:29.414   171   171 W Resources: Preloaded drawable resource #0x108024f (android:drawable/btn_toggle_off_disabled_holo_dark) that varies with configuration!!
01-21 10:50:29.414   171   171 W Resources: Preloaded drawable resource #0x1080255 (android:drawable/btn_toggle_off_pressed_holo_dark) that varies with configuration!!
01-21 10:50:29.415   171   171 W Resources: Preloaded drawable resource #0x1080251 (android:drawable/btn_toggle_off_focused_holo_dark) that varies with configuration!!
01-21 10:50:29.415   171   171 W Resources: Preloaded drawable resource #0x1080253 (android:drawable/btn_toggle_off_normal_holo_dark) that varies with configuration!!
01-21 10:50:29.416   460   460 I SystemServiceManager: Starting com.android.server.lights.LightsService
01-21 10:50:29.419   171   171 W Resources: Preloaded drawable resource #0x108024d (android:drawable/btn_toggle_off_disabled_focused_holo_dark) that varies with configuration!!
01-21 10:50:29.420   171   171 W Resources: Preloaded drawable resource #0x108024f (android:drawable/btn_toggle_off_disabled_holo_dark) that varies with configuration!!
01-21 10:50:29.420   171   171 W Resources: Preloaded drawable resource #0x1080248 (android:drawable/btn_toggle_holo_dark) that varies with configuration!!
01-21 10:50:29.420   460   460 I Lights  : >>> Enter light_device_open:backlight
01-21 10:50:29.420   460   460 I Lights  : >>> Enter light_device_open:keyboard
01-21 10:50:29.420   460   460 I Lights  : >>> Enter light_device_open:buttons
01-21 10:50:29.420   460   460 I Lights  : >>> Enter light_device_open:battery
01-21 10:50:29.420   460   460 I Lights  : >>> Enter light_device_open:notifications
01-21 10:50:29.420   460   460 I Lights  : >>> Enter light_device_open:attention
01-21 10:50:29.420   460   460 I Lights  : >>> Enter light_device_open:bluetooth
01-21 10:50:29.420   460   460 I Lights  : >>> undefine light id
01-21 10:50:29.420   460   460 I Lights  : >>> Enter light_device_open:wifi
01-21 10:50:29.420   460   460 I Lights  : >>> undefine light id
01-21 10:50:29.421   460   460 E DisplayOutputManager: Unable to connect to display device management service! - is it running yet?
01-21 10:50:29.421   460   460 I SystemServiceManager: Starting com.android.server.BatteryService
01-21 10:50:29.424   166   518 D FFPlayer: [onDisplayEvent]audiotime = 1576169;videotime=1560000;latenessUs=16169;rawpts=1560000
01-21 10:50:29.429   171   171 I art     : Explicit concurrent mark sweep GC freed 600(151KB) AllocSpace objects, 0(0B) LOS objects, 40% free, 1642KB/2MB, paused 144us total 8.458ms
01-21 10:50:29.431   171   171 W Resources: Preloaded drawable resource #0x1080737 (android:drawable/textfield_multiline_default_holo_light) that varies with configuration!!
01-21 10:50:29.432   171   171 W Resources: Preloaded drawable resource #0x108073b (android:drawable/textfield_multiline_disabled_holo_light) that varies with configuration!!
01-21 10:50:29.433   171   171 W Resources: Preloaded drawable resource #0x1080735 (android:drawable/textfield_multiline_activated_holo_light) that varies with configuration!!
01-21 10:50:29.433   171   171 W Resources: Preloaded drawable resource #0x108073d (android:drawable/textfield_multiline_focused_holo_light) that varies with configuration!!
01-21 10:50:29.434   171   171 W Resources: Preloaded drawable resource #0x1080737 (android:drawable/textfield_multiline_default_holo_light) that varies with configuration!!
01-21 10:50:29.434   171   171 W Resources: Preloaded drawable resource #0x1080739 (android:drawable/textfield_multiline_disabled_focused_holo_light) that varies with configuration!!
01-21 10:50:29.435   171   171 W Resources: Preloaded drawable resource #0x108073b (android:drawable/textfield_multiline_disabled_holo_light) that varies with configuration!!
01-21 10:50:29.435   171   171 W Resources: Preloaded drawable resource #0x1080729 (android:drawable/textfield_default_holo_light) that varies with configuration!!
01-21 10:50:29.436   171   171 W Resources: Preloaded drawable resource #0x108072f (android:drawable/textfield_disabled_holo_light) that varies with configuration!!
01-21 10:50:29.437   171   171 W Resources: Preloaded drawable resource #0x1080720 (android:drawable/textfield_activated_holo_light) that varies with configuration!!
01-21 10:50:29.437   171   171 W Resources: Preloaded drawable resource #0x1080732 (android:drawable/textfield_focused_holo_light) that varies with configuration!!
01-21 10:50:29.437   171   171 W Resources: Preloaded drawable resource #0x1080729 (android:drawable/textfield_default_holo_light) that varies with configuration!!
01-21 10:50:29.438   171   171 W Resources: Preloaded drawable resource #0x108072d (android:drawable/textfield_disabled_focused_holo_light) that varies with configuration!!
01-21 10:50:29.439   171   171 W Resources: Preloaded drawable resource #0x108072f (android:drawable/textfield_disabled_holo_light) that varies with configuration!!
01-21 10:50:29.439   171   171 W Resources: Preloaded drawable resource #0x10802d1 (android:drawable/edit_text_holo_light) that varies with configuration!!
01-21 10:50:29.440   460   460 I SystemServiceManager: Starting com.android.server.usage.UsageStatsService
01-21 10:50:29.450   460   460 I SystemServiceManager: Starting com.android.server.webkit.WebViewUpdateService
01-21 10:50:29.450   171   171 I art     : Explicit concurrent mark sweep GC freed 527(113KB) AllocSpace objects, 0(0B) LOS objects, 40% free, 1643KB/2MB, paused 177us total 9.644ms
01-21 10:50:29.453   171   171 W Resources: Preloaded drawable resource #0x1080736 (android:drawable/textfield_multiline_default_holo_dark) that varies with configuration!!
01-21 10:50:29.454   171   171 W Resources: Preloaded drawable resource #0x108073a (android:drawable/textfield_multiline_disabled_holo_dark) that varies with configuration!!
01-21 10:50:29.456   171   171 W Resources: Preloaded drawable resource #0x1080734 (android:drawable/textfield_multiline_activated_holo_dark) that varies with configuration!!
01-21 10:50:29.456   460   460 I SystemServer: Reading configuration...
01-21 10:50:29.456   460   460 I SystemServer: Scheduling Policy
01-21 10:50:29.457   171   171 W Resources: Preloaded drawable resource #0x108073c (android:drawable/textfield_multiline_focused_holo_dark) that varies with configuration!!
01-21 10:50:29.459   171   171 W Resources: Preloaded drawable resource #0x1080736 (android:drawable/textfield_multiline_default_holo_dark) that varies with configuration!!
01-21 10:50:29.460   171   171 W Resources: Preloaded drawable resource #0x1080738 (android:drawable/textfield_multiline_disabled_focused_holo_dark) that varies with configuration!!
01-21 10:50:29.461   171   171 W Resources: Preloaded drawable resource #0x108073a (android:drawable/textfield_multiline_disabled_holo_dark) that varies with configuration!!
01-21 10:50:29.463   171   171 W Resources: Preloaded drawable resource #0x1080728 (android:drawable/textfield_default_holo_dark) that varies with configuration!!
01-21 10:50:29.464   171   171 W Resources: Preloaded drawable resource #0x108072e (android:drawable/textfield_disabled_holo_dark) that varies with configuration!!
01-21 10:50:29.465   171   171 W Resources: Preloaded drawable resource #0x108071f (android:drawable/textfield_activated_holo_dark) that varies with configuration!!
01-21 10:50:29.466   171   171 W Resources: Preloaded drawable resource #0x1080731 (android:drawable/textfield_focused_holo_dark) that varies with configuration!!
01-21 10:50:29.467   171   171 W Resources: Preloaded drawable resource #0x1080728 (android:drawable/textfield_default_holo_dark) that varies with configuration!!
01-21 10:50:29.467   171   171 W Resources: Preloaded drawable resource #0x108072c (android:drawable/textfield_disabled_focused_holo_dark) that varies with configuration!!
01-21 10:50:29.469   171   171 W Resources: Preloaded drawable resource #0x108072e (android:drawable/textfield_disabled_holo_dark) that varies with configuration!!
01-21 10:50:29.469   171   171 W Resources: Preloaded drawable resource #0x10802d0 (android:drawable/edit_text_holo_dark) that varies with configuration!!
01-21 10:50:29.474   460   460 I SystemServiceManager: Starting com.android.server.telecom.TelecomLoaderService
01-21 10:50:29.474   460   460 I SystemServer: Telephony Registry
01-21 10:50:29.483   460   460 I SystemServer: Entropy Mixer
01-21 10:50:29.496   460   460 I EntropyMixer: Writing entropy...
01-21 10:50:29.505   171   171 I art     : Explicit concurrent mark sweep GC freed 527(112KB) AllocSpace objects, 0(0B) LOS objects, 39% free, 1645KB/2MB, paused 196us total 32.286ms
01-21 10:50:29.511   171   171 W Resources: Preloaded drawable resource #0x1080716 (android:drawable/text_select_handle_left) that varies with configuration!!
01-21 10:50:29.512   171   171 W Resources: Preloaded drawable resource #0x108071c (android:drawable/text_select_handle_right) that varies with configuration!!
01-21 10:50:29.513   171   171 W Resources: Preloaded drawable resource #0x1080713 (android:drawable/text_edit_paste_window) that varies with configuration!!
01-21 10:50:29.521   460   460 I SystemServer: Account Manager
01-21 10:50:29.522   171   171 I art     : Explicit concurrent mark sweep GC freed 259(95KB) AllocSpace objects, 0(0B) LOS objects, 40% free, 1603KB/2MB, paused 147us total 8.425ms
01-21 10:50:29.523   171   171 W Resources: Preloaded drawable resource #0x10802e8 (android:drawable/expander_close_holo_dark) that varies with configuration!!
01-21 10:50:29.524   171   171 W Resources: Preloaded drawable resource #0x10802e9 (android:drawable/expander_close_holo_light) that varies with configuration!!
01-21 10:50:29.525   171   171 W Resources: Preloaded drawable resource #0x10802e8 (android:drawable/expander_close_holo_dark) that varies with configuration!!
01-21 10:50:29.525   171   171 W Resources: Preloaded drawable resource #0x10802f1 (android:drawable/expander_open_holo_dark) that varies with configuration!!
01-21 10:50:29.526   171   171 W Resources: Preloaded drawable resource #0x10802ec (android:drawable/expander_group_holo_dark) that varies with configuration!!
01-21 10:50:29.526   171   171 W Resources: Preloaded drawable resource #0x10802e9 (android:drawable/expander_close_holo_light) that varies with configuration!!
01-21 10:50:29.528   171   171 W Resources: Preloaded drawable resource #0x10802f2 (android:drawable/expander_open_holo_light) that varies with configuration!!
01-21 10:50:29.528   171   171 W Resources: Preloaded drawable resource #0x10802ed (android:drawable/expander_group_holo_light) that varies with configuration!!
01-21 10:50:29.529   460   460 I SystemServer: Start SimStateChange Service
01-21 10:50:29.531   460   460 W ActivityManagerService: Unable to start service Intent { cmp=com.android.contacts/.SimStateChangedService } U=0: not found
01-21 10:50:29.531   460   460 I SystemServer: Content Manager
01-21 10:50:29.533   460   460 I SystemServer: System Content Providers
01-21 10:50:29.537   171   171 I art     : Explicit concurrent mark sweep GC freed 195(18KB) AllocSpace objects, 2(37KB) LOS objects, 40% free, 1605KB/2MB, paused 165us total 7.613ms
01-21 10:50:29.539   171   171 W Resources: Preloaded drawable resource #0x10804ce (android:drawable/list_selector_disabled_holo_dark) that varies with configuration!!
01-21 10:50:29.540   171   171 W Resources: Preloaded drawable resource #0x10804ce (android:drawable/list_selector_disabled_holo_dark) that varies with configuration!!
01-21 10:50:29.541   171   171 W Resources: Preloaded drawable resource #0x10804ad (android:drawable/list_pressed_holo_dark) that varies with configuration!!
01-21 10:50:29.542   171   171 W Resources: Preloaded drawable resource #0x10804ab (android:drawable/list_longpressed_holo_dark) that varies with configuration!!
01-21 10:50:29.542   171   171 W Resources: Preloaded drawable resource #0x10804cb (android:drawable/list_selector_background_transition_holo_dark) that varies with configuration!!
01-21 10:50:29.542   171   171 W Resources: Preloaded drawable resource #0x10804ad (android:drawable/list_pressed_holo_dark) that varies with configuration!!
01-21 10:50:29.542   171   171 W Resources: Preloaded drawable resource #0x10804ab (android:drawable/list_longpressed_holo_dark) that varies with configuration!!
01-21 10:50:29.542   171   171 W Resources: Preloaded drawable resource #0x10804cb (android:drawable/list_selector_background_transition_holo_dark) that varies with configuration!!
01-21 10:50:29.543   171   171 W Resources: Preloaded drawable resource #0x10804a6 (android:drawable/list_focused_holo) that varies with configuration!!
01-21 10:50:29.543   171   171 W Resources: Preloaded drawable resource #0x10804d2 (android:drawable/list_selector_holo_dark) that varies with configuration!!
01-21 10:50:29.544   171   171 W Resources: Preloaded drawable resource #0x10804cf (android:drawable/list_selector_disabled_holo_light) that varies with configuration!!
01-21 10:50:29.545   171   171 W Resources: Preloaded drawable resource #0x10804cf (android:drawable/list_selector_disabled_holo_light) that varies with configuration!!
01-21 10:50:29.545   171   171 W Resources: Preloaded drawable resource #0x10804ae (android:drawable/list_pressed_holo_light) that varies with configuration!!
01-21 10:50:29.546   171   171 W Resources: Preloaded drawable resource #0x10804ac (android:drawable/list_longpressed_holo_light) that varies with configuration!!
01-21 10:50:29.546   171   171 W Resources: Preloaded drawable resource #0x10804cc (android:drawable/list_selector_background_transition_holo_light) that varies with configuration!!
01-21 10:50:29.546   171   171 W Resources: Preloaded drawable resource #0x10804ae (android:drawable/list_pressed_holo_light) that varies with configuration!!
01-21 10:50:29.547   171   171 W Resources: Preloaded drawable resource #0x10804ac (android:drawable/list_longpressed_holo_light) that varies with configuration!!
01-21 10:50:29.547   171   171 W Resources: Preloaded drawable resource #0x10804cc (android:drawable/list_selector_background_transition_holo_light) that varies with configuration!!
01-21 10:50:29.547   171   171 W Resources: Preloaded drawable resource #0x10804a6 (android:drawable/list_focused_holo) that varies with configuration!!
01-21 10:50:29.547   171   171 W Resources: Preloaded drawable resource #0x10804d3 (android:drawable/list_selector_holo_light) that varies with configuration!!
01-21 10:50:29.556   171   171 I art     : Explicit concurrent mark sweep GC freed 547(74KB) AllocSpace objects, 0(0B) LOS objects, 39% free, 1589KB/2MB, paused 146us total 8.463ms
01-21 10:50:29.557   171   171 W Resources: Preloaded drawable resource #0x10804b0 (android:drawable/list_section_divider_holo_light) that varies with configuration!!
01-21 10:50:29.558   171   171 W Resources: Preloaded drawable resource #0x10804af (android:drawable/list_section_divider_holo_dark) that varies with configuration!!
01-21 10:50:29.559   171   171 W Resources: Preloaded drawable resource #0x10804e3 (android:drawable/menu_hardkey_panel_holo_dark) that varies with configuration!!
01-21 10:50:29.559   171   171 W Resources: Preloaded drawable resource #0x10804e4 (android:drawable/menu_hardkey_panel_holo_light) that varies with configuration!!
01-21 10:50:29.560   171   171 W Resources: Preloaded drawable resource #0x10804eb (android:drawable/menu_submenu_background) that varies with configuration!!
01-21 10:50:29.568   171   171 I art     : Explicit concurrent mark sweep GC freed 322(35KB) AllocSpace objects, 0(0B) LOS objects, 40% free, 1605KB/2MB, paused 134us total 7.232ms
01-21 10:50:29.570   171   171 W Resources: Preloaded drawable resource #0x10804e2 (android:drawable/menu_dropdown_panel_holo_light) that varies with configuration!!
01-21 10:50:29.572   171   171 W Resources: Preloaded drawable resource #0x10804e1 (android:drawable/menu_dropdown_panel_holo_dark) that varies with configuration!!
01-21 10:50:29.573   171   171 W Resources: Preloaded drawable resource #0x10804e8 (android:drawable/menu_popup_panel_holo_light) that varies with configuration!!
01-21 10:50:29.595   460   460 I SystemServer: Vibrator Service
01-21 10:50:29.597   460   460 I SystemServer: Consumer IR Service
01-21 10:50:29.598   460   460 E ConsumerIrService: Can't open consumer IR HW Module, error: -2
01-21 10:50:29.598   460   460 I SystemServiceManager: Starting com.android.server.AlarmManagerService
01-21 10:50:29.600   460   460 D AlarmManagerService: Kernel timezone updated to -120 minutes west of GMT
01-21 10:50:29.607   460   460 D AlarmManager:  Failed while trying resolve alarm filter file, not exists
01-21 10:50:29.607   171   171 I art     : Explicit concurrent mark sweep GC freed 124(30KB) AllocSpace objects, 1(16KB) LOS objects, 39% free, 1606KB/2MB, paused 139us total 34.297ms
01-21 10:50:29.609   171   171 W Resources: Preloaded drawable resource #0x10804e7 (android:drawable/menu_popup_panel_holo_dark) that varies with configuration!!
01-21 10:50:29.610   460   460 I system_server: type=1400 audit(0.0:21): avc: denied { read } for name="inputuart" dev="tmpfs" ino=8558 scontext=u:r:system_server:s0 tcontext=u:object_r:device:s0 tclass=chr_file permissive=1
01-21 10:50:29.610   460   460 I system_server: type=1400 audit(0.0:22): avc: denied { open } for path="/dev/inputuart" dev="tmpfs" ino=8558 scontext=u:r:system_server:s0 tcontext=u:object_r:device:s0 tclass=chr_file permissive=1
01-21 10:50:29.610   460   460 I system_server: type=1400 audit(0.0:23): avc: denied { ioctl } for path="/dev/inputuart" dev="tmpfs" ino=8558 ioctlcmd=650d scontext=u:r:system_server:s0 tcontext=u:object_r:device:s0 tclass=chr_file permissive=1
01-21 10:50:29.611   171   171 W Resources: Preloaded drawable resource #0x10804e8 (android:drawable/menu_popup_panel_holo_light) that varies with configuration!!
01-21 10:50:29.613   171   171 W Resources: Preloaded drawable resource #0x10804e2 (android:drawable/menu_dropdown_panel_holo_light) that varies with configuration!!
01-21 10:50:29.613   171   171 W Resources: Preloaded drawable resource #0x10804e6 (android:drawable/menu_panel_holo_light) that varies with configuration!!
01-21 10:50:29.615   460   460 I SystemServer: Init Watchdog
01-21 10:50:29.616   460   460 I SystemServer: Input Manager
01-21 10:50:29.617   460   460 I InputManager: Initializing input manager, mUseDevInputEventForAudioJack=false
01-21 10:50:29.622   171   171 I art     : Explicit concurrent mark sweep GC freed 122(7KB) AllocSpace objects, 3(42KB) LOS objects, 39% free, 1607KB/2MB, paused 134us total 8.841ms
01-21 10:50:29.623   460   460 I SystemServer: GlassCtrlService
01-21 10:50:29.624   171   171 W Resources: Preloaded drawable resource #0x10804e7 (android:drawable/menu_popup_panel_holo_dark) that varies with configuration!!
01-21 10:50:29.625   171   171 W Resources: Preloaded drawable resource #0x10804e1 (android:drawable/menu_dropdown_panel_holo_dark) that varies with configuration!!
01-21 10:50:29.625   171   171 W Resources: Preloaded drawable resource #0x10804e5 (android:drawable/menu_panel_holo_dark) that varies with configuration!!
01-21 10:50:29.625   156   156 E SELinux : avc:  denied  { add } for service=GlassCtrlService scontext=u:r:system_server:s0 tcontext=u:object_r:default_android_service:s0 tclass=service_manager
