07-14 14:42:56.809 I/chatty  ( 3676): uid=1000(system) com.qiku.logsystem expire 5 lines
07-14 14:42:56.812 I/chatty  ( 1267): uid=1000(system) android.display expire 1 line
07-14 14:42:56.813 I/am_on_resume_called( 3764): [0,com.qiku.android.launcher3.Launcher]
07-14 14:42:56.853 I/chatty  ( 1267): uid=1000(system) Binder_2 expire 13 lines
07-14 14:42:56.859 I/chatty  ( 8775): uid=1000(system) com.qiku.service.container expire 1 line
07-14 14:42:56.906 I/chatty  ( 1267): uid=1000(system) Binder_C expire 9 lines
07-14 14:42:56.964 I/chatty  ( 1267): uid=1000(system) Binder_5 expire 6 lines
07-14 14:42:57.063 I/am_proc_start( 1267): [0,13048,10009,com.qihoo360.mobilesafe,service,com.qihoo360.mobilesafe/.main.CasualService]
07-14 14:42:57.064 I/am_meminfo( 1267): [2185277440,862703616,0,483414016,184289280]
07-14 14:42:57.085 I/am_proc_bound( 1267): [0,13048,com.qihoo360.mobilesafe]
07-14 14:42:57.102 I/am_pss  ( 1267): [3488,10061,com.xinshuru.inputmethod.service,37615616,34623488]
07-14 14:42:57.119 I/am_pss  ( 1267): [28462,1000,com.android.settings.wifi,7251968,5779456]
07-14 14:42:57.130 I/am_pss  ( 1267): [14283,1000,com.qiku.logredirect,5254144,3985408]
07-14 14:42:57.176 I/am_pss  ( 1267): [32707,10009,com.qihoo360.mobilesafe:GuardService,69469184,63733760]
07-14 14:42:57.188 I/am_pss  ( 1267): [8775,1000,com.qiku.service.container,5874688,4472832]
07-14 14:42:57.205 I/am_pss  ( 1267): [3487,10017,com.qihoo.daemon,21600256,16556032]
07-14 14:42:57.223 I/am_pss  ( 1267): [7827,10024,com.qiku.android.cloudsync:online,15376384,12496896]
07-14 14:42:57.243 I/am_pss  ( 1267): [21964,10095,com.tencent.mm:appbrand0,35954688,21536768]
07-14 14:42:57.260 I/am_pss  ( 1267): [27150,10095,com.tencent.mm:exdevice,21873664,17797120]
07-14 14:42:57.287 I/am_pss  ( 1267): [22227,10095,com.tencent.mm:tools,52964352,36433920]
07-14 14:42:57.299 I/am_pss  ( 1267): [3298,1000,com.qti.service.colorservice,4881408,3571712]
07-14 14:42:57.303 I/power_screen_broadcast_done( 1267): [1,895,1]
07-14 14:42:57.332 I/am_pss  ( 1267): [5607,10088,com.eg.android.AlipayGphone:push,27922432,20938752]
07-14 14:42:57.347 I/am_pss  ( 1267): [5681,10088,com.eg.android.AlipayGphone:tools,16919552,12263424]
07-14 14:42:57.373 I/am_pss  ( 1267): [5888,10088,com.eg.android.AlipayGphone,69064704,60952576]
07-14 14:42:57.389 I/am_pss  ( 1267): [4015,10027,com.android.mms,18873344,16744448]
07-14 14:42:57.400 I/am_pss  ( 1267): [2368,10003,com.android.providers.contacts,12227584,10493952]
07-14 14:42:57.411 I/am_pss  ( 1267): [30342,10008,android.process.media,6732800,5189632]
07-14 14:42:57.421 I/am_pss  ( 1267): [3780,1000,com.android.settings,7126016,5726208]
07-14 14:42:57.434 I/am_pss  ( 1267): [7002,10012,com.qiku.regservice,22832128,18853888]
07-14 14:42:57.444 I/am_home_stack_moved( 1267): [0,0,9,9,bringingFoundTaskToFront setFocusedActivity]
07-14 14:42:57.444 I/wm_task_moved( 1267): [354,1,2]
07-14 14:42:57.448 I/am_focused_activity( 1267): [0,com.tencent.mm/.ui.LauncherUI]
07-14 14:42:57.448 I/am_pause_activity( 1267): [0,93571314,com.qiku.android.launcher3/.Launcher]
07-14 14:42:57.449 I/am_task_to_front( 1267): [0,354]
07-14 14:42:57.449 I/am_new_intent( 1267): [0,36118763,354,com.tencent.mm/.ui.LauncherUI,android.intent.action.MAIN,NULL,NULL,274726912]
07-14 14:42:57.450 I/am_pss  ( 1267): [6162,1000,com.qiku.android.safe,9908224,7974912]
07-14 14:42:57.453 I/am_on_paused_called( 3764): [0,com.qiku.android.launcher3.Launcher]
07-14 14:42:57.457 I/am_resume_activity( 1267): [0,182437032,354,com.tencent.mm/.ui.LauncherUI]
07-14 14:42:57.468 I/am_pss  ( 1267): [3792,1000,com.qiku.qkmultiapp,4410368,3035136]
07-14 14:42:57.486 I/am_pss  ( 1267): [10778,1000,com.qiku.healthguard,11494400,9715712]
07-14 14:42:57.498 I/am_pss  ( 1267): [24866,1000,com.qiku.android.agpssettings,4215808,2781184]
07-14 14:42:57.511 I/am_pss  ( 1267): [3141,1000,com.qiku.powerengine:remote,76633088,72155136]
07-14 14:42:57.522 I/am_pss  ( 1267): [1034,1000,com.qiku.android.safe.password,13845504,12115968]
07-14 14:42:57.534 I/am_pss  ( 1267): [3118,1001,com.qualcomm.qcrilmsgtunnel,5214208,3899392]
07-14 14:42:57.536 I/am_on_resume_called(28445): [0,com.tencent.mm.ui.LauncherUI]
07-14 14:42:57.546 I/am_pss  ( 1267): [5075,10004,com.android.defcontainer,7515136,6086656]
07-14 14:42:57.560 I/am_pss  ( 1267): [4609,10022,com.android.systemui:messagebox,40144896,37986304]
07-14 14:42:57.573 I/am_pss  ( 1267): [4242,10071,com.android.dialer,13814784,12222464]
07-14 14:42:57.587 I/am_pss  ( 1267): [3752,1000,com.qualcomm.qti.tetherservice,5986304,4591616]
07-14 14:42:57.601 I/am_pss  ( 1267): [3739,10062,com.qiku.configcenter,15546368,13672448]
07-14 14:42:57.615 I/am_pss  ( 1267): [3727,10014,com.cloudsx.android.coreservice,16136192,14503936]
07-14 14:42:57.626 I/am_pss  ( 1267): [3716,1000,com.qualcomm.qti.GBAHttpAuthentication.auth,7508992,6172672]
07-14 14:42:57.637 I/am_pss  ( 1267): [3703,1000,com.qiku.multitask,19943424,18128896]
07-14 14:42:57.647 I/am_pss  ( 1267): [3689,1000,com.quicinc.cne.CNEService,8460288,6979584]
07-14 14:42:57.660 I/am_pss  ( 1267): [3676,1000,com.qiku.logsystem,31082496,28495872]
07-14 14:42:57.673 I/am_pss  ( 1267): [3664,1000,com.fpsensor.fpSensorExtension,4021248,2686976]
07-14 14:42:57.683 I/am_pss  ( 1267): [3526,10056,com.amap.android.location,12265472,10448896]
07-14 14:42:57.720 I/am_pss  ( 1267): [2928,10022,com.android.systemui,98401280,86904832]
07-14 14:42:57.737 I/am_pss  ( 1267): [2916,1001,com.android.phone,34345984,31633408]
07-14 14:42:57.788 I/am_pss  ( 1267): [1267,1000,system,177575936,167563264]
07-14 14:42:57.816 I/sf_frame_dur(  438): [com.qiku.android.launcher3/com.qiku.android.launcher3.Launcher,0,0,2,0,1,0,0]
07-14 14:42:59.059 I/am_pss  ( 1267): [12871,10060,com.qiku.cleaner,5196800,3678208]
07-14 14:43:00.861 I/am_proc_died( 1267): [0,12914,com.qihoo360.mobilesafe:WifiExam]
07-14 14:43:00.875 I/wm_task_moved( 1267): [354,0,0]
07-14 14:43:00.877 I/am_home_stack_moved( 1267): [0,1,0,0,moveTaskToBack setFocusedActivity]
07-14 14:43:00.877 I/wm_task_moved( 1267): [1,1,0]
07-14 14:43:00.880 I/am_focused_activity( 1267): [0,com.qiku.android.launcher3/.Launcher]
07-14 14:43:00.893 I/am_pause_activity( 1267): [0,182437032,com.tencent.mm/.ui.LauncherUI]
07-14 14:43:00.899 W/ViewRootImpl(28445): Cancelling event due to no window focus: KeyEvent { action=ACTION_UP, keyCode=KEYCODE_BACK, scanCode=0, metaState=0, flags=0x68, repeatCount=0, eventTime=148860019, downTime=148860013, deviceId=-1, source=0x101 }
07-14 14:43:00.899 W/ViewRootImpl(28445): Cancelling event due to no window focus: KeyEvent { action=ACTION_UP, keyCode=KEYCODE_BACK, scanCode=0, metaState=0, flags=0x68, repeatCount=0, eventTime=148860019, downTime=148860013, deviceId=-1, source=0x101 }
07-14 14:43:00.900 W/ViewRootImpl(28445): Cancelling event due to no window focus: KeyEvent { action=ACTION_UP, keyCode=KEYCODE_BACK, scanCode=0, metaState=0, flags=0x68, repeatCount=0, eventTime=148860019, downTime=148860013, deviceId=-1, source=0x101 }
07-14 14:43:00.922 I/am_on_paused_called(28445): [0,com.tencent.mm.ui.LauncherUI]
07-14 14:43:00.928 I/am_resume_activity( 1267): [0,93571314,1,com.qiku.android.launcher3/.Launcher]
07-14 14:43:00.931 W/ViewRootImpl(28445): Cancelling event due to no window focus: KeyEvent { action=ACTION_UP, keyCode=KEYCODE_BACK, scanCode=0, metaState=0, flags=0x68, repeatCount=0, eventTime=148860019, downTime=148860013, deviceId=-1, source=0x101 }
07-14 14:43:00.931 W/ViewRootImpl(28445): Cancelling event due to no window focus: KeyEvent { action=ACTION_UP, keyCode=KEYCODE_BACK, scanCode=0, metaState=0, flags=0x68, repeatCount=0, eventTime=148860019, downTime=148860013, deviceId=-1, source=0x101 }
07-14 14:43:00.931 W/ViewRootImpl(28445): Cancelling event due to no window focus: KeyEvent { action=ACTION_UP, keyCode=KEYCODE_BACK, scanCode=0, metaState=0, flags=0x68, repeatCount=0, eventTime=148860019, downTime=148860013, deviceId=-1, source=0x101 }
07-14 14:43:00.932 W/ViewRootImpl(28445): Cancelling event due to no window focus: KeyEvent { action=ACTION_UP, keyCode=KEYCODE_BACK, scanCode=0, metaState=0, flags=0x68, repeatCount=0, eventTime=148860019, downTime=148860013, deviceId=-1, source=0x101 }
07-14 14:43:00.932 W/ViewRootImpl(28445): Cancelling event due to no window focus: KeyEvent { action=ACTION_UP, keyCode=KEYCODE_BACK, scanCode=0, metaState=0, flags=0x68, repeatCount=0, eventTime=148860019, downTime=148860013, deviceId=-1, source=0x101 }
07-14 14:43:00.932 W/ViewRootImpl(28445): Cancelling event due to no window focus: KeyEvent { action=ACTION_UP, keyCode=KEYCODE_BACK, scanCode=0, metaState=0, flags=0x68, repeatCount=0, eventTime=148860019, downTime=148860013, deviceId=-1, source=0x101 }
07-14 14:43:00.953 I/am_on_resume_called( 3764): [0,com.qiku.android.launcher3.Launcher]
07-14 14:43:00.970 W/ViewRootImpl( 3764): Cancelling event due to no window focus: KeyEvent { action=ACTION_UP, keyCode=KEYCODE_BACK, scanCode=0, metaState=0, flags=0x68, repeatCount=0, eventTime=148860013, downTime=148860013, deviceId=-1, source=0x101 }
07-14 14:43:00.970 W/ViewRootImpl( 3764): Cancelling event due to no window focus: KeyEvent { action=ACTION_UP, keyCode=KEYCODE_BACK, scanCode=0, metaState=0, flags=0x68, repeatCount=0, eventTime=148860013, downTime=148860013, deviceId=-1, source=0x101 }
07-14 14:43:00.970 W/ViewRootImpl( 3764): Cancelling event due to no window focus: KeyEvent { action=ACTION_UP, keyCode=KEYCODE_BACK, scanCode=0, metaState=0, flags=0x68, repeatCount=0, eventTime=148860013, downTime=148860013, deviceId=-1, source=0x101 }
07-14 14:43:00.970 W/ViewRootImpl( 3764): Cancelling event due to no window focus: KeyEvent { action=ACTION_UP, keyCode=KEYCODE_BACK, scanCode=0, metaState=0, flags=0x68, repeatCount=0, eventTime=148860013, downTime=148860013, deviceId=-1, source=0x101 }
07-14 14:43:00.970 W/ViewRootImpl( 3764): Cancelling event due to no window focus: KeyEvent { action=ACTION_UP, keyCode=KEYCODE_BACK, scanCode=0, metaState=0, flags=0x68, repeatCount=0, eventTime=148860013, downTime=148860013, deviceId=-1, source=0x101 }
07-14 14:43:00.970 W/ViewRootImpl( 3764): Cancelling event due to no window focus: KeyEvent { action=ACTION_UP, keyCode=KEYCODE_BACK, scanCode=0, metaState=0, flags=0x68, repeatCount=0, eventTime=148860013, downTime=148860013, deviceId=-1, source=0x101 }
07-14 14:43:01.020 I/chatty  ( 1267): uid=1000(system) WifiStateMachin expire 1 line
07-14 14:43:01.023 I/chatty  ( 1267): uid=1000(system) Binder_E expire 8 lines
07-14 14:43:01.051 I/chatty  ( 1267): uid=1000(system) Binder_6 expire 17 lines
07-14 14:43:01.258 I/sf_frame_dur(  438): [com.tencent.mm/com.tencent.mm.ui.LauncherUI,110,3,0,0,1,1,0]
07-14 14:43:01.791 I/chatty  ( 1267): uid=1000(system) Binder_7 expire 10 lines
07-14 14:43:02.642 I/am_home_stack_moved( 1267): [0,0,9,9,bringingFoundTaskToFront setFocusedActivity]
07-14 14:43:02.642 I/wm_task_moved( 1267): [354,1,2]
07-14 14:43:02.648 I/am_focused_activity( 1267): [0,com.tencent.mm/.ui.LauncherUI]
07-14 14:43:02.649 I/am_pause_activity( 1267): [0,93571314,com.qiku.android.launcher3/.Launcher]
07-14 14:43:02.651 I/am_task_to_front( 1267): [0,354]
07-14 14:43:02.651 I/am_new_intent( 1267): [0,127877257,354,com.tencent.mm/.ui.LauncherUI,android.intent.action.MAIN,NULL,NULL,274726912]
07-14 14:43:02.655 I/am_on_paused_called( 3764): [0,com.qiku.android.launcher3.Launcher]
07-14 14:43:02.660 I/am_resume_activity( 1267): [0,182437032,354,com.tencent.mm/.ui.LauncherUI]
07-14 14:43:02.670 I/chatty  ( 3676): uid=1000(system) com.qiku.logsystem expire 3 lines
07-14 14:43:02.733 I/am_on_resume_called(28445): [0,com.tencent.mm.ui.LauncherUI]
07-14 14:43:02.997 I/sf_frame_dur(  438): [com.qiku.android.launcher3/com.qiku.android.launcher3.Launcher,0,0,0,0,0,0,1]
07-14 14:43:03.529 I/wm_task_moved( 1267): [354,0,0]
07-14 14:43:03.531 I/am_home_stack_moved( 1267): [0,1,0,0,moveTaskToBack setFocusedActivity]
07-14 14:43:03.531 I/wm_task_moved( 1267): [1,1,0]
07-14 14:43:03.533 I/am_focused_activity( 1267): [0,com.qiku.android.launcher3/.Launcher]
07-14 14:43:03.559 I/am_pause_activity( 1267): [0,182437032,com.tencent.mm/.ui.LauncherUI]
07-14 14:43:03.564 W/ViewRootImpl(28445): Cancelling event due to no window focus: KeyEvent { action=ACTION_UP, keyCode=KEYCODE_BACK, scanCode=0, metaState=0, flags=0x68, repeatCount=0, eventTime=148862673, downTime=148862662, deviceId=-1, source=0x101 }
07-14 14:43:03.565 W/ViewRootImpl(28445): Cancelling event due to no window focus: KeyEvent { action=ACTION_UP, keyCode=KEYCODE_BACK, scanCode=0, metaState=0, flags=0x68, repeatCount=0, eventTime=148862673, downTime=148862662, deviceId=-1, source=0x101 }
07-14 14:43:03.565 W/ViewRootImpl(28445): Cancelling event due to no window focus: KeyEvent { action=ACTION_UP, keyCode=KEYCODE_BACK, scanCode=0, metaState=0, flags=0x68, repeatCount=0, eventTime=148862673, downTime=148862662, deviceId=-1, source=0x101 }
07-14 14:43:03.585 I/am_on_paused_called(28445): [0,com.tencent.mm.ui.LauncherUI]
07-14 14:43:03.591 I/am_resume_activity( 1267): [0,93571314,1,com.qiku.android.launcher3/.Launcher]
07-14 14:43:03.594 W/ViewRootImpl(28445): Cancelling event due to no window focus: KeyEvent { action=ACTION_UP, keyCode=KEYCODE_BACK, scanCode=0, metaState=0, flags=0x68, repeatCount=0, eventTime=148862673, downTime=148862662, deviceId=-1, source=0x101 }
07-14 14:43:03.594 W/ViewRootImpl(28445): Cancelling event due to no window focus: KeyEvent { action=ACTION_UP, keyCode=KEYCODE_BACK, scanCode=0, metaState=0, flags=0x68, repeatCount=0, eventTime=148862673, downTime=148862662, deviceId=-1, source=0x101 }
07-14 14:43:03.594 W/ViewRootImpl(28445): Cancelling event due to no window focus: KeyEvent { action=ACTION_UP, keyCode=KEYCODE_BACK, scanCode=0, metaState=0, flags=0x68, repeatCount=0, eventTime=148862673, downTime=148862662, deviceId=-1, source=0x101 }
07-14 14:43:03.595 W/ViewRootImpl(28445): Cancelling event due to no window focus: KeyEvent { action=ACTION_UP, keyCode=KEYCODE_BACK, scanCode=0, metaState=0, flags=0x68, repeatCount=0, eventTime=148862673, downTime=148862662, deviceId=-1, source=0x101 }
07-14 14:43:03.595 W/ViewRootImpl(28445): Cancelling event due to no window focus: KeyEvent { action=ACTION_UP, keyCode=KEYCODE_BACK, scanCode=0, metaState=0, flags=0x68, repeatCount=0, eventTime=148862673, downTime=148862662, deviceId=-1, source=0x101 }
07-14 14:43:03.595 W/ViewRootImpl(28445): Cancelling event due to no window focus: KeyEvent { action=ACTION_UP, keyCode=KEYCODE_BACK, scanCode=0, metaState=0, flags=0x68, repeatCount=0, eventTime=148862673, downTime=148862662, deviceId=-1, source=0x101 }
07-14 14:43:03.608 I/am_on_resume_called( 3764): [0,com.qiku.android.launcher3.Launcher]
07-14 14:43:03.623 W/ViewRootImpl( 3764): Cancelling event due to no window focus: KeyEvent { action=ACTION_UP, keyCode=KEYCODE_BACK, scanCode=0, metaState=0, flags=0x68, repeatCount=0, eventTime=148862663, downTime=148862663, deviceId=-1, source=0x101 }
07-14 14:43:03.623 W/ViewRootImpl( 3764): Cancelling event due to no window focus: KeyEvent { action=ACTION_UP, keyCode=KEYCODE_BACK, scanCode=0, metaState=0, flags=0x68, repeatCount=0, eventTime=148862663, downTime=148862663, deviceId=-1, source=0x101 }
07-14 14:43:03.623 W/ViewRootImpl( 3764): Cancelling event due to no window focus: KeyEvent { action=ACTION_UP, keyCode=KEYCODE_BACK, scanCode=0, metaState=0, flags=0x68, repeatCount=0, eventTime=148862663, downTime=148862663, deviceId=-1, source=0x101 }
07-14 14:43:03.623 W/ViewRootImpl( 3764): Cancelling event due to no window focus: KeyEvent { action=ACTION_UP, keyCode=KEYCODE_BACK, scanCode=0, metaState=0, flags=0x68, repeatCount=0, eventTime=148862663, downTime=148862663, deviceId=-1, source=0x101 }
07-14 14:43:03.623 W/ViewRootImpl( 3764): Cancelling event due to no window focus: KeyEvent { action=ACTION_UP, keyCode=KEYCODE_BACK, scanCode=0, metaState=0, flags=0x68, repeatCount=0, eventTime=148862663, downTime=148862663, deviceId=-1, source=0x101 }
07-14 14:43:03.623 W/ViewRootImpl( 3764): Cancelling event due to no window focus: KeyEvent { action=ACTION_UP, keyCode=KEYCODE_BACK, scanCode=0, metaState=0, flags=0x68, repeatCount=0, eventTime=148862663, downTime=148862663, deviceId=-1, source=0x101 }
07-14 14:43:03.898 I/sf_frame_dur(  438): [com.tencent.mm/com.tencent.mm.ui.LauncherUI,1,0,0,0,0,0,0]
07-14 14:43:03.971 I/am_home_stack_moved( 1267): [0,0,9,9,bringingFoundTaskToFront setFocusedActivity]
07-14 14:43:03.971 I/wm_task_moved( 1267): [353,1,2]
07-14 14:43:03.975 I/am_focused_activity( 1267): [0,com.tencent.mtt/.external.novel.inhost.base.NovelProxyActivity]
07-14 14:43:03.976 I/am_pause_activity( 1267): [0,93571314,com.qiku.android.launcher3/.Launcher]
07-14 14:43:03.977 I/am_task_to_front( 1267): [0,353]
07-14 14:43:03.979 I/am_on_paused_called( 3764): [0,com.qiku.android.launcher3.Launcher]
07-14 14:43:03.989 I/am_resume_activity( 1267): [0,115886046,353,com.tencent.mtt/.external.novel.inhost.base.NovelProxyActivity]
07-14 14:43:04.024 I/am_on_resume_called( 4164): [0,com.tencent.mtt.external.novel.inhost.base.NovelProxyActivity]
07-14 14:43:04.283 I/sf_frame_dur(  438): [com.qiku.android.launcher3/com.qiku.android.launcher3.Launcher,0,0,0,0,1,0,0]
07-14 14:43:06.668 I/chatty  ( 1267): uid=1000(system) Binder_10 expire 25 lines
07-14 14:43:07.864 I/chatty  ( 1267): uid=1000(system) WifiStateMachin expire 11 lines
07-14 14:43:07.871 I/chatty  ( 1267): uid=1000(system) Binder_4 expire 10 lines
07-14 14:43:07.872 I/chatty  ( 1267): uid=1000(system) Binder_C expire 14 lines
07-14 14:43:07.873 I/chatty  ( 1267): uid=1000(system) Binder_B expire 12 lines
07-14 14:43:07.873 I/chatty  ( 1267): uid=1000(system) Binder_5 expire 20 lines
07-14 14:43:07.875 I/chatty  ( 1267): uid=1000(system) Binder_D expire 20 lines
07-14 14:43:07.885 I/chatty  ( 1267): uid=1000(system) Binder_F expire 12 lines
07-14 14:43:10.864 I/am_proc_died( 1267): [0,13048,com.qihoo360.mobilesafe]
07-14 14:43:13.197 I/chatty  ( 1267): uid=1000(system) Binder_9 expire 10 lines
07-14 14:43:13.200 I/chatty  ( 1267): uid=1000(system) Binder_1 expire 6 lines
07-14 14:43:13.202 I/chatty  ( 1267): uid=1000(system) Binder_8 expire 18 lines
07-14 14:43:13.215 I/chatty  ( 1267): uid=1000(system) Binder_A expire 18 lines
07-14 14:43:13.228 I/chatty  ( 1267): uid=1000(system) Binder_3 expire 14 lines
07-14 14:43:16.578 I/chatty  ( 1267): uid=1000(system) Binder_2 expire 14 lines
07-14 14:43:17.886 I/am_pss  ( 1267): [4164,10148,com.tencent.mtt,126462976,113688576]
07-14 14:43:17.923 I/am_pss  ( 1267): [4223,10148,com.tencent.mtt:service,37542912,27906048]
07-14 14:43:17.955 I/am_pss  ( 1267): [3488,10061,com.xinshuru.inputmethod.service,37728256,34631680]
07-14 14:43:17.972 I/am_pss  ( 1267): [27150,10095,com.tencent.mm:exdevice,21981184,17797120]
07-14 14:43:18.014 I/am_pss  ( 1267): [32707,10009,com.qihoo360.mobilesafe:GuardService,72178688,67440640]
07-14 14:43:18.030 I/am_pss  ( 1267): [3487,10017,com.qihoo.daemon,19636224,14426112]
07-14 14:43:18.041 I/am_pss  ( 1267): [8775,1000,com.qiku.service.container,5874688,4472832]
07-14 14:43:18.051 I/am_pss  ( 1267): [3298,1000,com.qti.service.colorservice,4881408,3571712]
07-14 14:43:18.066 I/am_pss  ( 1267): [7827,10024,com.qiku.android.cloudsync:online,15542272,12513280]
07-14 14:43:18.082 I/am_pss  ( 1267): [5607,10088,com.eg.android.AlipayGphone:push,28089344,21004288]
07-14 14:43:18.108 I/am_pss  ( 1267): [5888,10088,com.eg.android.AlipayGphone,69165056,60928000]
07-14 14:43:18.118 I/am_pss  ( 1267): [3780,1000,com.android.settings,7126016,5726208]
07-14 14:43:18.132 I/am_pss  ( 1267): [7002,10012,com.qiku.regservice,22860800,18849792]
07-14 14:43:18.143 I/am_pss  ( 1267): [6162,1000,com.qiku.android.safe,9908224,7974912]
07-14 14:43:18.153 I/am_pss  ( 1267): [3792,1000,com.qiku.qkmultiapp,4410368,3035136]
07-14 14:43:18.164 I/am_pss  ( 1267): [10778,1000,com.qiku.healthguard,11838464,10059776]
07-14 14:43:18.174 I/am_pss  ( 1267): [24866,1000,com.qiku.android.agpssettings,4215808,2781184]
07-14 14:43:18.188 I/am_pss  ( 1267): [3141,1000,com.qiku.powerengine:remote,77962240,74809344]
07-14 14:43:18.198 I/am_pss  ( 1267): [1034,1000,com.qiku.android.safe.password,13845504,12115968]
07-14 14:43:18.209 I/am_pss  ( 1267): [3118,1001,com.qualcomm.qcrilmsgtunnel,5214208,3899392]
07-14 14:43:18.219 I/am_pss  ( 1267): [5075,10004,com.android.defcontainer,7515136,6086656]
07-14 14:43:18.233 I/am_pss  ( 1267): [4609,10022,com.android.systemui:messagebox,40148992,37990400]
07-14 14:43:18.244 I/am_pss  ( 1267): [4242,10071,com.android.dialer,13814784,12222464]
07-14 14:43:27.179 I/am_pss  ( 1267): [3764,10072,com.qiku.android.launcher3,108819456,94773248]
07-14 14:43:27.252 I/am_pss  ( 1267): [28445,10095,com.tencent.mm,287614976,261509120]
07-14 14:43:27.271 I/am_pss  ( 1267): [2064,10095,com.tencent.mm:support,36493312,28938240]
07-14 14:43:27.284 I/am_pss  ( 1267): [28462,1000,com.android.settings.wifi,7387136,5799936]
07-14 14:43:27.303 I/am_pss  ( 1267): [21964,10095,com.tencent.mm:appbrand0,36084736,21565440]
07-14 14:43:27.319 I/am_pss  ( 1267): [27210,10095,com.tencent.mm:push,36109312,31477760]
07-14 14:43:27.329 I/am_pss  ( 1267): [14283,1000,com.qiku.logredirect,5254144,3985408]
07-14 14:43:27.351 I/am_pss  ( 1267): [22227,10095,com.tencent.mm:tools,53085184,36433920]
07-14 14:43:27.366 I/am_pss  ( 1267): [5681,10088,com.eg.android.AlipayGphone:tools,17019904,12263424]
07-14 14:43:27.382 I/am_pss  ( 1267): [4015,10027,com.android.mms,19011584,16748544]
07-14 14:43:27.393 I/am_pss  ( 1267): [2368,10003,com.android.providers.contacts,12227584,10493952]
07-14 14:43:27.404 I/am_pss  ( 1267): [30342,10008,android.process.media,6732800,5189632]
07-14 14:43:38.127 I/am_pss  ( 1267): [1992,1000,com.qiku.android.ota,9060352,7475200]
07-14 14:43:38.151 I/am_pss  ( 1267): [19945,10024,com.qiku.android.cloudsync,17660928,14888960]
07-14 14:43:56.499 I/chatty  ( 1267): uid=1000 system_server expire 8 lines
07-14 14:43:57.925 I/am_pss  ( 1267): [22428,10017,com.qihoo.appstore,25748480,20447232]
07-14 14:44:20.366 I/chatty  ( 1267): uid=1000(system) InputReader expire 6 lines
07-14 14:44:20.369 I/sysui_histogram( 1267): [power_double_tap_interval,133936]
07-14 14:44:20.495 I/power_sleep_requested( 1267): 1
07-14 14:44:20.499 I/chatty  ( 1267): uid=1000(system) PowerManagerSer expire 1 line
07-14 14:44:20.530 I/am_pause_activity( 1267): [0,115886046,com.tencent.mtt/.external.novel.inhost.base.NovelProxyActivity]
07-14 14:44:20.532 I/am_on_paused_called( 4164): [0,com.tencent.mtt.external.novel.inhost.base.NovelProxyActivity]
07-14 14:44:20.563 I/am_focused_activity( 1267): [0,com.tencent.mtt/.external.novel.inhost.base.NovelProxyActivity]
07-14 14:44:20.567 I/device_idle( 1267): [1,no activity]
07-14 14:44:20.574 I/sysui_histogram( 1267): [fingerprint_token,0]
07-14 14:44:20.895 I/power_screen_state( 1267): [0,2,0,0]
07-14 14:44:20.895 I/screen_toggled( 1267): 0
07-14 14:44:20.895 I/sysui_histogram( 1267): [screen_timeout,600]
07-14 14:44:20.895 I/power_screen_broadcast_send( 1267): 1
07-14 14:44:20.982 I/chatty  ( 1267): uid=1000(system) Binder_10 expire 6 lines
07-14 14:44:20.984 I/chatty  ( 1267): uid=1000(system) Binder_A expire 9 lines
07-14 14:44:20.986 I/chatty  ( 1267): uid=1000(system) Binder_9 expire 11 lines
07-14 14:44:20.988 I/chatty  ( 1267): uid=1000(system) Binder_E expire 13 lines
07-14 14:44:20.990 I/chatty  ( 1267): uid=1000(system) Binder_1 expire 10 lines
07-14 14:44:20.992 I/chatty  ( 1267): uid=1000(system) Binder_7 expire 10 lines
07-14 14:44:21.074 I/chatty  ( 1267): uid=1000(system) ActivityManager expire 4 lines
07-14 14:44:21.171 I/chatty  (10778): uid=1000(system) com.qiku.healthguard expire 1 line
07-14 14:44:21.208 I/chatty  ( 3676): uid=1000(system) com.qiku.logsystem expire 1 line
07-14 14:44:21.218 I/chatty  ( 1267): uid=1000(system) Binder_D expire 7 lines
07-14 14:44:21.232 I/chatty  ( 1267): uid=1000(system) Binder_6 expire 6 lines
07-14 14:44:21.243 I/chatty  ( 1267): uid=1000(system) Binder_F expire 5 lines
07-14 14:44:21.550 I/power_screen_broadcast_done( 1267): [0,654,1]
07-14 14:44:23.207 I/chatty  ( 1267): uid=1000 system_server expire 116 lines
07-14 14:44:35.209 I/notification_cancel_all( 1267): [1000,1267,com.babytree.apps.pregnancy,-1,0,0,9,NULL]
07-14 14:44:35.209 I/notification_cancel_all( 1267): [1000,1267,com.babytree.apps.pregnancy:core,-1,0,0,9,NULL]
07-14 14:44:35.209 I/notification_cancel_all( 1267): [1000,1267,com.qiku.eyemode,-1,0,0,9,NULL]
07-14 14:44:35.209 I/notification_cancel_all( 1267): [1000,1267,com.babytree.apps.pregnancy:pushservice,-1,0,0,9,NULL]
07-14 14:44:35.209 I/am_kill ( 1267): [0,12298,com.babytree.apps.pregnancy,2,screen off cleanup]
07-14 14:44:35.282 I/am_kill ( 1267): [0,12353,com.babytree.apps.pregnancy:core,2,screen off cleanup]
07-14 14:44:35.352 I/am_kill ( 1267): [0,11886,com.qiku.eyemode,11,screen off cleanup]
07-14 14:44:35.390 I/am_kill ( 1267): [0,12530,com.babytree.apps.pregnancy:pushservice,8,screen off cleanup]
07-14 14:44:35.478 I/am_proc_died( 1267): [0,12298,com.babytree.apps.pregnancy]
07-14 14:44:35.479 I/am_schedule_service_restart( 1267): [0,com.babytree.apps.pregnancy/.local_push.LocalService,1000]
07-14 14:44:35.480 I/am_schedule_service_restart( 1267): [0,com.babytree.apps.pregnancy/com.amap.api.location.APSService,11000]
07-14 14:44:35.483 I/am_proc_died( 1267): [0,12353,com.babytree.apps.pregnancy:core]
07-14 14:44:35.483 I/chatty  ( 1267): uid=1000(system) Binder_8 expire 3 lines
07-14 14:44:35.483 I/am_schedule_service_restart( 1267): [0,com.babytree.apps.pregnancy/com.netease.nimlib.service.NimService,20996]
07-14 14:44:35.486 I/am_proc_died( 1267): [0,11886,com.qiku.eyemode]
07-14 14:44:35.488 I/am_proc_died( 1267): [0,12530,com.babytree.apps.pregnancy:pushservice]
07-14 14:44:35.489 I/chatty  ( 1267): uid=1000(system) Binder_2 expire 3 lines
07-14 14:44:35.489 I/am_schedule_service_restart( 1267): [0,com.babytree.apps.pregnancy/.push.getui.GetuiPushService,10991]
07-14 14:44:36.504 I/am_proc_start( 1267): [0,13386,10140,com.babytree.apps.pregnancy,service,com.babytree.apps.pregnancy/.local_push.LocalService]
07-14 14:44:36.537 I/am_proc_bound( 1267): [0,13386,com.babytree.apps.pregnancy]
--------- beginning of main
07-14 14:44:37.851 W/System.err(13386): 	at android.app.ActivityThread$H.handleMessage(ActivityThread.java:1429)
07-14 14:44:37.851 W/System.err(13386): 	at android.os.Handler.dispatchMessage(Handler.java:102)
07-14 14:44:37.851 W/System.err(13386): 	at android.os.Looper.loop(Looper.java:148)
07-14 14:44:37.851 W/System.err(13386): 	at android.app.ActivityThread.main(ActivityThread.java:5536)
07-14 14:44:37.851 W/System.err(13386): 	at java.lang.reflect.Method.invoke(Native Method)
07-14 14:44:37.851 W/System.err(13386): 	at com.android.internal.os.ZygoteInit$MethodAndArgsCaller.run(ZygoteInit.java:745)
07-14 14:44:37.851 W/System.err(13386): 	at com.android.internal.os.ZygoteInit.main(ZygoteInit.java:635)
07-14 14:44:50.530 I/am_proc_start( 1267): [0,13447,10140,com.babytree.apps.pregnancy:core,service,com.babytree.apps.pregnancy/com.netease.nimlib.service.NimService]
07-14 14:44:50.533 I/chatty  ( 1267): uid=1000(system) Binder_C expire 5 lines
07-14 14:44:50.537 I/chatty  ( 1267): uid=1000(system) Binder_3 expire 3 lines
07-14 14:44:50.565 I/am_proc_bound( 1267): [0,13447,com.babytree.apps.pregnancy:core]
07-14 14:44:50.710 I/chatty  ( 1267): uid=1000(system) WifiMonitor expire 92 lines
07-14 14:44:50.713 I/chatty  ( 1267): uid=1000(system) WifiStateMachin expire 29 lines
07-14 14:44:50.741 I/chatty  ( 1267): uid=1000(system) Binder_B expire 6 lines
07-14 14:44:50.755 I/am_proc_start( 1267): [0,13476,10009,com.qihoo360.mobilesafe:WifiExam,service,com.qihoo360.mobilesafe/.wifiexam.plugin.WifiExamExternalService]
07-14 14:44:50.790 I/am_proc_bound( 1267): [0,13476,com.qihoo360.mobilesafe:WifiExam]
07-14 14:44:50.899 E/TrackerInfo(13386): imsi##null
07-14 14:44:50.900 E/TrackerInfo(13386): imei##null
07-14 14:44:50.901 W/AppMonitor(13386): load ut_c_api.so failed
07-14 14:44:50.903 W/AppMonitorUTAnalytics:(13386): Start AppMonitor Service failed,AppMonitor run in local Mode...
07-14 14:44:51.065 I/chatty  (13476): uid=10009(com.qihoo360.mobilesafe) expire 1 line
07-14 14:44:51.105 I/chatty  (13476): uid=10009(com.qihoo360.mobilesafe) expire 2 lines
07-14 14:44:51.194 E/PushFactory(13386): getPushInstance not found push instance.
07-14 14:44:51.203 E/MscSpeechLog(13386): getMscParameter MSC return -1
07-14 14:44:51.490 I/am_proc_start( 1267): [0,13603,10140,com.babytree.apps.pregnancy:pushservice,service,com.babytree.apps.pregnancy/.push.getui.GetuiPushService]
07-14 14:44:51.511 W/d       (13447): memoryCache() and memoryCacheSize() calls overlap each other
07-14 14:44:51.513 I/am_proc_bound( 1267): [0,13603,com.babytree.apps.pregnancy:pushservice]
07-14 14:44:51.644 E/SQLiteLog(13447): (14) cannot open file at line 31278 of [2ef4f3a5b1]
07-14 14:44:51.644 E/SQLiteLog(13447): (14) os_unix.c:31278: (2) open(/storage/emulated/0/music/babytreemusic.db) - 
07-14 14:44:51.645 E/SQLiteDatabase(13447): Failed to open database '/storage/emulated/0/music/babytreemusic.db'.
07-14 14:44:51.645 E/SQLiteDatabase(13447): android.database.sqlite.SQLiteCantOpenDatabaseException: unknown error (code 14): Could not open database
07-14 14:44:51.645 E/SQLiteDatabase(13447): 	at android.database.sqlite.SQLiteConnection.nativeOpen(Native Method)
07-14 14:44:51.645 E/SQLiteDatabase(13447): 	at android.database.sqlite.SQLiteConnection.open(SQLiteConnection.java:207)
07-14 14:44:51.645 E/SQLiteDatabase(13447): 	at android.database.sqlite.SQLiteConnection.open(SQLiteConnection.java:191)
07-14 14:44:51.645 E/SQLiteDatabase(13447): 	at android.database.sqlite.SQLiteConnectionPool.openConnectionLocked(SQLiteConnectionPool.java:463)
07-14 14:44:51.645 E/SQLiteDatabase(13447): 	at android.database.sqlite.SQLiteConnectionPool.open(SQLiteConnectionPool.java:185)
07-14 14:44:51.645 E/SQLiteDatabase(13447): 	at android.database.sqlite.SQLiteConnectionPool.open(SQLiteConnectionPool.java:177)
07-14 14:44:51.645 E/SQLiteDatabase(13447): 	at android.database.sqlite.SQLiteDatabase.openInner(SQLiteDatabase.java:806)
07-14 14:44:51.645 E/SQLiteDatabase(13447): 	at android.database.sqlite.SQLiteDatabase.open(SQLiteDatabase.java:791)
07-14 14:44:51.645 E/SQLiteDatabase(13447): 	at android.database.sqlite.SQLiteDatabase.openDatabase(SQLiteDatabase.java:694)
07-14 14:44:51.645 E/SQLiteDatabase(13447): 	at android.database.sqlite.SQLiteDatabase.openDatabase(SQLiteDatabase.java:669)
07-14 14:44:51.645 E/SQLiteDatabase(13447): 	at com.babytree.apps.pregnancy.activity.music.c.c.c(DownloadDatabaseImpl.java:50)
07-14 14:44:51.645 E/SQLiteDatabase(13447): 	at com.babytree.apps.pregnancy.activity.music.c.c.<init>(DownloadDatabaseImpl.java:34)
07-14 14:44:51.645 E/SQLiteDatabase(13447): 	at com.babytree.apps.pregnancy.activity.music.c.l.<init>(DownloadProviderDbImpl.java:25)
07-14 14:44:51.645 E/SQLiteDatabase(13447): 	at com.babytree.apps.pregnancy.activity.music.c.i.<init>(DownloadManagerImpl.java:23)
07-14 14:44:51.645 E/SQLiteDatabase(13447): 	at com.babytree.apps.pregnancy.activity.music.BabytreeMusicPlayApplication.onCreate(BabytreeMusicPlayApplication.java:38)
07-14 14:44:51.645 E/SQLiteDatabase(13447): 	at com.babytree.apps.pregnancy.PregnancyApplication.onCreate(PregnancyApplication.java:134)
07-14 14:44:51.645 E/SQLiteDatabase(13447): 	at com.baidu.protect.A.a(Native Method)
07-14 14:44:51.645 E/SQLiteDatabase(13447): 	at com.baidu.protect.StubApplication.onCreate(StubApplication.java:250)
07-14 14:44:51.645 E/SQLiteDatabase(13447): 	at android.app.Instrumentation.callApplicationOnCreate(Instrumentation.java:1014)
07-14 14:44:51.645 E/SQLiteDatabase(13447): 	at android.app.ActivityThread.handleBindApplication(ActivityThread.java:4788)
07-14 14:44:51.645 E/SQLiteDatabase(13447): 	at android.app.ActivityThread.access$1600(ActivityThread.java:161)
07-14 14:44:51.645 E/SQLiteDatabase(13447): 	at android.app.ActivityThread$H.handleMessage(ActivityThread.java:1429)
07-14 14:44:51.645 E/SQLiteDatabase(13447): 	at android.os.Handler.dispatchMessage(Handler.java:102)
07-14 14:44:51.645 E/SQLiteDatabase(13447): 	at android.os.Looper.loop(Looper.java:148)
07-14 14:44:51.645 E/SQLiteDatabase(13447): 	at android.app.ActivityThread.main(ActivityThread.java:5536)
07-14 14:44:51.645 E/SQLiteDatabase(13447): 	at java.lang.reflect.Method.invoke(Native Method)
07-14 14:44:51.645 E/SQLiteDatabase(13447): 	at com.android.internal.os.ZygoteInit$MethodAndArgsCaller.run(ZygoteInit.java:745)
07-14 14:44:51.645 E/SQLiteDatabase(13447): 	at com.android.internal.os.ZygoteInit.main(ZygoteInit.java:635)
07-14 14:44:51.645 W/System.err(13447): android.database.sqlite.SQLiteCantOpenDatabaseException: unknown error (code 14): Could not open database
07-14 14:44:51.645 W/System.err(13447): 	at android.database.sqlite.SQLiteConnection.nativeOpen(Native Method)
07-14 14:44:51.645 W/System.err(13447): 	at android.database.sqlite.SQLiteConnection.open(SQLiteConnection.java:207)
07-14 14:44:51.645 W/System.err(13447): 	at android.database.sqlite.SQLiteConnection.open(SQLiteConnection.java:191)
07-14 14:44:51.645 W/System.err(13447): 	at android.database.sqlite.SQLiteConnectionPool.openConnectionLocked(SQLiteConnectionPool.java:463)
07-14 14:44:51.646 W/System.err(13447): 	at android.database.sqlite.SQLiteConnectionPool.open(SQLiteConnectionPool.java:185)
07-14 14:44:51.646 W/System.err(13447): 	at android.database.sqlite.SQLiteConnectionPool.open(SQLiteConnectionPool.java:177)
07-14 14:44:51.646 W/System.err(13447): 	at android.database.sqlite.SQLiteDatabase.openInner(SQLiteDatabase.java:806)
07-14 14:44:51.646 W/System.err(13447): 	at android.database.sqlite.SQLiteDatabase.open(SQLiteDatabase.java:791)
07-14 14:44:51.646 W/System.err(13447): 	at android.database.sqlite.SQLiteDatabase.openDatabase(SQLiteDatabase.java:694)
07-14 14:44:51.646 W/System.err(13447): 	at android.database.sqlite.SQLiteDatabase.openDatabase(SQLiteDatabase.java:669)
07-14 14:44:51.646 W/System.err(13447): 	at com.babytree.apps.pregnancy.activity.music.c.c.c(DownloadDatabaseImpl.java:50)
07-14 14:44:51.646 W/System.err(13447): 	at com.babytree.apps.pregnancy.activity.music.c.c.<init>(DownloadDatabaseImpl.java:34)
07-14 14:44:51.646 W/System.err(13447): 	at com.babytree.apps.pregnancy.activity.music.c.l.<init>(DownloadProviderDbImpl.java:25)
07-14 14:44:51.646 W/System.err(13447): 	at com.babytree.apps.pregnancy.activity.music.c.i.<init>(DownloadManagerImpl.java:23)
07-14 14:44:51.646 W/System.err(13447): 	at com.babytree.apps.pregnancy.activity.music.BabytreeMusicPlayApplication.onCreate(BabytreeMusicPlayApplication.java:38)
07-14 14:44:51.646 W/System.err(13447): 	at com.babytree.apps.pregnancy.PregnancyApplication.onCreate(PregnancyApplication.java:134)
07-14 14:44:51.646 W/System.err(13447): 	at com.baidu.protect.A.a(Native Method)
07-14 14:44:51.646 W/System.err(13447): 	at com.baidu.protect.StubApplication.onCreate(StubApplication.java:250)
07-14 14:44:51.646 W/System.err(13447): 	at android.app.Instrumentation.callApplicationOnCreate(Instrumentation.java:1014)
07-14 14:44:51.646 W/System.err(13447): 	at android.app.ActivityThread.handleBindApplication(ActivityThread.java:4788)
07-14 14:44:51.646 W/System.err(13447): 	at android.app.ActivityThread.access$1600(ActivityThread.java:161)
07-14 14:44:51.646 W/System.err(13447): 	at android.app.ActivityThread$H.handleMessage(ActivityThread.java:1429)
07-14 14:44:51.646 W/System.err(13447): 	at android.os.Handler.dispatchMessage(Handler.java:102)
07-14 14:44:51.646 W/System.err(13447): 	at android.os.Looper.loop(Looper.java:148)
07-14 14:44:51.646 W/System.err(13447): 	at android.app.ActivityThread.main(ActivityThread.java:5536)
07-14 14:44:51.646 W/System.err(13447): 	at java.lang.reflect.Method.invoke(Native Method)
07-14 14:44:51.646 W/System.err(13447): 	at com.android.internal.os.ZygoteInit$MethodAndArgsCaller.run(ZygoteInit.java:745)
07-14 14:44:51.646 W/System.err(13447): 	at com.android.internal.os.ZygoteInit.main(ZygoteInit.java:635)
07-14 14:44:51.904 I/chatty  ( 1267): uid=1000(system) Binder_4 expire 2 lines
07-14 14:44:51.909 I/chatty  ( 1267): uid=1000(system) Binder_5 expire 2 lines
07-14 14:44:51.984 I/notification_enqueue( 1267): [10140,13447,com.babytree.apps.pregnancy,-317045405,NULL,0,Notification(pri=-2 contentView=com.babytree.apps.pregnancy/0x1090087 vibrate=null sound=null defaults=0x0 flags=0x40 color=0xff607d8b vis=PRIVATE),0]
07-14 14:44:51.984 I/chatty  ( 1267): uid=1000 system_server expire 8 lines
07-14 14:44:51.987 I/notification_enqueue( 1267): [10140,13447,com.babytree.apps.pregnancy,-317045405,NULL,0,Notification(pri=-2 contentView=com.babytree.apps.pregnancy/0x1090087 vibrate=null sound=null defaults=0x0 flags=0x40 color=0xff607d8b vis=PRIVATE),0]
07-14 14:44:51.996 E/wpa_supplicant(15098): eap_proxy: eap_proxy_notify_config
07-14 14:44:52.000 E/wpa_supplicant(15098): eap_proxy: eap_proxy_notify_config
07-14 14:44:52.000 E/wpa_supplicant(15098): eap_proxy: eap_proxy_allowed_method
07-14 14:44:52.369 W/d       (13603): memoryCache() and memoryCacheSize() calls overlap each other
07-14 14:44:52.394 E/TrackerUtils(13386): latitude=22.528837longitude=113.938269province=#city=#district=#cityCode=0755#adCode=440305#address=#country=#road=#poiName=#street=#streetNum=#aoiName=#errorCode=0#errorInfo=success#locationDetail=#locationType=4
07-14 14:44:52.399 E/TrackerUtils(13447): latitude=22.528837longitude=113.938269province=#city=#district=#cityCode=0755#adCode=440305#address=#country=#road=#poiName=#street=#streetNum=#aoiName=#errorCode=0#errorInfo=success#locationDetail=#locationType=4
07-14 14:44:52.422 E/SharedPreferencesImpl(13447): Couldn't rename file /data/user/0/com.babytree.apps.pregnancy/shared_prefs/Constant.xml to backup file /data/user/0/com.babytree.apps.pregnancy/shared_prefs/Constant.xml.bak
07-14 14:44:52.471 E/SQLiteLog(13603): (14) cannot open file at line 31278 of [2ef4f3a5b1]
07-14 14:44:52.471 E/SQLiteLog(13603): (14) os_unix.c:31278: (2) open(/storage/emulated/0/music/babytreemusic.db) - 
07-14 14:44:52.472 E/SQLiteDatabase(13603): Failed to open database '/storage/emulated/0/music/babytreemusic.db'.
07-14 14:44:52.472 E/SQLiteDatabase(13603): android.database.sqlite.SQLiteCantOpenDatabaseException: unknown error (code 14): Could not open database
07-14 14:44:52.472 E/SQLiteDatabase(13603): 	at android.database.sqlite.SQLiteConnection.nativeOpen(Native Method)
07-14 14:44:52.472 E/SQLiteDatabase(13603): 	at android.database.sqlite.SQLiteConnection.open(SQLiteConnection.java:207)
07-14 14:44:52.472 E/SQLiteDatabase(13603): 	at android.database.sqlite.SQLiteConnection.open(SQLiteConnection.java:191)
07-14 14:44:52.472 E/SQLiteDatabase(13603): 	at android.database.sqlite.SQLiteConnectionPool.openConnectionLocked(SQLiteConnectionPool.java:463)
07-14 14:44:52.472 E/SQLiteDatabase(13603): 	at android.database.sqlite.SQLiteConnectionPool.open(SQLiteConnectionPool.java:185)
07-14 14:44:52.472 E/SQLiteDatabase(13603): 	at android.database.sqlite.SQLiteConnectionPool.open(SQLiteConnectionPool.java:177)
07-14 14:44:52.472 E/SQLiteDatabase(13603): 	at android.database.sqlite.SQLiteDatabase.openInner(SQLiteDatabase.java:806)
07-14 14:44:52.472 E/SQLiteDatabase(13603): 	at android.database.sqlite.SQLiteDatabase.open(SQLiteDatabase.java:791)
07-14 14:44:52.472 E/SQLiteDatabase(13603): 	at android.database.sqlite.SQLiteDatabase.openDatabase(SQLiteDatabase.java:694)
07-14 14:44:52.472 E/SQLiteDatabase(13603): 	at android.database.sqlite.SQLiteDatabase.openDatabase(SQLiteDatabase.java:669)
07-14 14:44:52.472 E/SQLiteDatabase(13603): 	at com.babytree.apps.pregnancy.activity.music.c.c.c(DownloadDatabaseImpl.java:50)
07-14 14:44:52.472 E/SQLiteDatabase(13603): 	at com.babytree.apps.pregnancy.activity.music.c.c.<init>(DownloadDatabaseImpl.java:34)
07-14 14:44:52.472 E/SQLiteDatabase(13603): 	at com.babytree.apps.pregnancy.activity.music.c.l.<init>(DownloadProviderDbImpl.java:25)
07-14 14:44:52.472 E/SQLiteDatabase(13603): 	at com.babytree.apps.pregnancy.activity.music.c.i.<init>(DownloadManagerImpl.java:23)
07-14 14:44:52.472 E/SQLiteDatabase(13603): 	at com.babytree.apps.pregnancy.activity.music.BabytreeMusicPlayApplication.onCreate(BabytreeMusicPlayApplication.java:38)
07-14 14:44:52.472 E/SQLiteDatabase(13603): 	at com.babytree.apps.pregnancy.PregnancyApplication.onCreate(PregnancyApplication.java:134)
07-14 14:44:52.472 E/SQLiteDatabase(13603): 	at com.baidu.protect.A.a(Native Method)
07-14 14:44:52.472 E/SQLiteDatabase(13603): 	at com.baidu.protect.StubApplication.onCreate(StubApplication.java:250)
07-14 14:44:52.472 E/SQLiteDatabase(13603): 	at android.app.Instrumentation.callApplicationOnCreate(Instrumentation.java:1014)
07-14 14:44:52.472 E/SQLiteDatabase(13603): 	at android.app.ActivityThread.handleBindApplication(ActivityThread.java:4788)
07-14 14:44:52.472 E/SQLiteDatabase(13603): 	at android.app.ActivityThread.access$1600(ActivityThread.java:161)
07-14 14:44:52.472 E/SQLiteDatabase(13603): 	at android.app.ActivityThread$H.handleMessage(ActivityThread.java:1429)
07-14 14:44:52.472 E/SQLiteDatabase(13603): 	at android.os.Handler.dispatchMessage(Handler.java:102)
07-14 14:44:52.472 E/SQLiteDatabase(13603): 	at android.os.Looper.loop(Looper.java:148)
07-14 14:44:52.472 E/SQLiteDatabase(13603): 	at android.app.ActivityThread.main(ActivityThread.java:5536)
07-14 14:44:52.472 E/SQLiteDatabase(13603): 	at java.lang.reflect.Method.invoke(Native Method)
07-14 14:44:52.472 E/SQLiteDatabase(13603): 	at com.android.internal.os.ZygoteInit$MethodAndArgsCaller.run(ZygoteInit.java:745)
07-14 14:44:52.472 E/SQLiteDatabase(13603): 	at com.android.internal.os.ZygoteInit.main(ZygoteInit.java:635)
07-14 14:44:52.472 W/System.err(13603): android.database.sqlite.SQLiteCantOpenDatabaseException: unknown error (code 14): Could not open database
07-14 14:44:52.472 W/System.err(13603): 	at android.database.sqlite.SQLiteConnection.nativeOpen(Native Method)
07-14 14:44:52.472 W/System.err(13603): 	at android.database.sqlite.SQLiteConnection.open(SQLiteConnection.java:207)
07-14 14:44:52.472 W/System.err(13603): 	at android.database.sqlite.SQLiteConnection.open(SQLiteConnection.java:191)
07-14 14:44:52.472 W/System.err(13603): 	at android.database.sqlite.SQLiteConnectionPool.openConnectionLocked(SQLiteConnectionPool.java:463)
07-14 14:44:52.472 W/System.err(13603): 	at android.database.sqlite.SQLiteConnectionPool.open(SQLiteConnectionPool.java:185)
07-14 14:44:52.472 W/System.err(13603): 	at android.database.sqlite.SQLiteConnectionPool.open(SQLiteConnectionPool.java:177)
07-14 14:44:52.472 W/System.err(13603): 	at android.database.sqlite.SQLiteDatabase.openInner(SQLiteDatabase.java:806)
07-14 14:44:52.472 W/System.err(13603): 	at android.database.sqlite.SQLiteDatabase.open(SQLiteDatabase.java:791)
07-14 14:44:52.472 W/System.err(13603): 	at android.database.sqlite.SQLiteDatabase.openDatabase(SQLiteDatabase.java:694)
07-14 14:44:52.472 W/System.err(13603): 	at android.database.sqlite.SQLiteDatabase.openDatabase(SQLiteDatabase.java:669)
07-14 14:44:52.472 W/System.err(13603): 	at com.babytree.apps.pregnancy.activity.music.c.c.c(DownloadDatabaseImpl.java:50)
07-14 14:44:52.472 W/System.err(13603): 	at com.babytree.apps.pregnancy.activity.music.c.c.<init>(DownloadDatabaseImpl.java:34)
07-14 14:44:52.472 W/System.err(13603): 	at com.babytree.apps.pregnancy.activity.music.c.l.<init>(DownloadProviderDbImpl.java:25)
07-14 14:44:52.472 W/System.err(13603): 	at com.babytree.apps.pregnancy.activity.music.c.i.<init>(DownloadManagerImpl.java:23)
07-14 14:44:52.472 W/System.err(13603): 	at com.babytree.apps.pregnancy.activity.music.BabytreeMusicPlayApplication.onCreate(BabytreeMusicPlayApplication.java:38)
07-14 14:44:52.472 W/System.err(13603): 	at com.babytree.apps.pregnancy.PregnancyApplication.onCreate(PregnancyApplication.java:134)
07-14 14:44:52.472 W/System.err(13603): 	at com.baidu.protect.A.a(Native Method)
07-14 14:44:52.472 W/System.err(13603): 	at com.baidu.protect.StubApplication.onCreate(StubApplication.java:250)
07-14 14:44:52.472 W/System.err(13603): 	at android.app.Instrumentation.callApplicationOnCreate(Instrumentation.java:1014)
07-14 14:44:52.472 W/System.err(13603): 	at android.app.ActivityThread.handleBindApplication(ActivityThread.java:4788)
07-14 14:44:52.472 W/System.err(13603): 	at android.app.ActivityThread.access$1600(ActivityThread.java:161)
07-14 14:44:52.472 W/System.err(13603): 	at android.app.ActivityThread$H.handleMessage(ActivityThread.java:1429)
07-14 14:44:52.472 W/System.err(13603): 	at android.os.Handler.dispatchMessage(Handler.java:102)
07-14 14:44:52.472 W/System.err(13603): 	at android.os.Looper.loop(Looper.java:148)
07-14 14:44:52.472 W/System.err(13603): 	at android.app.ActivityThread.main(ActivityThread.java:5536)
07-14 14:44:52.472 W/System.err(13603): 	at java.lang.reflect.Method.invoke(Native Method)
07-14 14:44:52.472 W/System.err(13603): 	at com.android.internal.os.ZygoteInit$MethodAndArgsCaller.run(ZygoteInit.java:745)
07-14 14:44:52.472 W/System.err(13603): 	at com.android.internal.os.ZygoteInit.main(ZygoteInit.java:635)
07-14 14:44:52.887 E/TrackerUtils(13603): latitude=22.528837longitude=113.938269province=#city=#district=#cityCode=0755#adCode=440305#address=#country=#road=#poiName=#street=#streetNum=#aoiName=#errorCode=0#errorInfo=success#locationDetail=#locationType=4
07-14 14:44:52.998 E/wpa_supplicant(15098): eap_proxy: eap_proxy_notify_config
07-14 14:44:53.009 I/chatty  ( 1267): uid=1000(system) WifiStateMachin expire 18 lines
07-14 14:44:53.039 I/netstats_mobile_sample( 1267): [627141972,1041349,116733261,810194,614930514,768059,110253860,810209,614930474,768058,110251774,810195,1500014704848]
07-14 14:44:53.039 I/netstats_wifi_sample( 1267): [2901607047,3335525,487882940,2865810,2901632690,3333457,447656036,2826325,2901565418,3331784,447509693,2825293,1500014704848]
07-14 14:44:53.084 I/netstats_mobile_sample( 1267): [627141972,1041349,116733261,810194,614930514,768059,110253860,810209,614930514,768059,110251774,810195,1500014704893]
07-14 14:44:53.084 I/netstats_wifi_sample( 1267): [2901607047,3335525,487882940,2865810,2901632690,3333457,447656036,2826325,2901565418,3331784,447509693,2825293,1500014704893]
07-14 14:44:53.160 I/notification_enqueue( 1267): [10148,4223,com.tencent.mtt,83,NULL,0,Notification(pri=2 contentView=com.tencent.mtt/0x7f03003d vibrate=null sound=null defaults=0x0 flags=0x22 color=0x00000000 vis=PRIVATE),0]
07-14 14:44:56.292 W/CursorWrapperInner(13603): Cursor finalized without prior close()
07-14 14:44:56.318 W/Settings(13603): Setting auto_time has moved from android.provider.Settings.System to android.provider.Settings.Global, returning read-only value.
07-14 14:45:04.226 I/chatty  ( 1267): uid=1000(system) Binder_9 expire 5 lines
07-14 14:45:04.372 E/wpa_supplicant(15098): eap_proxy: eap_proxy_notify_config
07-14 14:45:04.377 E/wpa_supplicant(15098): eap_proxy: eap_proxy_notify_config
07-14 14:45:04.377 E/wpa_supplicant(15098): eap_proxy: eap_proxy_allowed_method
07-14 14:45:04.402 I/chatty  ( 1267): uid=1000(system) WifiStateMachin expire 69 lines
07-14 14:45:04.409 I/chatty  ( 1267): uid=1000 system_server expire 13 lines
07-14 14:45:04.516 E/wpa_supplicant(15098): eap_proxy: eap_proxy_notify_config
07-14 14:45:04.517 I/chatty  ( 1267): uid=1000(system) WifiMonitor expire 37 lines
07-14 14:45:04.519 I/chatty  ( 1267): uid=1000(system) WifiStateMachin expire 22 lines
07-14 14:45:04.557 I/chatty  ( 1267): uid=1000(system) Binder_A expire 8 lines
07-14 14:45:04.587 I/netstats_mobile_sample( 1267): [627148304,1041377,116739071,810230,614936794,768086,110259382,810245,614936794,768086,110257296,810231,1500014716396]
07-14 14:45:04.588 I/netstats_wifi_sample( 1267): [2901607047,3335525,487882940,2865810,2901632690,3333457,447656036,2826325,2901565418,3331784,447509693,2825293,1500014716396]
07-14 14:45:04.641 I/notification_enqueue( 1267): [10148,4223,com.tencent.mtt,83,NULL,0,Notification(pri=2 contentView=com.tencent.mtt/0x7f03003d vibrate=null sound=null defaults=0x0 flags=0x22 color=0x00000000 vis=PRIVATE),0]
07-14 14:45:44.912 I/am_proc_died( 1267): [0,13476,com.qihoo360.mobilesafe:WifiExam]
07-14 14:45:45.010 I/am_pss  ( 1267): [4223,10148,com.tencent.mtt:service,38134784,28487680]
07-14 14:45:58.835 I/chatty  ( 1267): uid=1000(system) Binder_C expire 8 lines
07-14 14:45:58.836 I/chatty  ( 1267): uid=1000(system) Binder_F expire 10 lines
07-14 14:45:58.838 I/chatty  ( 1267): uid=1000(system) Binder_B expire 2 lines
07-14 14:45:58.839 I/chatty  ( 1267): uid=1000(system) Binder_8 expire 6 lines
07-14 14:45:58.839 I/chatty  ( 1267): uid=1000(system) Binder_E expire 4 lines
07-14 14:45:58.851 I/chatty  ( 1267): uid=1000(system) Binder_D expire 4 lines
07-14 14:46:04.239 I/am_proc_start( 1267): [0,13937,10009,com.qihoo360.mobilesafe:WifiExam,service,com.qihoo360.mobilesafe/.wifiexam.plugin.WifiExamExternalService]
07-14 14:46:04.262 I/am_proc_bound( 1267): [0,13937,com.qihoo360.mobilesafe:WifiExam]
07-14 14:46:04.306 I/am_pss  ( 1267): [13603,10140,com.babytree.apps.pregnancy:pushservice,120627200,102813696]
07-14 14:46:04.400 I/chatty  ( 3764): uid=10072(com.qiku.android.launcher3) expire 19 lines
07-14 14:46:04.446 I/chatty  (13937): uid=10009(com.qihoo360.mobilesafe) expire 1 line
07-14 14:46:04.480 I/chatty  (13937): uid=10009(com.qihoo360.mobilesafe) expire 2 lines
