07-14 14:28:14.961 I/am_pss  ( 1267): [19945,10024,com.qiku.android.cloudsync,16322560,13611008]
07-14 14:28:16.116 I/chatty  ( 1267): uid=1000(system) Binder_F expire 8 lines
07-14 14:28:16.116 I/chatty  ( 1267): uid=1000(system) Binder_10 expire 6 lines
07-14 14:28:16.117 I/chatty  ( 1267): uid=1000(system) Binder_A expire 8 lines
07-14 14:28:16.118 I/chatty  ( 1267): uid=1000(system) Binder_8 expire 13 lines
07-14 14:28:16.122 I/chatty  ( 1267): uid=1000(system) Binder_3 expire 6 lines
07-14 14:28:16.122 I/chatty  ( 1267): uid=1000(system) Binder_D expire 9 lines
07-14 14:28:16.385 I/chatty  ( 1267): uid=1000(system) Binder_4 expire 16 lines
07-14 14:28:50.175 I/am_proc_died( 1267): [0,10622,com.qihoo360.mobilesafe:WifiExam]
07-14 14:29:04.219 I/chatty  ( 1267): uid=1000(system) WifiStateMachin expire 22 lines
07-14 14:29:04.245 I/chatty  ( 1267): uid=1000(system) Binder_7 expire 9 lines
07-14 14:29:04.261 I/am_proc_start( 1267): [0,11217,10009,com.qihoo360.mobilesafe:WifiExam,service,com.qihoo360.mobilesafe/.wifiexam.plugin.WifiExamExternalService]
07-14 14:29:04.262 I/chatty  ( 1267): uid=1000(system) Binder_9 expire 19 lines
07-14 14:29:04.303 I/am_proc_bound( 1267): [0,11217,com.qihoo360.mobilesafe:WifiExam]
07-14 14:29:19.386 I/chatty  ( 1267): uid=1000(system) Binder_1 expire 13 lines
07-14 14:29:21.141 I/chatty  ( 1267): uid=1000(system) Binder_5 expire 8 lines
07-14 14:29:21.144 I/chatty  ( 1267): uid=1000(system) Binder_C expire 8 lines
07-14 14:29:21.148 I/chatty  ( 1267): uid=1000(system) Binder_B expire 14 lines
07-14 14:29:35.708 I/chatty  ( 1267): uid=1000(system) ActivityManager expire 4 lines
07-14 14:30:30.085 I/am_proc_died( 1267): [0,11217,com.qihoo360.mobilesafe:WifiExam]
07-14 14:31:03.352 I/power_screen_state( 1267): [1,0,0,0]
07-14 14:31:03.352 I/screen_toggled( 1267): 1
07-14 14:31:03.355 I/power_screen_broadcast_send( 1267): 1
07-14 14:31:03.356 I/chatty  ( 1267): uid=1000(system) PowerManagerSer expire 1 line
07-14 14:31:03.371 I/device_idle( 1267): [0,screen]
07-14 14:31:03.372 I/device_idle_off_start( 1267): screen
07-14 14:31:03.372 I/device_idle_off_complete( 1267): []
07-14 14:31:03.377 I/chatty  ( 1267): uid=1000 system_server expire 28 lines
07-14 14:31:03.444 I/am_proc_start( 1267): [0,11354,10009,com.qihoo360.mobilesafe:WifiExam,service,com.qihoo360.mobilesafe/.wifiexam.plugin.WifiExamExternalService]
07-14 14:31:03.455 I/sysui_action( 1267): [252,true]
07-14 14:31:03.466 I/screen_toggled( 2928): 2
07-14 14:31:03.468 I/chatty  ( 1267): uid=1000(system) android.ui expire 3 lines
07-14 14:31:03.470 I/am_proc_bound( 1267): [0,11354,com.qihoo360.mobilesafe:WifiExam]
07-14 14:31:03.718 I/am_resume_activity( 1267): [0,182437032,354,com.tencent.mm/.ui.LauncherUI]
07-14 14:31:03.724 I/chatty  ( 3676): uid=1000(system) com.qiku.logsystem expire 5 lines
07-14 14:31:03.749 I/chatty  ( 1267): uid=1000(system) android.display expire 1 line
07-14 14:31:03.765 I/am_on_resume_called(28445): [0,com.tencent.mm.ui.LauncherUI]
07-14 14:31:03.787 I/chatty  ( 8775): uid=1000(system) com.qiku.service.container expire 1 line
07-14 14:31:03.828 I/chatty  ( 1267): uid=1000(system) Binder_E expire 11 lines
07-14 14:31:03.984 I/am_proc_start( 1267): [0,11419,10009,com.qihoo360.mobilesafe,service,com.qihoo360.mobilesafe/.main.CasualService]
07-14 14:31:04.007 I/am_proc_bound( 1267): [0,11419,com.qihoo360.mobilesafe]
07-14 14:31:04.032 I/chatty  ( 1267): uid=1000(system) Binder_6 expire 4 lines
07-14 14:31:04.249 I/power_screen_broadcast_done( 1267): [1,894,1]
07-14 14:31:05.122 I/chatty  ( 1267): uid=1000(system) Binder_2 expire 4 lines
07-14 14:31:06.674 I/wm_task_moved( 1267): [354,0,0]
07-14 14:31:06.676 I/am_home_stack_moved( 1267): [0,1,0,0,moveTaskToBack setFocusedActivity]
07-14 14:31:06.676 I/wm_task_moved( 1267): [1,1,0]
07-14 14:31:06.677 I/am_focused_activity( 1267): [0,com.qiku.android.launcher3/.Launcher]
07-14 14:31:06.686 I/am_pause_activity( 1267): [0,182437032,com.tencent.mm/.ui.LauncherUI]
07-14 14:31:06.689 W/ViewRootImpl(28445): Cancelling event due to no window focus: KeyEvent { action=ACTION_UP, keyCode=KEYCODE_BACK, scanCode=0, metaState=0, flags=0x68, repeatCount=0, eventTime=148695066, downTime=148695063, deviceId=-1, source=0x101 }
07-14 14:31:06.689 W/ViewRootImpl(28445): Cancelling event due to no window focus: KeyEvent { action=ACTION_UP, keyCode=KEYCODE_BACK, scanCode=0, metaState=0, flags=0x68, repeatCount=0, eventTime=148695066, downTime=148695063, deviceId=-1, source=0x101 }
07-14 14:31:06.689 W/ViewRootImpl(28445): Cancelling event due to no window focus: KeyEvent { action=ACTION_UP, keyCode=KEYCODE_BACK, scanCode=0, metaState=0, flags=0x68, repeatCount=0, eventTime=148695066, downTime=148695063, deviceId=-1, source=0x101 }
07-14 14:31:06.702 I/am_on_paused_called(28445): [0,com.tencent.mm.ui.LauncherUI]
07-14 14:31:06.706 I/am_resume_activity( 1267): [0,93571314,1,com.qiku.android.launcher3/.Launcher]
07-14 14:31:06.709 W/ViewRootImpl(28445): Cancelling event due to no window focus: KeyEvent { action=ACTION_UP, keyCode=KEYCODE_BACK, scanCode=0, metaState=0, flags=0x68, repeatCount=0, eventTime=148695066, downTime=148695063, deviceId=-1, source=0x101 }
07-14 14:31:06.709 W/ViewRootImpl(28445): Cancelling event due to no window focus: KeyEvent { action=ACTION_UP, keyCode=KEYCODE_BACK, scanCode=0, metaState=0, flags=0x68, repeatCount=0, eventTime=148695066, downTime=148695063, deviceId=-1, source=0x101 }
07-14 14:31:06.709 W/ViewRootImpl(28445): Cancelling event due to no window focus: KeyEvent { action=ACTION_UP, keyCode=KEYCODE_BACK, scanCode=0, metaState=0, flags=0x68, repeatCount=0, eventTime=148695066, downTime=148695063, deviceId=-1, source=0x101 }
07-14 14:31:06.710 W/ViewRootImpl(28445): Cancelling event due to no window focus: KeyEvent { action=ACTION_UP, keyCode=KEYCODE_BACK, scanCode=0, metaState=0, flags=0x68, repeatCount=0, eventTime=148695066, downTime=148695063, deviceId=-1, source=0x101 }
07-14 14:31:06.710 W/ViewRootImpl(28445): Cancelling event due to no window focus: KeyEvent { action=ACTION_UP, keyCode=KEYCODE_BACK, scanCode=0, metaState=0, flags=0x68, repeatCount=0, eventTime=148695066, downTime=148695063, deviceId=-1, source=0x101 }
07-14 14:31:06.711 W/ViewRootImpl(28445): Cancelling event due to no window focus: KeyEvent { action=ACTION_UP, keyCode=KEYCODE_BACK, scanCode=0, metaState=0, flags=0x68, repeatCount=0, eventTime=148695066, downTime=148695063, deviceId=-1, source=0x101 }
07-14 14:31:06.724 I/am_on_resume_called( 3764): [0,com.qiku.android.launcher3.Launcher]
07-14 14:31:06.744 W/ViewRootImpl( 3764): Cancelling event due to no window focus: KeyEvent { action=ACTION_UP, keyCode=KEYCODE_BACK, scanCode=0, metaState=0, flags=0x68, repeatCount=0, eventTime=148695063, downTime=148695063, deviceId=-1, source=0x101 }
07-14 14:31:06.744 W/ViewRootImpl( 3764): Cancelling event due to no window focus: KeyEvent { action=ACTION_UP, keyCode=KEYCODE_BACK, scanCode=0, metaState=0, flags=0x68, repeatCount=0, eventTime=148695063, downTime=148695063, deviceId=-1, source=0x101 }
07-14 14:31:06.744 W/ViewRootImpl( 3764): Cancelling event due to no window focus: KeyEvent { action=ACTION_UP, keyCode=KEYCODE_BACK, scanCode=0, metaState=0, flags=0x68, repeatCount=0, eventTime=148695063, downTime=148695063, deviceId=-1, source=0x101 }
07-14 14:31:06.744 W/ViewRootImpl( 3764): Cancelling event due to no window focus: KeyEvent { action=ACTION_UP, keyCode=KEYCODE_BACK, scanCode=0, metaState=0, flags=0x68, repeatCount=0, eventTime=148695063, downTime=148695063, deviceId=-1, source=0x101 }
07-14 14:31:06.744 W/ViewRootImpl( 3764): Cancelling event due to no window focus: KeyEvent { action=ACTION_UP, keyCode=KEYCODE_BACK, scanCode=0, metaState=0, flags=0x68, repeatCount=0, eventTime=148695063, downTime=148695063, deviceId=-1, source=0x101 }
07-14 14:31:06.744 W/ViewRootImpl( 3764): Cancelling event due to no window focus: KeyEvent { action=ACTION_UP, keyCode=KEYCODE_BACK, scanCode=0, metaState=0, flags=0x68, repeatCount=0, eventTime=148695063, downTime=148695063, deviceId=-1, source=0x101 }
07-14 14:31:07.020 I/sf_frame_dur(  438): [com.tencent.mm/com.tencent.mm.ui.LauncherUI,254,7,4,2,3,1,1]
07-14 14:31:07.740 I/am_home_stack_moved( 1267): [0,0,9,9,bringingFoundTaskToFront setFocusedActivity]
07-14 14:31:07.740 I/wm_task_moved( 1267): [353,1,2]
07-14 14:31:07.748 I/am_focused_activity( 1267): [0,com.tencent.mtt/.external.novel.inhost.base.NovelProxyActivity]
07-14 14:31:07.749 I/am_pause_activity( 1267): [0,93571314,com.qiku.android.launcher3/.Launcher]
07-14 14:31:07.751 I/am_task_to_front( 1267): [0,353]
07-14 14:31:07.761 I/am_on_paused_called( 3764): [0,com.qiku.android.launcher3.Launcher]
07-14 14:31:07.771 I/am_resume_activity( 1267): [0,115886046,353,com.tencent.mtt/.external.novel.inhost.base.NovelProxyActivity]
07-14 14:31:07.785 I/chatty  ( 1267): uid=1000(system) Binder_9 expire 4 lines
07-14 14:31:07.793 I/am_on_resume_called( 4164): [0,com.tencent.mtt.external.novel.inhost.base.NovelProxyActivity]
07-14 14:31:07.982 I/chatty  ( 1267): uid=1000(system) WifiStateMachin expire 26 lines
07-14 14:31:07.987 I/chatty  ( 1267): uid=1000(system) Binder_4 expire 2 lines
07-14 14:31:08.041 I/sf_frame_dur(  438): [com.qiku.android.launcher3/com.qiku.android.launcher3.Launcher,0,0,0,0,0,1,0]
07-14 14:31:08.173 I/netstats_mobile_sample( 1267): [627003874,1040665,116589463,809347,614793424,767399,110116838,809362,614793424,767399,110114752,809348,1500013879982]
07-14 14:31:08.174 I/netstats_wifi_sample( 1267): [2901607047,3335525,487882940,2865810,2901632690,3333457,447656036,2826325,2901565418,3331784,447509693,2825293,1500013879982]
07-14 14:31:08.197 I/netstats_mobile_sample( 1267): [627003874,1040665,116589463,809347,614793424,767399,110116838,809362,614793424,767399,110114752,809348,1500013880007]
07-14 14:31:08.198 I/netstats_wifi_sample( 1267): [2901607047,3335525,487882940,2865810,2901632690,3333457,447656036,2826325,2901565418,3331784,447509693,2825293,1500013880007]
07-14 14:31:08.205 I/notification_enqueue( 1267): [10148,4223,com.tencent.mtt,83,NULL,0,Notification(pri=2 contentView=com.tencent.mtt/0x7f03003d vibrate=null sound=null defaults=0x0 flags=0x22 color=0x00000000 vis=PRIVATE),0]
07-14 14:31:09.182 I/notification_enqueue( 1267): [10009,32707,com.qihoo360.mobilesafe,1,NULL,0,Notification(pri=2 contentView=com.qihoo360.mobilesafe/0x7f030062 vibrate=null sound=null tick defaults=0x0 flags=0x62 color=0x00000000 vis=PRIVATE),0]
07-14 14:31:17.814 I/am_proc_died( 1267): [0,11419,com.qihoo360.mobilesafe]
07-14 14:31:17.911 I/am_pss  ( 1267): [4164,10148,com.tencent.mtt,115749888,104259584]
07-14 14:31:17.943 I/am_pss  ( 1267): [4223,10148,com.tencent.mtt:service,40514560,30945280]
07-14 14:31:18.247 I/am_proc_died( 1267): [0,11354,com.qihoo360.mobilesafe:WifiExam]
07-14 14:31:20.239 I/chatty  ( 1267): uid=1000(system) Binder_8 expire 12 lines
07-14 14:31:20.283 I/chatty  ( 1267): uid=1000(system) WifiStateMachin expire 26 lines
07-14 14:31:20.292 I/chatty  ( 1267): uid=1000(system) Binder_10 expire 22 lines
07-14 14:31:20.304 I/chatty  ( 1267): uid=1000(system) Binder_3 expire 12 lines
07-14 14:31:20.432 I/netstats_mobile_sample( 1267): [627007868,1040686,116594903,809371,614797418,767420,110122086,809386,614797418,767420,110120000,809372,1500013892241]
07-14 14:31:20.432 I/netstats_wifi_sample( 1267): [2901607047,3335525,487882940,2865810,2901632690,3333457,447656036,2826325,2901565418,3331784,447509693,2825293,1500013892241]
07-14 14:31:20.446 I/chatty  ( 1267): uid=1000(system) Binder_4 expire 18 lines
07-14 14:31:20.457 I/netstats_mobile_sample( 1267): [627007868,1040686,116594903,809371,614797418,767420,110122086,809386,614797418,767420,110120000,809372,1500013892266]
07-14 14:31:20.457 I/netstats_wifi_sample( 1267): [2901607047,3335525,487882940,2865810,2901632690,3333457,447656036,2826325,2901565418,3331784,447509693,2825293,1500013892266]
07-14 14:31:20.457 I/am_proc_start( 1267): [0,11551,10009,com.qihoo360.mobilesafe:WifiExam,service,com.qihoo360.mobilesafe/.wifiexam.plugin.WifiExamExternalService]
07-14 14:31:20.480 I/am_proc_bound( 1267): [0,11551,com.qihoo360.mobilesafe:WifiExam]
07-14 14:31:20.509 I/notification_enqueue( 1267): [10148,4223,com.tencent.mtt,83,NULL,0,Notification(pri=2 contentView=com.tencent.mtt/0x7f03003d vibrate=null sound=null defaults=0x0 flags=0x22 color=0x00000000 vis=PRIVATE),0]
07-14 14:31:20.509 I/chatty  ( 1267): uid=1000 system_server expire 7 lines
07-14 14:31:24.133 I/chatty  ( 1267): uid=1000(system) Binder_5 expire 6 lines
07-14 14:31:30.776 I/am_proc_died( 1267): [0,11551,com.qihoo360.mobilesafe:WifiExam]
07-14 14:31:30.866 I/am_pss  ( 1267): [3764,10072,com.qiku.android.launcher3,108221440,94179328]
07-14 14:31:30.960 I/am_pss  ( 1267): [28445,10095,com.tencent.mm,281880576,255692800]
07-14 14:31:30.981 I/am_pss  ( 1267): [2064,10095,com.tencent.mm:support,36481024,28925952]
07-14 14:31:30.997 I/am_pss  ( 1267): [27210,10095,com.tencent.mm:push,35001344,30363648]
07-14 14:31:32.694 I/chatty  ( 1267): uid=1000(system) Binder_B expire 22 lines
07-14 14:31:32.695 I/chatty  ( 1267): uid=1000(system) Binder_E expire 8 lines
07-14 14:31:32.697 I/chatty  ( 1267): uid=1000(system) Binder_D expire 6 lines
07-14 14:31:32.699 I/chatty  ( 1267): uid=1000(system) Binder_1 expire 14 lines
07-14 14:31:32.700 I/chatty  ( 1267): uid=1000(system) Binder_9 expire 4 lines
07-14 14:31:32.723 I/chatty  ( 1267): uid=1000(system) Binder_A expire 8 lines
07-14 14:31:35.040 I/chatty  ( 1267): uid=1000(system) Binder_C expire 14 lines
07-14 14:31:35.042 I/chatty  ( 1267): uid=1000(system) Binder_2 expire 10 lines
07-14 14:31:35.043 I/chatty  ( 1267): uid=1000(system) Binder_7 expire 8 lines
07-14 14:31:35.057 I/chatty  ( 1267): uid=1000(system) Binder_F expire 12 lines
07-14 14:31:45.520 I/am_pss  ( 1267): [1992,1000,com.qiku.android.ota,8948736,7323648]
07-14 14:31:45.553 I/am_pss  ( 1267): [19945,10024,com.qiku.android.cloudsync,16433152,13660160]
07-14 14:31:50.181 I/chatty  ( 1267): uid=1000(system) Binder_6 expire 14 lines
07-14 14:32:02.234 I/chatty  ( 1267): uid=1000(system) InputDispatcher expire 13 lines
07-14 14:32:02.242 I/chatty  (10778): uid=1000(system) com.qiku.healthguard expire 2 lines
07-14 14:32:02.245 I/am_home_stack_moved( 1267): [0,1,0,0,bringingFoundTaskToFront setFocusedActivity]
07-14 14:32:02.245 I/wm_task_moved( 1267): [1,1,0]
07-14 14:32:02.250 I/am_focused_activity( 1267): [0,com.qiku.android.launcher3/.Launcher]
07-14 14:32:02.269 I/am_pause_activity( 1267): [0,115886046,com.tencent.mtt/.external.novel.inhost.base.NovelProxyActivity]
07-14 14:32:02.270 I/am_task_to_front( 1267): [0,1]
07-14 14:32:02.270 I/am_new_intent( 1267): [0,89302331,1,com.qiku.android.launcher3/.Launcher,android.intent.action.MAIN,NULL,NULL,274726912]
07-14 14:32:02.272 I/am_on_paused_called( 4164): [0,com.tencent.mtt.external.novel.inhost.base.NovelProxyActivity]
07-14 14:32:02.280 I/am_resume_activity( 1267): [0,93571314,1,com.qiku.android.launcher3/.Launcher]
07-14 14:32:02.287 I/chatty  ( 3676): uid=1000(system) com.qiku.logsystem expire 3 lines
07-14 14:32:02.287 I/am_on_resume_called( 3764): [0,com.qiku.android.launcher3.Launcher]
07-14 14:32:02.611 I/sf_frame_dur(  438): [com.tencent.mtt/com.tencent.mtt.external.novel.inhost.base.NovelProxyActivity,382,5,3,2,0,0,3]
07-14 14:32:03.142 I/am_home_stack_moved( 1267): [0,0,9,9,bringingFoundTaskToFront setFocusedActivity]
07-14 14:32:03.143 I/wm_task_moved( 1267): [354,1,2]
07-14 14:32:03.149 I/am_focused_activity( 1267): [0,com.tencent.mm/.ui.LauncherUI]
07-14 14:32:03.151 I/am_pause_activity( 1267): [0,93571314,com.qiku.android.launcher3/.Launcher]
07-14 14:32:03.152 I/am_task_to_front( 1267): [0,354]
07-14 14:32:03.152 I/am_new_intent( 1267): [0,267629448,354,com.tencent.mm/.ui.LauncherUI,android.intent.action.MAIN,NULL,NULL,274726912]
07-14 14:32:03.161 I/am_on_paused_called( 3764): [0,com.qiku.android.launcher3.Launcher]
07-14 14:32:03.169 I/am_resume_activity( 1267): [0,182437032,354,com.tencent.mm/.ui.LauncherUI]
07-14 14:32:03.241 I/am_on_resume_called(28445): [0,com.tencent.mm.ui.LauncherUI]
07-14 14:32:03.530 I/sf_frame_dur(  438): [com.qiku.android.launcher3/com.qiku.android.launcher3.Launcher,0,1,0,0,0,1,0]
07-14 14:32:05.138 I/am_pss  ( 1267): [22428,10017,com.qihoo.appstore,25803776,20496384]
07-14 14:32:06.006 I/chatty  ( 1267): uid=1000(system) InputReader expire 6 lines
07-14 14:32:06.007 I/sysui_histogram( 1267): [power_double_tap_interval,112816]
07-14 14:32:06.202 I/power_sleep_requested( 1267): 0
07-14 14:32:06.207 I/chatty  ( 1267): uid=1000(system) PowerManagerSer expire 1 line
07-14 14:32:06.225 I/am_pause_activity( 1267): [0,182437032,com.tencent.mm/.ui.LauncherUI]
07-14 14:32:06.263 I/device_idle( 1267): [1,no activity]
07-14 14:32:06.278 I/sysui_histogram( 1267): [fingerprint_token,0]
07-14 14:32:06.294 I/am_on_paused_called(28445): [0,com.tencent.mm.ui.LauncherUI]
07-14 14:32:06.295 I/am_focused_activity( 1267): [0,com.tencent.mm/.ui.LauncherUI]
07-14 14:32:06.617 I/power_screen_state( 1267): [0,2,0,0]
07-14 14:32:06.617 I/screen_toggled( 1267): 0
07-14 14:32:06.617 I/sysui_histogram( 1267): [screen_timeout,600]
07-14 14:32:06.618 I/power_screen_broadcast_send( 1267): 1
07-14 14:32:06.778 I/chatty  ( 1267): uid=1000(system) ActivityManager expire 1 line
07-14 14:32:07.208 I/power_screen_broadcast_done( 1267): [0,589,1]
07-14 14:32:08.872 I/chatty  ( 1267): uid=1000 system_server expire 114 lines
07-14 14:32:20.549 I/notification_cancel_all( 1267): [1000,1267,com.qiku.eyemode,-1,0,0,9,NULL]
07-14 14:32:20.549 I/am_kill ( 1267): [0,10201,com.qiku.eyemode,11,screen off cleanup]
07-14 14:32:20.647 I/am_proc_died( 1267): [0,10201,com.qiku.eyemode]
07-14 14:32:21.549 I/chatty  ( 1267): uid=1000(system) ActivityManager expire 3 lines
07-14 14:32:33.041 I/chatty  ( 1267): uid=1000(system) WifiStateMachin expire 23 lines
07-14 14:32:33.068 I/chatty  ( 1267): uid=1000(system) Binder_E expire 5 lines
07-14 14:32:33.086 I/am_proc_start( 1267): [0,11766,10009,com.qihoo360.mobilesafe:WifiExam,service,com.qihoo360.mobilesafe/.wifiexam.plugin.WifiExamExternalService]
07-14 14:32:33.119 I/am_proc_bound( 1267): [0,11766,com.qihoo360.mobilesafe:WifiExam]
07-14 14:32:34.338 I/chatty  ( 1267): uid=1000(system) Binder_7 expire 2 lines
07-14 14:32:34.339 I/chatty  ( 1267): uid=1000(system) Binder_B expire 9 lines
07-14 14:32:34.340 I/chatty  ( 1267): uid=1000(system) Binder_9 expire 4 lines
07-14 14:32:34.342 I/chatty  ( 1267): uid=1000(system) Binder_2 expire 17 lines
07-14 14:32:34.343 I/chatty  ( 1267): uid=1000(system) Binder_5 expire 8 lines
07-14 14:32:53.748 I/chatty  ( 1267): uid=1000(system) Binder_F expire 5 lines
07-14 14:35:20.395 I/power_screen_state( 1267): [1,0,0,0]
07-14 14:35:20.395 I/screen_toggled( 1267): 1
07-14 14:35:20.395 I/chatty  ( 1267): uid=1000(system) PowerManagerSer expire 1 line
07-14 14:35:20.399 I/power_screen_broadcast_send( 1267): 1
07-14 14:35:20.409 I/chatty  ( 1267): uid=1000(system) Binder_A expire 7 lines
07-14 14:35:20.413 I/device_idle( 1267): [0,screen]
07-14 14:35:20.418 I/device_idle_off_start( 1267): screen
07-14 14:35:20.418 I/device_idle_off_complete( 1267): []
07-14 14:35:20.539 I/chatty  ( 3676): uid=1000(system) com.qiku.logsystem expire 3 lines
07-14 14:35:20.557 I/chatty  ( 1267): uid=1000(system) Binder_8 expire 8 lines
07-14 14:35:20.560 I/chatty  ( 1267): uid=1000 system_server expire 25 lines
07-14 14:35:20.566 I/sysui_action( 1267): [252,true]
07-14 14:35:20.572 I/screen_toggled( 2928): 2
07-14 14:35:20.572 I/chatty  ( 1267): uid=1000(system) android.ui expire 3 lines
07-14 14:35:20.888 I/am_resume_activity( 1267): [0,182437032,354,com.tencent.mm/.ui.LauncherUI]
07-14 14:35:20.890 I/chatty  ( 1267): uid=1000(system) android.display expire 1 line
07-14 14:35:20.914 I/chatty  ( 1267): uid=1000(system) Binder_4 expire 8 lines
07-14 14:35:20.929 I/chatty  ( 8775): uid=1000(system) com.qiku.service.container expire 1 line
07-14 14:35:20.934 I/chatty  ( 1267): uid=1000(system) Binder_10 expire 4 lines
07-14 14:35:20.947 I/chatty  ( 1267): uid=1000(system) Binder_3 expire 2 lines
07-14 14:35:20.956 I/am_on_resume_called(28445): [0,com.tencent.mm.ui.LauncherUI]
07-14 14:35:21.043 I/am_proc_start( 1267): [0,11886,10065,com.qiku.eyemode,broadcast,com.qiku.eyemode/.logic.ScreenProcessReceiver]
07-14 14:35:21.064 I/notification_enqueue( 1267): [10148,4223,com.tencent.mtt,83,NULL,0,Notification(pri=2 contentView=com.tencent.mtt/0x7f03003d vibrate=null sound=null defaults=0x0 flags=0x22 color=0x00000000 vis=PRIVATE),0]
07-14 14:35:21.066 I/am_proc_bound( 1267): [0,11886,com.qiku.eyemode]
07-14 14:35:21.144 I/chatty  ( 1267): uid=1000(system) Binder_C expire 6 lines
07-14 14:35:21.148 I/chatty  ( 1267): uid=1000(system) Binder_D expire 2 lines
07-14 14:35:21.174 I/am_proc_start( 1267): [0,11937,10009,com.qihoo360.mobilesafe,service,com.qihoo360.mobilesafe/.main.CasualService]
07-14 14:35:21.191 I/am_proc_bound( 1267): [0,11937,com.qihoo360.mobilesafe]
07-14 14:35:21.237 I/chatty  ( 1267): uid=1000(system) Binder_6 expire 10 lines
07-14 14:35:21.247 I/power_screen_broadcast_done( 1267): [1,848,1]
07-14 14:35:24.047 I/am_pss  ( 1267): [4223,10148,com.tencent.mtt:service,41942016,32473088]
07-14 14:35:25.233 I/chatty  ( 1267): uid=1000(system) Binder_9 expire 10 lines
07-14 14:35:25.234 I/chatty  ( 1267): uid=1000(system) Binder_5 expire 6 lines
07-14 14:35:25.236 I/chatty  ( 1267): uid=1000(system) Binder_1 expire 12 lines
07-14 14:35:25.242 I/chatty  ( 1267): uid=1000(system) Binder_7 expire 14 lines
07-14 14:35:25.288 I/am_pss  ( 1267): [3764,10072,com.qiku.android.launcher3,108520448,94449664]
07-14 14:35:25.297 I/chatty  ( 1267): uid=1000(system) WifiStateMachin expire 48 lines
07-14 14:35:25.456 I/netstats_mobile_sample( 1267): [627034555,1040819,116622925,809521,614823985,767550,110148908,809536,614822628,767548,110146742,809520,1500014137266]
07-14 14:35:25.457 I/netstats_wifi_sample( 1267): [2901607047,3335525,487882940,2865810,2901632690,3333457,447656036,2826325,2901565418,3331784,447509693,2825293,1500014137266]
07-14 14:35:25.457 I/chatty  ( 1267): uid=1000(system) Binder_3 expire 14 lines
07-14 14:35:25.503 I/netstats_mobile_sample( 1267): [627034595,1040820,116622925,809521,614824025,767551,110148908,809536,614824025,767551,110146822,809522,1500014137312]
07-14 14:35:25.504 I/netstats_wifi_sample( 1267): [2901607047,3335525,487882940,2865810,2901632690,3333457,447656036,2826325,2901565418,3331784,447509693,2825293,1500014137312]
07-14 14:35:25.515 I/notification_enqueue( 1267): [10148,4223,com.tencent.mtt,83,NULL,0,Notification(pri=2 contentView=com.tencent.mtt/0x7f03003d vibrate=null sound=null defaults=0x0 flags=0x22 color=0x00000000 vis=PRIVATE),0]
07-14 14:35:25.515 I/chatty  ( 1267): uid=1000 system_server expire 10 lines
07-14 14:35:26.007 I/notification_enqueue( 1267): [10009,32707,com.qihoo360.mobilesafe,1,NULL,0,Notification(pri=2 contentView=com.qihoo360.mobilesafe/0x7f030062 vibrate=null sound=null tick defaults=0x0 flags=0x62 color=0x00000000 vis=PRIVATE),0]
07-14 14:35:30.689 I/wm_task_moved( 1267): [354,0,0]
07-14 14:35:30.691 I/am_home_stack_moved( 1267): [0,1,0,0,moveTaskToBack setFocusedActivity]
07-14 14:35:30.692 I/wm_task_moved( 1267): [1,1,0]
07-14 14:35:30.694 I/am_focused_activity( 1267): [0,com.qiku.android.launcher3/.Launcher]
07-14 14:35:30.708 I/am_pause_activity( 1267): [0,182437032,com.tencent.mm/.ui.LauncherUI]
07-14 14:35:30.714 W/ViewRootImpl(28445): Cancelling event due to no window focus: KeyEvent { action=ACTION_UP, keyCode=KEYCODE_BACK, scanCode=0, metaState=0, flags=0x68, repeatCount=0, eventTime=148777820, downTime=148777814, deviceId=-1, source=0x101 }
07-14 14:35:30.714 W/ViewRootImpl(28445): Cancelling event due to no window focus: KeyEvent { action=ACTION_UP, keyCode=KEYCODE_BACK, scanCode=0, metaState=0, flags=0x68, repeatCount=0, eventTime=148777820, downTime=148777814, deviceId=-1, source=0x101 }
07-14 14:35:30.714 W/ViewRootImpl(28445): Cancelling event due to no window focus: KeyEvent { action=ACTION_UP, keyCode=KEYCODE_BACK, scanCode=0, metaState=0, flags=0x68, repeatCount=0, eventTime=148777820, downTime=148777814, deviceId=-1, source=0x101 }
07-14 14:35:30.731 I/am_on_paused_called(28445): [0,com.tencent.mm.ui.LauncherUI]
07-14 14:35:30.736 I/am_resume_activity( 1267): [0,93571314,1,com.qiku.android.launcher3/.Launcher]
07-14 14:35:30.741 W/ViewRootImpl(28445): Cancelling event due to no window focus: KeyEvent { action=ACTION_UP, keyCode=KEYCODE_BACK, scanCode=0, metaState=0, flags=0x68, repeatCount=0, eventTime=148777820, downTime=148777814, deviceId=-1, source=0x101 }
07-14 14:35:30.741 W/ViewRootImpl(28445): Cancelling event due to no window focus: KeyEvent { action=ACTION_UP, keyCode=KEYCODE_BACK, scanCode=0, metaState=0, flags=0x68, repeatCount=0, eventTime=148777820, downTime=148777814, deviceId=-1, source=0x101 }
07-14 14:35:30.741 W/ViewRootImpl(28445): Cancelling event due to no window focus: KeyEvent { action=ACTION_UP, keyCode=KEYCODE_BACK, scanCode=0, metaState=0, flags=0x68, repeatCount=0, eventTime=148777820, downTime=148777814, deviceId=-1, source=0x101 }
07-14 14:35:30.743 W/ViewRootImpl(28445): Cancelling event due to no window focus: KeyEvent { action=ACTION_UP, keyCode=KEYCODE_BACK, scanCode=0, metaState=0, flags=0x68, repeatCount=0, eventTime=148777820, downTime=148777814, deviceId=-1, source=0x101 }
07-14 14:35:30.743 W/ViewRootImpl(28445): Cancelling event due to no window focus: KeyEvent { action=ACTION_UP, keyCode=KEYCODE_BACK, scanCode=0, metaState=0, flags=0x68, repeatCount=0, eventTime=148777820, downTime=148777814, deviceId=-1, source=0x101 }
07-14 14:35:30.743 W/ViewRootImpl(28445): Cancelling event due to no window focus: KeyEvent { action=ACTION_UP, keyCode=KEYCODE_BACK, scanCode=0, metaState=0, flags=0x68, repeatCount=0, eventTime=148777820, downTime=148777814, deviceId=-1, source=0x101 }
07-14 14:35:30.743 I/chatty  ( 3676): uid=1000(system) com.qiku.logsystem expire 6 lines
07-14 14:35:30.745 I/am_on_resume_called( 3764): [0,com.qiku.android.launcher3.Launcher]
07-14 14:35:30.767 W/ViewRootImpl( 3764): Cancelling event due to no window focus: KeyEvent { action=ACTION_UP, keyCode=KEYCODE_BACK, scanCode=0, metaState=0, flags=0x68, repeatCount=0, eventTime=148777814, downTime=148777814, deviceId=-1, source=0x101 }
07-14 14:35:30.767 W/ViewRootImpl( 3764): Cancelling event due to no window focus: KeyEvent { action=ACTION_UP, keyCode=KEYCODE_BACK, scanCode=0, metaState=0, flags=0x68, repeatCount=0, eventTime=148777814, downTime=148777814, deviceId=-1, source=0x101 }
07-14 14:35:30.767 W/ViewRootImpl( 3764): Cancelling event due to no window focus: KeyEvent { action=ACTION_UP, keyCode=KEYCODE_BACK, scanCode=0, metaState=0, flags=0x68, repeatCount=0, eventTime=148777814, downTime=148777814, deviceId=-1, source=0x101 }
07-14 14:35:30.767 W/ViewRootImpl( 3764): Cancelling event due to no window focus: KeyEvent { action=ACTION_UP, keyCode=KEYCODE_BACK, scanCode=0, metaState=0, flags=0x68, repeatCount=0, eventTime=148777814, downTime=148777814, deviceId=-1, source=0x101 }
07-14 14:35:30.767 W/ViewRootImpl( 3764): Cancelling event due to no window focus: KeyEvent { action=ACTION_UP, keyCode=KEYCODE_BACK, scanCode=0, metaState=0, flags=0x68, repeatCount=0, eventTime=148777814, downTime=148777814, deviceId=-1, source=0x101 }
07-14 14:35:30.767 W/ViewRootImpl( 3764): Cancelling event due to no window focus: KeyEvent { action=ACTION_UP, keyCode=KEYCODE_BACK, scanCode=0, metaState=0, flags=0x68, repeatCount=0, eventTime=148777814, downTime=148777814, deviceId=-1, source=0x101 }
07-14 14:35:31.039 I/sf_frame_dur(  438): [com.tencent.mm/com.tencent.mm.ui.LauncherUI,269,7,5,3,1,3,3]
07-14 14:35:31.632 I/am_home_stack_moved( 1267): [0,0,9,9,bringingFoundTaskToFront setFocusedActivity]
07-14 14:35:31.633 I/wm_task_moved( 1267): [353,1,2]
07-14 14:35:31.636 I/am_focused_activity( 1267): [0,com.tencent.mtt/.external.novel.inhost.base.NovelProxyActivity]
07-14 14:35:31.636 I/am_pause_activity( 1267): [0,93571314,com.qiku.android.launcher3/.Launcher]
07-14 14:35:31.637 I/am_task_to_front( 1267): [0,353]
07-14 14:35:31.640 I/am_on_paused_called( 3764): [0,com.qiku.android.launcher3.Launcher]
07-14 14:35:31.645 I/am_resume_activity( 1267): [0,115886046,353,com.tencent.mtt/.external.novel.inhost.base.NovelProxyActivity]
07-14 14:35:31.672 I/am_on_resume_called( 4164): [0,com.tencent.mtt.external.novel.inhost.base.NovelProxyActivity]
07-14 14:35:31.714 I/chatty  ( 1267): uid=1000(system) Binder_E expire 10 lines
07-14 14:35:31.926 I/sf_frame_dur(  438): [com.qiku.android.launcher3/com.qiku.android.launcher3.Launcher,0,0,0,0,0,1,0]
07-14 14:35:34.928 I/am_proc_died( 1267): [0,11937,com.qihoo360.mobilesafe]
07-14 14:35:35.405 I/chatty  ( 1267): uid=1000(system) Binder_8 expire 4 lines
07-14 14:35:35.497 I/am_proc_died( 1267): [0,11766,com.qihoo360.mobilesafe:WifiExam]
07-14 14:35:36.038 I/notification_enqueue( 1267): [10009,32707,com.qihoo360.mobilesafe,1,NULL,0,Notification(pri=2 contentView=com.qihoo360.mobilesafe/0x7f030062 vibrate=null sound=null tick defaults=0x0 flags=0x62 color=0x00000000 vis=PRIVATE),0]
07-14 14:35:36.673 I/chatty  ( 1267): uid=1000(system) Binder_2 expire 16 lines
07-14 14:35:36.745 I/chatty  ( 1267): uid=1000(system) Binder_F expire 4 lines
07-14 14:35:36.876 I/netstats_mobile_sample( 1267): [627042342,1040858,116630359,809562,614831692,767587,110156014,809577,614831692,767587,110153928,809563,1500014148685]
07-14 14:35:36.877 I/netstats_wifi_sample( 1267): [2901607047,3335525,487882940,2865810,2901632690,3333457,447656036,2826325,2901565418,3331784,447509693,2825293,1500014148685]
07-14 14:35:37.830 I/am_proc_start( 1267): [0,12131,10009,com.qihoo360.mobilesafe:WifiExam,service,com.qihoo360.mobilesafe/.wifiexam.plugin.WifiExamExternalService]
07-14 14:35:37.842 I/netstats_mobile_sample( 1267): [627042342,1040858,116630359,809562,614831692,767587,110156014,809577,614831692,767587,110153928,809563,1500014149651]
07-14 14:35:37.843 I/netstats_wifi_sample( 1267): [2901607047,3335525,487882940,2865810,2901632690,3333457,447656036,2826325,2901565418,3331784,447509693,2825293,1500014149651]
07-14 14:35:37.867 I/am_proc_bound( 1267): [0,12131,com.qihoo360.mobilesafe:WifiExam]
07-14 14:35:37.892 I/notification_enqueue( 1267): [10148,4223,com.tencent.mtt,83,NULL,0,Notification(pri=2 contentView=com.tencent.mtt/0x7f03003d vibrate=null sound=null defaults=0x0 flags=0x22 color=0x00000000 vis=PRIVATE),0]
07-14 14:35:45.129 I/am_pss  ( 1267): [4164,10148,com.tencent.mtt,137142272,124403712]
07-14 14:35:45.155 I/am_pss  ( 1267): [4223,10148,com.tencent.mtt:service,36504576,26918912]
07-14 14:35:45.362 I/chatty  ( 1267): uid=1000(system) Binder_D expire 22 lines
07-14 14:35:48.131 I/am_proc_died( 1267): [0,12131,com.qihoo360.mobilesafe:WifiExam]
07-14 14:35:49.110 I/chatty  ( 1267): uid=1000(system) Binder_4 expire 4 lines
07-14 14:35:51.225 I/am_pss  ( 1267): [28445,10095,com.tencent.mm,283722752,257601536]
07-14 14:35:51.245 I/am_pss  ( 1267): [2064,10095,com.tencent.mm:support,36493312,28938240]
07-14 14:35:51.255 I/am_pss  ( 1267): [11886,10065,com.qiku.eyemode,5167104,3489792]
07-14 14:35:51.271 I/am_pss  ( 1267): [27210,10095,com.tencent.mm:push,34995200,30359552]
07-14 14:35:52.197 I/chatty  ( 1267): uid=1000(system) Binder_C expire 4 lines
07-14 14:35:52.215 I/chatty  ( 1267): uid=1000(system) Binder_10 expire 8 lines
07-14 14:35:52.244 I/am_pss  ( 1267): [3764,10072,com.qiku.android.launcher3,108370944,94277632]
07-14 14:35:53.584 I/chatty  ( 1267): uid=1000(system) InputDispatcher expire 13 lines
07-14 14:35:53.594 I/chatty  (10778): uid=1000(system) com.qiku.healthguard expire 2 lines
07-14 14:35:53.594 I/am_home_stack_moved( 1267): [0,1,0,0,bringingFoundTaskToFront setFocusedActivity]
07-14 14:35:53.594 I/wm_task_moved( 1267): [1,1,0]
07-14 14:35:53.599 I/am_focused_activity( 1267): [0,com.qiku.android.launcher3/.Launcher]
07-14 14:35:53.624 I/am_pause_activity( 1267): [0,115886046,com.tencent.mtt/.external.novel.inhost.base.NovelProxyActivity]
07-14 14:35:53.626 I/am_task_to_front( 1267): [0,1]
07-14 14:35:53.626 I/am_new_intent( 1267): [0,176052565,1,com.qiku.android.launcher3/.Launcher,android.intent.action.MAIN,NULL,NULL,274726912]
07-14 14:35:53.626 I/am_on_paused_called( 4164): [0,com.tencent.mtt.external.novel.inhost.base.NovelProxyActivity]
07-14 14:35:53.632 I/am_resume_activity( 1267): [0,93571314,1,com.qiku.android.launcher3/.Launcher]
07-14 14:35:53.653 I/am_on_resume_called( 3764): [0,com.qiku.android.launcher3.Launcher]
07-14 14:35:53.660 I/am_pss  ( 1267): [19945,10024,com.qiku.android.cloudsync,16997376,14225408]
07-14 14:35:53.963 I/sf_frame_dur(  438): [com.tencent.mtt/com.tencent.mtt.external.novel.inhost.base.NovelProxyActivity,227,48,8,1,0,0,3]
07-14 14:35:54.660 I/am_home_stack_moved( 1267): [0,0,9,9,bringingFoundTaskToFront setFocusedActivity]
07-14 14:35:54.660 I/wm_task_moved( 1267): [354,1,2]
07-14 14:35:54.664 I/am_focused_activity( 1267): [0,com.tencent.mm/.ui.LauncherUI]
07-14 14:35:54.664 I/am_pause_activity( 1267): [0,93571314,com.qiku.android.launcher3/.Launcher]
07-14 14:35:54.667 I/am_task_to_front( 1267): [0,354]
07-14 14:35:54.668 I/am_new_intent( 1267): [0,165062670,354,com.tencent.mm/.ui.LauncherUI,android.intent.action.MAIN,NULL,NULL,274726912]
07-14 14:35:54.671 I/am_on_paused_called( 3764): [0,com.qiku.android.launcher3.Launcher]
07-14 14:35:54.678 I/am_resume_activity( 1267): [0,182437032,354,com.tencent.mm/.ui.LauncherUI]
07-14 14:35:54.702 I/am_pss  ( 1267): [1992,1000,com.qiku.android.ota,9034752,7409664]
07-14 14:35:54.750 I/am_on_resume_called(28445): [0,com.tencent.mm.ui.LauncherUI]
07-14 14:35:55.001 I/sf_frame_dur(  438): [com.qiku.android.launcher3/com.qiku.android.launcher3.Launcher,0,0,0,0,0,1,0]
07-14 14:35:56.511 I/chatty  ( 1267): uid=1000(system) Binder_A expire 12 lines
07-14 14:35:56.743 I/wm_task_moved( 1267): [354,0,0]
07-14 14:35:56.746 I/am_home_stack_moved( 1267): [0,1,0,0,moveTaskToBack setFocusedActivity]
07-14 14:35:56.747 I/wm_task_moved( 1267): [1,1,0]
07-14 14:35:56.748 I/am_focused_activity( 1267): [0,com.qiku.android.launcher3/.Launcher]
07-14 14:35:56.757 I/am_pause_activity( 1267): [0,182437032,com.tencent.mm/.ui.LauncherUI]
07-14 14:35:56.788 I/am_on_paused_called(28445): [0,com.tencent.mm.ui.LauncherUI]
07-14 14:35:56.793 I/am_resume_activity( 1267): [0,93571314,1,com.qiku.android.launcher3/.Launcher]
07-14 14:35:56.809 I/am_on_resume_called( 3764): [0,com.qiku.android.launcher3.Launcher]
07-14 14:35:56.826 W/ViewRootImpl( 3764): Cancelling event due to no window focus: KeyEvent { action=ACTION_UP, keyCode=KEYCODE_BACK, scanCode=0, metaState=0, flags=0x68, repeatCount=0, eventTime=148803870, downTime=148803870, deviceId=-1, source=0x101 }
07-14 14:35:56.826 W/ViewRootImpl( 3764): Cancelling event due to no window focus: KeyEvent { action=ACTION_UP, keyCode=KEYCODE_BACK, scanCode=0, metaState=0, flags=0x68, repeatCount=0, eventTime=148803870, downTime=148803870, deviceId=-1, source=0x101 }
07-14 14:35:56.826 W/ViewRootImpl( 3764): Cancelling event due to no window focus: KeyEvent { action=ACTION_UP, keyCode=KEYCODE_BACK, scanCode=0, metaState=0, flags=0x68, repeatCount=0, eventTime=148803870, downTime=148803870, deviceId=-1, source=0x101 }
07-14 14:35:56.826 W/ViewRootImpl( 3764): Cancelling event due to no window focus: KeyEvent { action=ACTION_UP, keyCode=KEYCODE_BACK, scanCode=0, metaState=0, flags=0x68, repeatCount=0, eventTime=148803870, downTime=148803870, deviceId=-1, source=0x101 }
07-14 14:35:56.826 W/ViewRootImpl( 3764): Cancelling event due to no window focus: KeyEvent { action=ACTION_UP, keyCode=KEYCODE_BACK, scanCode=0, metaState=0, flags=0x68, repeatCount=0, eventTime=148803870, downTime=148803870, deviceId=-1, source=0x101 }
07-14 14:35:56.826 W/ViewRootImpl( 3764): Cancelling event due to no window focus: KeyEvent { action=ACTION_UP, keyCode=KEYCODE_BACK, scanCode=0, metaState=0, flags=0x68, repeatCount=0, eventTime=148803870, downTime=148803870, deviceId=-1, source=0x101 }
07-14 14:35:57.122 I/sf_frame_dur(  438): [com.tencent.mm/com.tencent.mm.ui.LauncherUI,85,0,0,0,0,1,0]
07-14 14:35:57.664 I/chatty  ( 1267): uid=1000(system) Binder_6 expire 2 lines
07-14 14:35:58.437 I/chatty  ( 1267): uid=1000(system) Binder_1 expire 8 lines
07-14 14:35:58.443 I/chatty  ( 1267): uid=1000(system) InputReader expire 6 lines
07-14 14:35:58.452 I/sysui_histogram( 1267): [power_double_tap_interval,51175]
07-14 14:35:58.596 I/power_sleep_requested( 1267): 0
07-14 14:35:58.607 I/am_pause_activity( 1267): [0,93571314,com.qiku.android.launcher3/.Launcher]
07-14 14:35:58.608 I/am_on_paused_called( 3764): [0,com.qiku.android.launcher3.Launcher]
07-14 14:35:58.654 I/am_focused_activity( 1267): [0,com.qiku.android.launcher3/.Launcher]
07-14 14:35:58.661 I/device_idle( 1267): [1,no activity]
07-14 14:35:58.667 I/sysui_histogram( 1267): [fingerprint_token,0]
07-14 14:35:59.007 I/power_screen_state( 1267): [0,2,0,0]
07-14 14:35:59.007 I/screen_toggled( 1267): 0
07-14 14:35:59.007 I/sysui_histogram( 1267): [screen_timeout,600]
07-14 14:35:59.008 I/power_screen_broadcast_send( 1267): 1
07-14 14:35:59.096 I/chatty  ( 1267): uid=1000(system) Binder_E expire 8 lines
07-14 14:35:59.195 I/chatty  ( 1267): uid=1000(system) ActivityManager expire 1 line
07-14 14:35:59.284 I/chatty  ( 1267): uid=1000(system) Binder_9 expire 2 lines
07-14 14:35:59.608 I/power_screen_broadcast_done( 1267): [0,601,1]
07-14 14:36:01.289 I/chatty  ( 1267): uid=1000 system_server expire 114 lines
07-14 14:36:13.389 I/notification_cancel_all( 1267): [1000,1267,com.babytree.apps.pregnancy,-1,0,0,9,NULL]
07-14 14:36:13.389 I/notification_cancel_all( 1267): [1000,1267,com.babytree.apps.pregnancy:core,-1,0,0,9,NULL]
07-14 14:36:13.390 I/notification_cancel_all( 1267): [1000,1267,com.babytree.apps.pregnancy:pushservice,-1,0,0,9,NULL]
07-14 14:36:13.390 I/am_kill ( 1267): [0,10666,com.babytree.apps.pregnancy,2,screen off cleanup]
07-14 14:36:13.452 I/am_kill ( 1267): [0,10717,com.babytree.apps.pregnancy:core,2,screen off cleanup]
07-14 14:36:13.531 I/am_kill ( 1267): [0,10892,com.babytree.apps.pregnancy:pushservice,5,screen off cleanup]
07-14 14:36:13.638 I/am_proc_died( 1267): [0,10666,com.babytree.apps.pregnancy]
07-14 14:36:13.639 I/chatty  ( 1267): uid=1000(system) Binder_2 expire 9 lines
07-14 14:36:13.639 I/am_schedule_service_restart( 1267): [0,com.babytree.apps.pregnancy/.local_push.LocalService,1000]
07-14 14:36:13.640 I/am_schedule_service_restart( 1267): [0,com.babytree.apps.pregnancy/com.amap.api.location.APSService,10999]
07-14 14:36:13.643 I/am_proc_died( 1267): [0,10717,com.babytree.apps.pregnancy:core]
07-14 14:36:13.644 I/chatty  ( 1267): uid=1000(system) Binder_4 expire 8 lines
07-14 14:36:13.644 I/am_schedule_service_restart( 1267): [0,com.babytree.apps.pregnancy/com.netease.nimlib.service.NimService,20995]
07-14 14:36:13.647 I/am_proc_died( 1267): [0,10892,com.babytree.apps.pregnancy:pushservice]
07-14 14:36:13.648 I/chatty  ( 1267): uid=1000(system) Binder_A expire 9 lines
07-14 14:36:13.648 I/am_schedule_service_restart( 1267): [0,com.babytree.apps.pregnancy/.push.getui.GetuiPushService,10991]
07-14 14:36:14.662 I/am_proc_start( 1267): [0,12298,10140,com.babytree.apps.pregnancy,service,com.babytree.apps.pregnancy/.local_push.LocalService]
07-14 14:36:14.694 I/am_proc_bound( 1267): [0,12298,com.babytree.apps.pregnancy]
07-14 14:36:30.227 I/chatty  ( 1267): uid=1000(system) Binder_C expire 4 lines
07-14 14:36:30.247 I/am_proc_start( 1267): [0,12353,10140,com.babytree.apps.pregnancy:core,service,com.babytree.apps.pregnancy/com.netease.nimlib.service.NimService]
07-14 14:36:30.252 I/chatty  ( 1267): uid=1000(system) Binder_E expire 4 lines
07-14 14:36:30.273 I/chatty  ( 1267): uid=1000(system) Binder_6 expire 7 lines
07-14 14:36:30.280 I/am_proc_bound( 1267): [0,12353,com.babytree.apps.pregnancy:core]
07-14 14:36:30.358 I/am_pss  ( 1267): [3764,10072,com.qiku.android.launcher3,109064192,94949376]
07-14 14:36:30.396 I/chatty  ( 1267): uid=1000(system) WifiStateMachin expire 48 lines
07-14 14:36:30.416 I/chatty  ( 1267): uid=1000(system) Binder_9 expire 9 lines
07-14 14:36:30.429 I/am_proc_start( 1267): [0,12386,10009,com.qihoo360.mobilesafe:WifiExam,service,com.qihoo360.mobilesafe/.wifiexam.plugin.WifiExamExternalService]
07-14 14:36:30.450 I/am_proc_bound( 1267): [0,12386,com.qihoo360.mobilesafe:WifiExam]
07-14 14:36:30.978 I/chatty  ( 1267): uid=1000(system) Binder_D expire 7 lines
07-14 14:36:31.349 I/am_proc_start( 1267): [0,12530,10140,com.babytree.apps.pregnancy:pushservice,service,com.babytree.apps.pregnancy/.push.getui.GetuiPushService]
07-14 14:36:31.368 I/am_proc_bound( 1267): [0,12530,com.babytree.apps.pregnancy:pushservice]
07-14 14:36:31.634 I/chatty  ( 1267): uid=1000(system) Binder_7 expire 4 lines
07-14 14:36:31.639 I/chatty  ( 1267): uid=1000(system) Binder_5 expire 5 lines
07-14 14:36:31.775 I/chatty  ( 1267): uid=1000(system) ActivityManager expire 2 lines
07-14 14:36:31.778 I/notification_enqueue( 1267): [10140,12353,com.babytree.apps.pregnancy,-317045405,NULL,0,Notification(pri=-2 contentView=com.babytree.apps.pregnancy/0x1090087 vibrate=null sound=null defaults=0x0 flags=0x40 color=0xff607d8b vis=PRIVATE),0]
07-14 14:36:31.778 I/chatty  ( 1267): uid=1000 system_server expire 3 lines
07-14 14:36:31.785 I/notification_enqueue( 1267): [10140,12353,com.babytree.apps.pregnancy,-317045405,NULL,0,Notification(pri=-2 contentView=com.babytree.apps.pregnancy/0x1090087 vibrate=null sound=null defaults=0x0 flags=0x40 color=0xff607d8b vis=PRIVATE),0]
07-14 14:36:31.796 I/chatty  ( 1267): uid=1000(system) Binder_8 expire 2 lines
07-14 14:36:32.843 I/chatty  ( 1267): uid=1000(system) Binder_B expire 4 lines
07-14 14:36:33.771 I/chatty  ( 1267): uid=1000(system) Binder_1 expire 10 lines
07-14 14:36:35.709 I/chatty  ( 1267): uid=1000(system) Binder_3 expire 18 lines
07-14 14:37:05.490 I/am_pss  ( 1267): [4223,10148,com.tencent.mtt:service,36548608,26968064]
07-14 14:37:32.745 I/am_pss  ( 1267): [32707,10009,com.qihoo360.mobilesafe:GuardService,69422080,63340544]
07-14 14:37:38.026 I/am_pss  ( 1267): [28445,10095,com.tencent.mm,284249088,258195456]
07-14 14:37:38.066 I/am_pss  ( 1267): [2064,10095,com.tencent.mm:support,36435968,28938240]
07-14 14:37:38.087 I/am_pss  ( 1267): [27210,10095,com.tencent.mm:push,35456000,30867456]
07-14 14:37:40.261 I/netstats_mobile_sample( 1267): [627081236,1041061,116674240,809842,614870310,767784,110197655,809857,614870310,767784,110195569,809843,1500014272070]
07-14 14:37:40.262 I/netstats_wifi_sample( 1267): [2901607047,3335525,487882940,2865810,2901632690,3333457,447656036,2826325,2901565418,3331784,447509693,2825293,1500014272070]
07-14 14:37:40.298 I/netstats_mobile_sample( 1267): [627081236,1041061,116674240,809842,614870310,767784,110197655,809857,614870310,767784,110195569,809843,1500014272107]
07-14 14:37:40.299 I/netstats_wifi_sample( 1267): [2901607047,3335525,487882940,2865810,2901632690,3333457,447656036,2826325,2901565418,3331784,447509693,2825293,1500014272107]
07-14 14:37:40.362 I/notification_enqueue( 1267): [10148,4223,com.tencent.mtt,83,NULL,0,Notification(pri=2 contentView=com.tencent.mtt/0x7f03003d vibrate=null sound=null defaults=0x0 flags=0x22 color=0x00000000 vis=PRIVATE),0]
07-14 14:37:51.768 I/chatty  ( 1267): uid=1000(system) WifiStateMachin expire 62 lines
07-14 14:37:51.885 I/chatty  ( 1267): uid=1000(system) Binder_1 expire 10 lines
07-14 14:37:51.894 I/netstats_mobile_sample( 1267): [627082873,1041069,116675689,809851,614871947,767792,110199032,809866,614871947,767792,110196946,809852,1500014283703]
07-14 14:37:51.895 I/netstats_wifi_sample( 1267): [2901607047,3335525,487882940,2865810,2901632690,3333457,447656036,2826325,2901565418,3331784,447509693,2825293,1500014283703]
07-14 14:37:51.912 I/chatty  ( 1267): uid=1000(system) Binder_A expire 9 lines
07-14 14:37:51.923 I/netstats_mobile_sample( 1267): [627082873,1041069,116675689,809851,614871947,767792,110199032,809866,614871947,767792,110196946,809852,1500014283732]
07-14 14:37:51.923 I/netstats_wifi_sample( 1267): [2901607047,3335525,487882940,2865810,2901632690,3333457,447656036,2826325,2901565418,3331784,447509693,2825293,1500014283732]
07-14 14:37:51.986 I/notification_enqueue( 1267): [10148,4223,com.tencent.mtt,83,NULL,0,Notification(pri=2 contentView=com.tencent.mtt/0x7f03003d vibrate=null sound=null defaults=0x0 flags=0x22 color=0x00000000 vis=PRIVATE),0]
07-14 14:37:51.986 I/chatty  ( 1267): uid=1000 system_server expire 28 lines
07-14 14:38:09.642 I/chatty  ( 1267): uid=1000(system) Binder_F expire 14 lines
07-14 14:38:09.643 I/chatty  ( 1267): uid=1000(system) Binder_6 expire 6 lines
07-14 14:38:09.644 I/chatty  ( 1267): uid=1000(system) Binder_D expire 8 lines
07-14 14:38:09.645 I/chatty  ( 1267): uid=1000(system) Binder_E expire 10 lines
07-14 14:38:09.646 I/chatty  ( 1267): uid=1000(system) Binder_B expire 4 lines
07-14 14:38:09.711 I/am_pss  ( 1267): [12530,10140,com.babytree.apps.pregnancy:pushservice,120672256,102858752]
07-14 14:38:09.746 I/am_pss  ( 1267): [12386,10009,com.qihoo360.mobilesafe:WifiExam,7437312,4276224]
07-14 14:38:52.709 I/am_pss  ( 1267): [12298,10140,com.babytree.apps.pregnancy,78099456,75546624]
07-14 14:38:52.749 I/am_pss  ( 1267): [12353,10140,com.babytree.apps.pregnancy:core,65341440,63213568]
07-14 14:38:52.784 I/am_pss  ( 1267): [19945,10024,com.qiku.android.cloudsync,17528832,14815232]
07-14 14:38:52.802 I/chatty  ( 1267): uid=1000(system) Binder_7 expire 12 lines
07-14 14:40:29.664 I/am_proc_start( 1267): [0,12871,10060,com.qiku.cleaner,service,com.qiku.cleaner/com.qiku.remind.service.CleanerRemindService]
07-14 14:40:29.668 I/chatty  ( 1267): uid=1000(system) AlarmManager expire 2 lines
07-14 14:40:29.772 I/am_proc_bound( 1267): [0,12871,com.qiku.cleaner]
07-14 14:40:29.842 I/chatty  ( 1267): uid=1000(system) Binder_9 expire 4 lines
07-14 14:40:29.855 I/chatty  ( 1267): uid=1000(system) Binder_4 expire 6 lines
07-14 14:41:53.887 I/battery_level( 1267): [62,3921,315]
07-14 14:41:53.908 I/notification_enqueue( 1267): [10009,32707,com.qihoo360.mobilesafe,1,NULL,0,Notification(pri=2 contentView=com.qihoo360.mobilesafe/0x7f030062 vibrate=null sound=null tick defaults=0x0 flags=0x62 color=0x00000000 vis=PRIVATE),0]
07-14 14:42:12.259 I/chatty  ( 1267): uid=1000(system) Binder_8 expire 14 lines
07-14 14:42:12.303 I/am_proc_died( 1267): [0,12386,com.qihoo360.mobilesafe:WifiExam]
07-14 14:42:13.483 I/netstats_mobile_sample( 1267): [627088014,1041094,116681414,809882,614877048,767816,110204509,809897,614877048,767816,110202423,809883,1500014545292]
07-14 14:42:13.483 I/netstats_wifi_sample( 1267): [2901607047,3335525,487882940,2865810,2901632690,3333457,447656036,2826325,2901565418,3331784,447509693,2825293,1500014545292]
07-14 14:42:13.509 I/netstats_mobile_sample( 1267): [627088014,1041094,116681414,809882,614877048,767816,110204509,809897,614877048,767816,110202423,809883,1500014545318]
07-14 14:42:13.509 I/netstats_wifi_sample( 1267): [2901607047,3335525,487882940,2865810,2901632690,3333457,447656036,2826325,2901565418,3331784,447509693,2825293,1500014545318]
07-14 14:42:13.604 I/chatty  ( 1267): uid=1000(system) Binder_10 expire 13 lines
07-14 14:42:13.623 I/am_proc_start( 1267): [0,12914,10009,com.qihoo360.mobilesafe:WifiExam,service,com.qihoo360.mobilesafe/.wifiexam.plugin.WifiExamExternalService]
07-14 14:42:13.642 I/am_proc_bound( 1267): [0,12914,com.qihoo360.mobilesafe:WifiExam]
07-14 14:42:13.688 I/notification_enqueue( 1267): [10148,4223,com.tencent.mtt,83,NULL,0,Notification(pri=2 contentView=com.tencent.mtt/0x7f03003d vibrate=null sound=null defaults=0x0 flags=0x22 color=0x00000000 vis=PRIVATE),0]
07-14 14:42:25.122 I/netstats_mobile_sample( 1267): [627089551,1041100,116682700,809888,614878585,767822,110205747,809903,614878585,767822,110203661,809889,1500014556931]
07-14 14:42:25.124 I/netstats_wifi_sample( 1267): [2901607047,3335525,487882940,2865810,2901632690,3333457,447656036,2826325,2901565418,3331784,447509693,2825293,1500014556931]
07-14 14:42:25.161 I/netstats_mobile_sample( 1267): [627089551,1041100,116682700,809888,614878585,767822,110205747,809903,614878585,767822,110203661,809889,1500014556970]
07-14 14:42:25.162 I/netstats_wifi_sample( 1267): [2901607047,3335525,487882940,2865810,2901632690,3333457,447656036,2826325,2901565418,3331784,447509693,2825293,1500014556970]
07-14 14:42:25.227 I/notification_enqueue( 1267): [10148,4223,com.tencent.mtt,83,NULL,0,Notification(pri=2 contentView=com.tencent.mtt/0x7f03003d vibrate=null sound=null defaults=0x0 flags=0x22 color=0x00000000 vis=PRIVATE),0]
07-14 14:42:56.403 I/power_screen_state( 1267): [1,0,0,0]
07-14 14:42:56.403 I/screen_toggled( 1267): 1
07-14 14:42:56.408 I/power_screen_broadcast_send( 1267): 1
07-14 14:42:56.409 I/chatty  ( 1267): uid=1000(system) ActivityManager expire 1 line
07-14 14:42:56.416 I/device_idle( 1267): [0,screen]
07-14 14:42:56.441 I/am_pss  ( 1267): [22428,10017,com.qihoo.appstore,28297216,23048192]
07-14 14:42:56.441 I/device_idle_off_start( 1267): screen
07-14 14:42:56.441 I/device_idle_off_complete( 1267): []
07-14 14:42:56.491 I/sysui_action( 1267): [252,true]
07-14 14:42:56.498 I/screen_toggled( 2928): 2
07-14 14:42:56.501 I/chatty  ( 1267): uid=1000(system) android.ui expire 3 lines
07-14 14:42:56.802 I/am_resume_activity( 1267): [0,93571314,1,com.qiku.android.launcher3/.Launcher]
