07-14 12:32:59.363 I/chatty  ( 1267): uid=1000 system_server expire 6 lines
07-14 12:33:04.704 I/chatty  ( 1267): uid=1000(system) Binder_4 expire 12 lines
07-14 12:33:11.283 I/chatty  ( 1267): uid=1000(system) Binder_1 expire 10 lines
07-14 12:33:11.285 I/chatty  ( 1267): uid=1000(system) Binder_6 expire 10 lines
07-14 12:33:11.285 I/chatty  ( 1267): uid=1000(system) Binder_D expire 10 lines
07-14 12:33:11.286 I/chatty  ( 1267): uid=1000(system) Binder_A expire 12 lines
07-14 12:33:11.353 I/chatty  ( 1267): uid=1000(system) Binder_2 expire 12 lines
07-14 12:33:13.575 I/chatty  ( 1267): uid=1000(system) Binder_C expire 14 lines
07-14 12:33:22.859 I/chatty  ( 1267): uid=1000(system) Binder_E expire 8 lines
07-14 12:33:22.862 I/chatty  ( 1267): uid=1000(system) Binder_3 expire 10 lines
07-14 12:33:22.866 I/chatty  ( 1267): uid=1000(system) Binder_5 expire 22 lines
07-14 12:33:42.727 I/chatty  ( 1267): uid=1000(system) Binder_F expire 6 lines
07-14 12:33:44.627 I/chatty  ( 1267): uid=1000(system) Binder_8 expire 16 lines
07-14 12:34:22.647 I/chatty  ( 1267): uid=1000(system) Binder_5 expire 20 lines
07-14 12:34:22.647 I/chatty  ( 1267): uid=1000(system) Binder_A expire 20 lines
07-14 12:34:22.648 I/chatty  ( 1267): uid=1000(system) Binder_2 expire 14 lines
07-14 12:34:22.652 I/chatty  ( 1267): uid=1000(system) Binder_F expire 21 lines
07-14 12:34:22.660 I/chatty  ( 1267): uid=1000(system) Binder_E expire 8 lines
07-14 12:34:25.634 I/chatty  ( 1267): uid=1000 system_server expire 4 lines
07-14 12:34:30.135 I/chatty  ( 1267): uid=1000(system) AlarmManager expire 2 lines
07-14 12:34:30.840 I/chatty  ( 1267): uid=1000(system) Binder_D expire 13 lines
07-14 12:34:31.079 I/chatty  ( 1267): uid=1000(system) Binder_4 expire 13 lines
07-14 12:34:32.675 I/chatty  ( 1267): uid=1000(system) WifiStateMachin expire 58 lines
07-14 12:34:32.680 I/chatty  ( 1267): uid=1000(system) Binder_9 expire 8 lines
07-14 12:34:32.680 I/chatty  ( 1267): uid=1000(system) Binder_B expire 12 lines
07-14 12:34:32.687 I/chatty  ( 1267): uid=1000(system) Binder_6 expire 8 lines
07-14 12:34:38.429 I/chatty  ( 1267): uid=1000(system) Binder_1 expire 18 lines
07-14 12:34:42.534 I/chatty  ( 1267): uid=1000(system) Binder_10 expire 8 lines
07-14 12:34:42.543 I/chatty  ( 1267): uid=1000(system) Binder_7 expire 6 lines
07-14 12:34:42.545 I/chatty  ( 1267): uid=1000(system) Binder_3 expire 8 lines
07-14 12:34:52.647 I/chatty  ( 1267): uid=1000(system) Binder_C expire 16 lines
07-14 12:35:47.153 I/chatty  ( 1267): uid=1000(system) Binder_4 expire 14 lines
07-14 12:35:52.486 I/chatty  ( 1267): uid=1000(system) WifiStateMachin expire 10 lines
07-14 12:35:52.492 I/chatty  ( 1267): uid=1000(system) Binder_6 expire 12 lines
07-14 12:35:52.493 I/chatty  ( 1267): uid=1000(system) Binder_B expire 18 lines
07-14 12:35:52.494 I/chatty  ( 1267): uid=1000(system) Binder_D expire 7 lines
07-14 12:35:52.505 I/chatty  ( 1267): uid=1000(system) Binder_A expire 12 lines
07-14 12:35:52.509 I/chatty  ( 1267): uid=1000(system) Binder_9 expire 18 lines
07-14 12:35:52.527 I/chatty  ( 1267): uid=1000(system) Binder_8 expire 16 lines
07-14 12:35:54.477 I/chatty  ( 1267): uid=1000(system) Binder_3 expire 14 lines
07-14 12:36:00.097 I/chatty  ( 1267): uid=1000(system) Binder_7 expire 16 lines
07-14 12:36:00.658 I/chatty  ( 1267): uid=1000 system_server expire 5 lines
07-14 12:36:01.473 I/chatty  ( 1267): uid=1000(system) Binder_E expire 15 lines
07-14 12:36:02.177 I/chatty  ( 1267): uid=1000(system) Binder_2 expire 8 lines
07-14 12:36:02.179 I/chatty  ( 1267): uid=1000(system) Binder_1 expire 14 lines
07-14 12:36:02.195 I/chatty  ( 1267): uid=1000(system) Binder_F expire 10 lines
07-14 12:36:02.294 I/chatty  ( 1267): uid=1000(system) InputDispatcher expire 30 lines
07-14 12:36:02.303 I/chatty  (10778): uid=1000(system) com.qiku.healthguard expire 2 lines
07-14 12:36:02.526 I/chatty  ( 3676): uid=1000(system) com.qiku.logsystem expire 4 lines
07-14 12:36:02.597 I/chatty  ( 1267): uid=1000(system) android.bg expire 4 lines
07-14 12:36:12.651 I/chatty  ( 1267): uid=1000(system) Binder_10 expire 10 lines
07-14 12:36:12.678 I/chatty  ( 1267): uid=1000(system) Binder_5 expire 10 lines
07-14 12:36:52.717 I/chatty  ( 1267): uid=1000(system) Binder_9 expire 12 lines
07-14 12:36:52.734 I/chatty  ( 1267): uid=1000(system) Binder_8 expire 10 lines
--------- beginning of events
07-14 12:36:52.802 I/am_pss  ( 1267): [22428,10017,com.qihoo.appstore,25154560,20312064]
07-14 12:36:54.179 I/am_kill ( 1267): [0,12184,android.process.media,15,empty #17]
07-14 12:36:54.196 I/am_proc_died( 1267): [0,12184,android.process.media]
07-14 12:36:56.784 I/am_proc_died( 1267): [0,26839,com.qihoo360.mobilesafe:engine]
07-14 12:36:56.820 I/am_proc_died( 1267): [0,26806,com.qihoo360.mobilesafe:scan]
07-14 12:37:01.480 I/chatty  ( 1267): uid=1000(system) Binder_A expire 10 lines
07-14 12:37:02.088 I/chatty  ( 1267): uid=1000(system) WifiStateMachin expire 6 lines
07-14 12:37:02.094 I/chatty  ( 1267): uid=1000(system) Binder_B expire 15 lines
07-14 12:37:02.095 I/chatty  ( 1267): uid=1000(system) Binder_3 expire 10 lines
07-14 12:37:02.098 I/chatty  ( 1267): uid=1000(system) Binder_7 expire 8 lines
07-14 12:37:02.110 I/chatty  ( 1267): uid=1000(system) Binder_1 expire 14 lines
07-14 12:37:03.555 I/am_home_stack_moved( 1267): [0,0,9,9,sourceStackToFront]
07-14 12:37:03.555 I/wm_task_moved( 1267): [342,1,4]
07-14 12:37:03.557 I/am_create_activity( 1267): [0,250658198,342,com.eg.android.AlipayGphone/com.alipay.android.phone.o2o.popeye.activity.PopEyeActivity,NULL,NULL,NULL,262144]
07-14 12:37:03.557 I/am_pause_activity( 1267): [0,217952879,com.eg.android.AlipayGphone/.AlipayLogin]
07-14 12:37:03.559 I/am_home_stack_moved( 1267): [0,0,9,9,startedActivity setFocusedActivity]
07-14 12:37:03.559 I/wm_task_moved( 1267): [342,1,4]
07-14 12:37:03.575 I/am_focused_activity( 1267): [0,com.eg.android.AlipayGphone/com.alipay.android.phone.o2o.popeye.activity.PopEyeActivity]
07-14 12:37:03.584 I/am_on_paused_called(32511): [0,com.eg.android.AlipayGphone.AlipayLogin]
07-14 12:37:03.586 I/am_restart_activity( 1267): [0,250658198,342,com.eg.android.AlipayGphone/com.alipay.android.phone.o2o.popeye.activity.PopEyeActivity]
07-14 12:37:03.596 I/chatty  ( 3676): uid=1000(system) com.qiku.logsystem expire 11 lines
07-14 12:37:03.682 I/am_on_resume_called(32511): [0,com.alipay.android.phone.o2o.popeye.activity.PopEyeActivity]
07-14 12:37:03.739 I/chatty  ( 1267): uid=1000(system) Binder_4 expire 12 lines
07-14 12:37:03.815 I/chatty  ( 1267): uid=1000(system) Binder_F expire 8 lines
07-14 12:37:03.816 I/am_activity_launch_time( 1267): [0,250658198,com.eg.android.AlipayGphone/com.alipay.android.phone.o2o.popeye.activity.PopEyeActivity,231,231]
07-14 12:37:04.000 I/chatty  ( 1267): uid=1000(system) Binder_C expire 12 lines
07-14 12:37:04.137 I/sf_frame_dur(  438): [com.eg.android.AlipayGphone/com.eg.android.AlipayGphone.AlipayLogin,686,1,0,5,3,2,9]
07-14 12:37:04.202 I/chatty  ( 1267): uid=1000(system) Binder_6 expire 10 lines
07-14 12:37:04.252 I/chatty  ( 1267): uid=1000(system) Binder_2 expire 4 lines
07-14 12:37:04.817 I/chatty  ( 1267): uid=1000(system) Binder_10 expire 10 lines
07-14 12:37:12.772 I/chatty  ( 1267): uid=1000(system) Binder_E expire 10 lines
07-14 12:37:15.692 I/notification_enqueue( 1267): [10009,32707,com.qihoo360.mobilesafe,1,NULL,0,Notification(pri=2 contentView=com.qihoo360.mobilesafe/0x7f030062 vibrate=null sound=null tick defaults=0x0 flags=0x62 color=0x00000000 vis=PRIVATE),0]
07-14 12:37:15.693 I/chatty  ( 1267): uid=1000 system_server expire 2 lines
07-14 12:37:15.803 I/free_storage_changed( 1267): 11487375360
07-14 12:37:24.527 I/am_finish_activity( 1267): [0,250658198,342,com.eg.android.AlipayGphone/com.alipay.android.phone.o2o.popeye.activity.PopEyeActivity,app-request]
07-14 12:37:24.528 I/am_home_stack_moved( 1267): [0,0,9,9,finishActivity adjustFocus setFocusedActivity]
07-14 12:37:24.528 I/wm_task_moved( 1267): [342,1,4]
07-14 12:37:24.532 I/am_focused_activity( 1267): [0,com.eg.android.AlipayGphone/.AlipayLogin]
07-14 12:37:24.532 I/am_pause_activity( 1267): [0,250658198,com.eg.android.AlipayGphone/com.alipay.android.phone.o2o.popeye.activity.PopEyeActivity]
07-14 12:37:24.576 I/am_on_paused_called(32511): [0,com.alipay.android.phone.o2o.popeye.activity.PopEyeActivity]
07-14 12:37:24.578 I/am_resume_activity( 1267): [0,217952879,342,com.eg.android.AlipayGphone/.AlipayLogin]
07-14 12:37:24.597 I/am_on_resume_called(32511): [0,com.eg.android.AlipayGphone.AlipayLogin]
07-14 12:37:24.708 I/wm_task_moved( 1267): [342,0,0]
07-14 12:37:24.710 I/am_home_stack_moved( 1267): [0,1,0,0,moveTaskToBack setFocusedActivity]
07-14 12:37:24.710 I/wm_task_moved( 1267): [1,1,0]
07-14 12:37:24.712 I/am_focused_activity( 1267): [0,com.qiku.android.launcher3/.Launcher]
07-14 12:37:24.724 I/am_pause_activity( 1267): [0,217952879,com.eg.android.AlipayGphone/.AlipayLogin]
07-14 12:37:24.736 I/am_on_paused_called(32511): [0,com.eg.android.AlipayGphone.AlipayLogin]
07-14 12:37:24.740 I/am_resume_activity( 1267): [0,93571314,1,com.qiku.android.launcher3/.Launcher]
07-14 12:37:24.779 I/am_pss  ( 1267): [3752,1000,com.qualcomm.qti.tetherservice,5140480,3858432]
07-14 12:37:24.780 I/am_on_resume_called( 3764): [0,com.qiku.android.launcher3.Launcher]
07-14 12:37:24.793 I/chatty  ( 1267): uid=1000(system) Binder_D expire 6 lines
07-14 12:37:24.801 W/ViewRootImpl( 3764): Cancelling event due to no window focus: KeyEvent { action=ACTION_UP, keyCode=KEYCODE_BACK, scanCode=0, metaState=0, flags=0x68, repeatCount=0, eventTime=146727520, downTime=146727520, deviceId=-1, source=0x101 }
07-14 12:37:24.801 W/ViewRootImpl( 3764): Cancelling event due to no window focus: KeyEvent { action=ACTION_UP, keyCode=KEYCODE_BACK, scanCode=0, metaState=0, flags=0x68, repeatCount=0, eventTime=146727520, downTime=146727520, deviceId=-1, source=0x101 }
07-14 12:37:24.801 W/ViewRootImpl( 3764): Cancelling event due to no window focus: KeyEvent { action=ACTION_UP, keyCode=KEYCODE_BACK, scanCode=0, metaState=0, flags=0x68, repeatCount=0, eventTime=146727520, downTime=146727520, deviceId=-1, source=0x101 }
07-14 12:37:24.801 W/ViewRootImpl( 3764): Cancelling event due to no window focus: KeyEvent { action=ACTION_UP, keyCode=KEYCODE_BACK, scanCode=0, metaState=0, flags=0x68, repeatCount=0, eventTime=146727520, downTime=146727520, deviceId=-1, source=0x101 }
07-14 12:37:24.801 W/ViewRootImpl( 3764): Cancelling event due to no window focus: KeyEvent { action=ACTION_UP, keyCode=KEYCODE_BACK, scanCode=0, metaState=0, flags=0x68, repeatCount=0, eventTime=146727520, downTime=146727520, deviceId=-1, source=0x101 }
07-14 12:37:24.801 W/ViewRootImpl( 3764): Cancelling event due to no window focus: KeyEvent { action=ACTION_UP, keyCode=KEYCODE_BACK, scanCode=0, metaState=0, flags=0x68, repeatCount=0, eventTime=146727520, downTime=146727520, deviceId=-1, source=0x101 }
07-14 12:37:24.804 I/chatty  ( 1267): uid=1000(system) Binder_9 expire 8 lines
07-14 12:37:24.806 I/chatty  ( 1267): uid=1000(system) Binder_6 expire 2 lines
07-14 12:37:24.808 I/am_pss  ( 1267): [3739,10062,com.qiku.configcenter,14968832,13225984]
07-14 12:37:24.823 I/chatty  ( 1267): uid=1000(system) Binder_A expire 11 lines
07-14 12:37:24.829 I/chatty  ( 1267): uid=1000(system) Binder_B expire 4 lines
07-14 12:37:24.831 I/am_pss  ( 1267): [3727,10014,com.cloudsx.android.coreservice,15616000,14012416]
07-14 12:37:24.837 I/chatty  ( 1267): uid=1000(system) Binder_10 expire 37 lines
07-14 12:37:24.844 I/am_pss  ( 1267): [3716,1000,com.qualcomm.qti.GBAHttpAuthentication.auth,7230464,6008832]
07-14 12:37:24.846 I/chatty  ( 1267): uid=1000(system) Binder_1 expire 2 lines
07-14 12:37:24.859 I/am_pss  ( 1267): [3703,1000,com.qiku.multitask,11351040,9744384]
07-14 12:37:24.883 I/am_pss  ( 1267): [3689,1000,com.quicinc.cne.CNEService,14772224,13402112]
07-14 12:37:24.896 I/am_pss  ( 1267): [3676,1000,com.qiku.logsystem,28432384,26017792]
07-14 12:37:24.907 I/am_pss  ( 1267): [3664,1000,com.fpsensor.fpSensorExtension,3895296,2674688]
07-14 12:37:24.918 I/am_pss  ( 1267): [3526,10056,com.amap.android.location,19461120,17780736]
07-14 12:37:24.945 I/am_pss  ( 1267): [2928,10022,com.android.systemui,110990336,98934784]
07-14 12:37:24.963 I/am_pss  ( 1267): [2916,1001,com.android.phone,33623040,31031296]
07-14 12:37:25.034 I/am_pss  ( 1267): [1267,1000,system,169399296,160595968]
07-14 12:37:25.093 I/am_destroy_activity( 1267): [0,250658198,342,com.eg.android.AlipayGphone/com.alipay.android.phone.o2o.popeye.activity.PopEyeActivity,finish-imm]
07-14 12:37:26.633 I/chatty  ( 1267): uid=1000(system) Binder_4 expire 4 lines
07-14 12:37:26.643 I/am_home_stack_moved( 1267): [0,0,9,9,startingNewTask]
07-14 12:37:26.643 I/wm_task_moved( 1267): [320,1,4]
07-14 12:37:26.645 I/am_create_task( 1267): [0,346]
07-14 12:37:26.645 I/am_create_activity( 1267): [0,5427681,346,com.android.mms/com.qiku.android.mms.ui.MmsConversationListActivity,android.intent.action.MAIN,NULL,NULL,270532608]
07-14 12:37:26.645 I/wm_task_created( 1267): [346,9]
07-14 12:37:26.645 I/wm_task_moved( 1267): [346,1,5]
07-14 12:37:26.645 I/am_pause_activity( 1267): [0,93571314,com.qiku.android.launcher3/.Launcher]
07-14 12:37:26.647 I/am_home_stack_moved( 1267): [0,0,9,9,startedActivity setFocusedActivity]
07-14 12:37:26.647 I/wm_task_moved( 1267): [346,1,5]
07-14 12:37:26.649 I/am_focused_activity( 1267): [0,com.android.mms/com.qiku.android.mms.ui.MmsConversationListActivity]
07-14 12:37:26.649 I/am_on_paused_called( 3764): [0,com.qiku.android.launcher3.Launcher]
07-14 12:37:26.652 I/am_restart_activity( 1267): [0,5427681,346,com.android.mms/com.qiku.android.mms.ui.MmsConversationListActivity]
07-14 12:37:26.738 I/am_on_resume_called(11423): [0,com.qiku.android.mms.ui.MmsConversationListActivity]
07-14 12:37:26.909 I/sf_frame_dur(  438): [com.qiku.android.launcher3/com.qiku.android.launcher3.Launcher,0,1,0,0,0,0,1]
07-14 12:37:26.929 I/am_activity_launch_time( 1267): [0,5427681,com.android.mms/com.qiku.android.mms.ui.MmsConversationListActivity,279,279]
07-14 12:37:27.497 I/am_home_stack_moved( 1267): [0,0,9,9,intentActivityFound]
07-14 12:37:27.497 I/wm_task_moved( 1267): [346,1,5]
07-14 12:37:27.498 I/am_home_stack_moved( 1267): [0,0,9,9,sourceStackToFront]
07-14 12:37:27.498 I/wm_task_moved( 1267): [346,1,5]
07-14 12:37:27.498 I/am_create_activity( 1267): [0,94737510,346,com.android.mms/com.qiku.android.mms.ui.MmsConversationNotificationListActivity,NULL,NULL,NULL,268435456]
07-14 12:37:27.498 I/am_pause_activity( 1267): [0,5427681,com.android.mms/com.qiku.android.mms.ui.MmsConversationListActivity]
07-14 12:37:27.499 I/am_home_stack_moved( 1267): [0,0,9,9,startedActivity setFocusedActivity]
07-14 12:37:27.499 I/wm_task_moved( 1267): [346,1,5]
07-14 12:37:27.500 I/am_focused_activity( 1267): [0,com.android.mms/com.qiku.android.mms.ui.MmsConversationNotificationListActivity]
07-14 12:37:27.502 I/am_on_paused_called(11423): [0,com.qiku.android.mms.ui.MmsConversationListActivity]
07-14 12:37:27.503 I/am_restart_activity( 1267): [0,94737510,346,com.android.mms/com.qiku.android.mms.ui.MmsConversationNotificationListActivity]
07-14 12:37:27.530 I/am_on_resume_called(11423): [0,com.qiku.android.mms.ui.MmsConversationNotificationListActivity]
07-14 12:37:27.664 I/am_activity_launch_time( 1267): [0,94737510,com.android.mms/com.qiku.android.mms.ui.MmsConversationNotificationListActivity,162,162]
07-14 12:37:27.978 I/sf_frame_dur(  438): [com.android.mms/com.qiku.android.mms.ui.MmsConversationListActivity,19,0,0,1,1,0,0]
07-14 12:37:28.268 I/am_home_stack_moved( 1267): [0,0,9,9,startingNewTask]
07-14 12:37:28.268 I/wm_task_moved( 1267): [346,1,5]
07-14 12:37:28.269 I/am_create_task( 1267): [0,347]
07-14 12:37:28.269 I/am_create_activity( 1267): [0,175039704,347,com.android.mms/com.qiku.android.mms.ui.MmsChatActivity,NULL,NULL,NULL,268435456]
07-14 12:37:28.269 I/wm_task_created( 1267): [347,9]
07-14 12:37:28.269 I/wm_task_moved( 1267): [347,1,6]
07-14 12:37:28.275 I/am_pause_activity( 1267): [0,94737510,com.android.mms/com.qiku.android.mms.ui.MmsConversationNotificationListActivity]
07-14 12:37:28.276 I/am_home_stack_moved( 1267): [0,0,9,9,startedActivity setFocusedActivity]
07-14 12:37:28.276 I/wm_task_moved( 1267): [347,1,6]
07-14 12:37:28.278 I/am_focused_activity( 1267): [0,com.android.mms/com.qiku.android.mms.ui.MmsChatActivity]
07-14 12:37:28.280 I/am_on_paused_called(11423): [0,com.qiku.android.mms.ui.MmsConversationNotificationListActivity]
07-14 12:37:28.282 I/am_restart_activity( 1267): [0,175039704,347,com.android.mms/com.qiku.android.mms.ui.MmsChatActivity]
07-14 12:37:28.477 I/am_on_resume_called(11423): [0,com.qiku.android.mms.ui.MmsChatActivity]
07-14 12:37:28.510 I/chatty  ( 1267): uid=1000(system) android.bg expire 4 lines
07-14 12:37:28.640 I/am_activity_launch_time( 1267): [0,175039704,com.android.mms/com.qiku.android.mms.ui.MmsChatActivity,359,359]
07-14 12:37:28.964 I/sf_frame_dur(  438): [com.android.mms/com.qiku.android.mms.ui.MmsConversationNotificationListActivity,26,2,0,1,1,0,0]
07-14 12:37:29.551 I/am_finish_activity( 1267): [0,175039704,347,com.android.mms/com.qiku.android.mms.ui.MmsChatActivity,app-request]
07-14 12:37:29.551 I/am_home_stack_moved( 1267): [0,0,9,9,finishActivity adjustFocus setFocusedActivity]
07-14 12:37:29.551 I/wm_task_moved( 1267): [347,1,6]
07-14 12:37:29.552 I/am_focused_activity( 1267): [0,com.android.mms/com.qiku.android.mms.ui.MmsConversationNotificationListActivity]
07-14 12:37:29.561 I/am_pause_activity( 1267): [0,175039704,com.android.mms/com.qiku.android.mms.ui.MmsChatActivity]
07-14 12:37:29.565 I/am_on_paused_called(11423): [0,com.qiku.android.mms.ui.MmsChatActivity]
07-14 12:37:29.566 I/am_resume_activity( 1267): [0,94737510,346,com.android.mms/com.qiku.android.mms.ui.MmsConversationNotificationListActivity]
07-14 12:37:29.577 I/am_on_resume_called(11423): [0,com.qiku.android.mms.ui.MmsConversationNotificationListActivity]
07-14 12:37:29.830 I/am_finish_activity( 1267): [0,94737510,346,com.android.mms/com.qiku.android.mms.ui.MmsConversationNotificationListActivity,app-request]
07-14 12:37:29.830 I/am_home_stack_moved( 1267): [0,0,9,9,finishActivity adjustFocus setFocusedActivity]
07-14 12:37:29.830 I/wm_task_moved( 1267): [347,1,6]
07-14 12:37:29.831 I/am_focused_activity( 1267): [0,com.android.mms/com.qiku.android.mms.ui.MmsConversationListActivity]
07-14 12:37:29.831 I/am_pause_activity( 1267): [0,94737510,com.android.mms/com.qiku.android.mms.ui.MmsConversationNotificationListActivity]
07-14 12:37:29.832 I/am_on_paused_called(11423): [0,com.qiku.android.mms.ui.MmsConversationNotificationListActivity]
07-14 12:37:29.834 I/am_resume_activity( 1267): [0,5427681,346,com.android.mms/com.qiku.android.mms.ui.MmsConversationListActivity]
07-14 12:37:29.836 I/am_on_resume_called(11423): [0,com.qiku.android.mms.ui.MmsConversationListActivity]
07-14 12:37:29.885 I/am_destroy_activity( 1267): [0,94737510,346,com.android.mms/com.qiku.android.mms.ui.MmsConversationNotificationListActivity,finish-idle]
07-14 12:37:29.933 I/sf_frame_dur(  438): [com.android.mms/com.qiku.android.mms.ui.MmsChatActivity,0,1,0,0,0,0,0]
07-14 12:37:30.002 I/am_finish_activity( 1267): [0,5427681,346,com.android.mms/com.qiku.android.mms.ui.MmsConversationListActivity,app-request]
07-14 12:37:30.002 I/am_home_stack_moved( 1267): [0,1,0,0,finishActivity adjustFocus setFocusedActivity]
07-14 12:37:30.002 I/wm_task_moved( 1267): [1,1,0]
07-14 12:37:30.003 I/am_focused_activity( 1267): [0,com.qiku.android.launcher3/.Launcher]
07-14 12:37:30.004 I/am_focused_activity( 1267): [0,com.qiku.android.launcher3/.Launcher]
07-14 12:37:30.014 I/am_pause_activity( 1267): [0,5427681,com.android.mms/com.qiku.android.mms.ui.MmsConversationListActivity]
07-14 12:37:30.016 I/am_on_paused_called(11423): [0,com.qiku.android.mms.ui.MmsConversationListActivity]
07-14 12:37:30.019 I/am_resume_activity( 1267): [0,93571314,1,com.qiku.android.launcher3/.Launcher]
07-14 12:37:30.037 I/am_on_resume_called( 3764): [0,com.qiku.android.launcher3.Launcher]
07-14 12:37:30.085 I/am_destroy_activity( 1267): [0,5427681,346,com.android.mms/com.qiku.android.mms.ui.MmsConversationListActivity,finish-idle]
07-14 12:37:30.305 I/wm_task_removed( 1267): [346,removeAppToken: last token]
07-14 12:37:30.305 I/wm_task_removed( 1267): [346,removeTask]
07-14 12:37:30.320 I/am_destroy_activity( 1267): [0,175039704,347,com.android.mms/com.qiku.android.mms.ui.MmsChatActivity,finish-imm]
07-14 12:37:30.338 I/wm_task_removed( 1267): [347,removeAppToken: last token]
07-14 12:37:30.338 I/wm_task_removed( 1267): [347,removeTask]
07-14 12:37:30.699 I/notification_enqueue( 1267): [10009,32707,com.qihoo360.mobilesafe,1,NULL,0,Notification(pri=2 contentView=com.qihoo360.mobilesafe/0x7f030062 vibrate=null sound=null tick defaults=0x0 flags=0x62 color=0x00000000 vis=PRIVATE),0]
07-14 12:37:32.097 I/am_home_stack_moved( 1267): [0,0,9,9,bringingFoundTaskToFront setFocusedActivity]
07-14 12:37:32.098 I/wm_task_moved( 1267): [320,1,4]
07-14 12:37:32.102 I/am_focused_activity( 1267): [0,com.tencent.mm/.ui.LauncherUI]
07-14 12:37:32.102 I/am_pause_activity( 1267): [0,93571314,com.qiku.android.launcher3/.Launcher]
07-14 12:37:32.103 I/am_task_to_front( 1267): [0,320]
07-14 12:37:32.103 I/am_new_intent( 1267): [0,138098161,320,com.tencent.mm/.ui.LauncherUI,android.intent.action.MAIN,NULL,NULL,274726912]
07-14 12:37:32.106 I/am_on_paused_called( 3764): [0,com.qiku.android.launcher3.Launcher]
07-14 12:37:32.113 I/am_resume_activity( 1267): [0,8980953,320,com.tencent.mm/.ui.LauncherUI]
07-14 12:37:32.164 I/chatty  ( 1267): uid=1000(system) Binder_E expire 2 lines
07-14 12:37:32.203 I/am_on_resume_called(28445): [0,com.tencent.mm.ui.LauncherUI]
07-14 12:37:32.474 I/sf_frame_dur(  438): [com.qiku.android.launcher3/com.qiku.android.launcher3.Launcher,0,0,0,0,0,0,1]
07-14 12:37:35.119 I/chatty  ( 1267): uid=1000(system) android.ui expire 6 lines
07-14 12:37:35.129 I/chatty  (10778): uid=1000(system) com.qiku.healthguard expire 17 lines
07-14 12:37:35.156 I/am_home_stack_moved( 1267): [0,0,9,9,startingNewTask]
07-14 12:37:35.156 I/wm_task_moved( 1267): [320,1,4]
07-14 12:37:35.158 I/am_create_task( 1267): [0,348]
07-14 12:37:35.158 I/am_create_activity( 1267): [0,236134534,348,com.android.systemui/.recent.RecentsActivity,com.android.systemui.recent.action.TOGGLE_RECENTS,NULL,NULL,276824064]
07-14 12:37:35.158 I/wm_task_created( 1267): [348,9]
07-14 12:37:35.158 I/wm_task_moved( 1267): [348,1,5]
07-14 12:37:35.175 I/am_pause_activity( 1267): [0,8980953,com.tencent.mm/.ui.LauncherUI]
07-14 12:37:35.180 I/am_restart_activity( 1267): [0,236134534,348,com.android.systemui/.recent.RecentsActivity]
07-14 12:37:35.182 I/am_home_stack_moved( 1267): [0,0,9,9,startedActivity setFocusedActivity]
07-14 12:37:35.183 I/wm_task_moved( 1267): [348,1,5]
07-14 12:37:35.187 I/am_focused_activity( 1267): [0,com.android.systemui/.recent.RecentsActivity]
07-14 12:37:35.237 I/am_on_paused_called(28445): [0,com.tencent.mm.ui.LauncherUI]
07-14 12:37:35.247 I/chatty  ( 1267): uid=1000(system) Binder_10 expire 72 lines
07-14 12:37:35.295 I/chatty  ( 1267): uid=1000(system) Binder_B expire 68 lines
07-14 12:37:35.309 I/am_on_resume_called( 2928): [0,com.android.systemui.recent.RecentsActivity]
07-14 12:37:35.340 I/chatty  ( 1267): uid=1000(system) Binder_8 expire 4 lines
07-14 12:37:35.348 I/netstats_mobile_sample( 1267): [624021433,1030810,115450013,800114,611859475,758588,109051252,800129,611859475,758588,109049166,800115,1500007067157]
07-14 12:37:35.349 I/netstats_wifi_sample( 1267): [2901607047,3335525,487882940,2865810,2901632690,3333457,447656036,2826325,2901565418,3331784,447509693,2825293,1500007067157]
07-14 12:37:35.351 I/chatty  ( 1267): uid=1000(system) Binder_C expire 2 lines
07-14 12:37:35.361 I/chatty  ( 1267): uid=1000(system) Binder_1 expire 5 lines
07-14 12:37:35.370 I/chatty  ( 1267): uid=1000(system) Binder_E expire 2 lines
07-14 12:37:35.371 I/chatty  ( 1267): uid=1000(system) Binder_4 expire 6 lines
07-14 12:37:35.374 I/chatty  ( 1267): uid=1000(system) Binder_D expire 62 lines
07-14 12:37:35.440 I/am_activity_launch_time( 1267): [0,236134534,com.android.systemui/.recent.RecentsActivity,262,262]
07-14 12:37:35.497 I/chatty  ( 1267): uid=1000(system) Binder_6 expire 2 lines
07-14 12:37:35.535 I/chatty  ( 1267): uid=1000(system) Binder_F expire 2 lines
07-14 12:37:35.541 I/chatty  ( 1267): uid=1000(system) Binder_2 expire 3 lines
07-14 12:37:35.582 I/chatty  ( 1267): uid=1000(system) Binder_A expire 2 lines
07-14 12:37:35.665 I/sf_frame_dur(  438): [com.tencent.mm/com.tencent.mm.ui.LauncherUI,108,8,2,1,1,0,0]
07-14 12:37:35.926 I/am_home_stack_moved( 1267): [0,0,9,9,startingNewTask]
07-14 12:37:35.926 I/wm_task_moved( 1267): [348,1,5]
07-14 12:37:35.927 I/am_create_task( 1267): [0,349]
07-14 12:37:35.927 I/am_create_activity( 1267): [0,35092745,349,com.android.mms/com.qiku.android.mms.ui.MmsConversationListActivity,android.intent.action.MAIN,NULL,NULL,271597568]
07-14 12:37:35.928 I/wm_task_created( 1267): [349,9]
07-14 12:37:35.928 I/wm_task_moved( 1267): [349,1,6]
07-14 12:37:35.934 I/am_pause_activity( 1267): [0,236134534,com.android.systemui/.recent.RecentsActivity]
07-14 12:37:35.935 I/am_home_stack_moved( 1267): [0,0,9,9,startedActivity setFocusedActivity]
07-14 12:37:35.935 I/wm_task_moved( 1267): [349,1,6]
07-14 12:37:35.937 I/am_focused_activity( 1267): [0,com.android.mms/com.qiku.android.mms.ui.MmsConversationListActivity]
07-14 12:37:35.937 I/am_finish_activity( 1267): [0,236134534,348,com.android.systemui/.recent.RecentsActivity,app-request]
07-14 12:37:35.938 I/am_on_paused_called( 2928): [0,com.android.systemui.recent.RecentsActivity]
07-14 12:37:35.953 I/am_restart_activity( 1267): [0,35092745,349,com.android.mms/com.qiku.android.mms.ui.MmsConversationListActivity]
07-14 12:37:35.956 I/chatty  ( 3676): uid=1000(system) com.qiku.logsystem expire 2 lines
07-14 12:37:35.985 I/am_on_resume_called(11423): [0,com.qiku.android.mms.ui.MmsConversationListActivity]
07-14 12:37:36.111 I/am_activity_launch_time( 1267): [0,35092745,com.android.mms/com.qiku.android.mms.ui.MmsConversationListActivity,160,160]
07-14 12:37:36.350 I/am_destroy_activity( 1267): [0,236134534,348,com.android.systemui/.recent.RecentsActivity,finish-imm]
07-14 12:37:36.357 I/wm_task_removed( 1267): [348,removeAppToken: last token]
07-14 12:37:36.357 I/wm_task_removed( 1267): [348,removeTask]
07-14 12:37:36.366 I/sf_frame_dur(  438): [com.android.systemui/com.android.systemui.recent.RecentsActivity,0,2,1,0,1,0,0]
07-14 12:37:37.001 I/chatty  ( 1267): uid=1000(system) android.ui expire 6 lines
07-14 12:37:37.005 I/chatty  ( 1267): uid=1000(system) Binder_7 expire 1 line
07-14 12:37:37.005 I/am_home_stack_moved( 1267): [0,0,9,9,startingNewTask]
07-14 12:37:37.005 I/wm_task_moved( 1267): [349,1,5]
07-14 12:37:37.006 I/am_create_task( 1267): [0,350]
07-14 12:37:37.006 I/am_create_activity( 1267): [0,55829803,350,com.android.systemui/.recent.RecentsActivity,com.android.systemui.recent.action.TOGGLE_RECENTS,NULL,NULL,276824064]
07-14 12:37:37.006 I/wm_task_created( 1267): [350,9]
07-14 12:37:37.006 I/wm_task_moved( 1267): [350,1,6]
07-14 12:37:37.013 I/am_pause_activity( 1267): [0,35092745,com.android.mms/com.qiku.android.mms.ui.MmsConversationListActivity]
07-14 12:37:37.013 I/am_on_paused_called(11423): [0,com.qiku.android.mms.ui.MmsConversationListActivity]
07-14 12:37:37.015 I/am_restart_activity( 1267): [0,55829803,350,com.android.systemui/.recent.RecentsActivity]
07-14 12:37:37.016 I/am_home_stack_moved( 1267): [0,0,9,9,startedActivity setFocusedActivity]
07-14 12:37:37.016 I/wm_task_moved( 1267): [350,1,6]
07-14 12:37:37.017 I/am_focused_activity( 1267): [0,com.android.systemui/.recent.RecentsActivity]
07-14 12:37:37.041 I/chatty  ( 1267): uid=1000(system) Binder_10 expire 22 lines
07-14 12:37:37.059 I/chatty  ( 1267): uid=1000(system) Binder_F expire 60 lines
07-14 12:37:37.064 I/chatty  (10778): uid=1000(system) com.qiku.healthguard expire 15 lines
07-14 12:37:37.067 I/am_on_resume_called( 2928): [0,com.android.systemui.recent.RecentsActivity]
07-14 12:37:37.074 I/chatty  ( 1267): uid=1000(system) Binder_4 expire 8 lines
07-14 12:37:37.076 I/chatty  ( 1267): uid=1000(system) Binder_D expire 8 lines
07-14 12:37:37.080 I/chatty  ( 1267): uid=1000(system) Binder_6 expire 2 lines
07-14 12:37:37.081 I/chatty  ( 1267): uid=1000(system) Binder_3 expire 63 lines
07-14 12:37:37.081 I/netstats_mobile_sample( 1267): [624022106,1030817,115451173,800122,611860148,758595,109052348,800137,611860148,758595,109050262,800123,1500007068891]
07-14 12:37:37.082 I/netstats_wifi_sample( 1267): [2901607047,3335525,487882940,2865810,2901632690,3333457,447656036,2826325,2901565418,3331784,447509693,2825293,1500007068891]
07-14 12:37:37.085 I/chatty  ( 1267): uid=1000(system) Binder_E expire 2 lines
07-14 12:37:37.090 I/chatty  ( 1267): uid=1000(system) Binder_1 expire 64 lines
07-14 12:37:37.160 I/am_activity_launch_time( 1267): [0,55829803,com.android.systemui/.recent.RecentsActivity,146,146]
07-14 12:37:37.249 I/chatty  ( 1267): uid=1000(system) Binder_B expire 1 line
07-14 12:37:37.277 I/chatty  ( 1267): uid=1000(system) Binder_2 expire 2 lines
07-14 12:37:37.302 I/chatty  ( 1267): uid=1000(system) Binder_C expire 3 lines
07-14 12:37:37.402 I/sf_frame_dur(  438): [com.android.mms/com.qiku.android.mms.ui.MmsConversationListActivity,2,0,0,0,1,0,0]
07-14 12:37:37.417 I/chatty  ( 1267): uid=1000(system) Binder_A expire 2 lines
07-14 12:37:38.476 I/am_home_stack_moved( 1267): [0,0,9,9,moveTaskToFront setFocusedActivity]
07-14 12:37:38.476 I/wm_task_moved( 1267): [344,1,6]
07-14 12:37:38.480 I/am_focused_activity( 1267): [0,com.tencent.KiHan/.ApolloTest]
07-14 12:37:38.496 I/am_pause_activity( 1267): [0,55829803,com.android.systemui/.recent.RecentsActivity]
07-14 12:37:38.497 I/am_task_to_front( 1267): [0,344]
07-14 12:37:38.498 I/am_finish_activity( 1267): [0,55829803,350,com.android.systemui/.recent.RecentsActivity,app-request]
07-14 12:37:38.499 I/am_on_paused_called( 2928): [0,com.android.systemui.recent.RecentsActivity]
07-14 12:37:38.524 I/configuration_changed( 1267): 1152
07-14 12:37:38.557 I/am_resume_activity( 1267): [0,175743015,344,com.tencent.KiHan/.ApolloTest]
07-14 12:37:38.567 I/chatty  ( 3676): uid=1000(system) com.qiku.logsystem expire 1 line
07-14 12:37:38.567 I/am_on_resume_called(15672): [0,com.tencent.KiHan.ApolloTest]
07-14 12:37:38.642 I/notification_enqueue( 1267): [10148,22576,com.tencent.mtt,83,NULL,0,Notification(pri=2 contentView=com.tencent.mtt/0x7f03003d vibrate=null sound=null defaults=0x0 flags=0x22 color=0x00000000 vis=PRIVATE),0]
07-14 12:37:38.642 I/chatty  ( 1267): uid=1000 system_server expire 10 lines
07-14 12:37:38.648 I/am_destroy_activity( 1267): [0,55829803,350,com.android.systemui/.recent.RecentsActivity,finish-imm]
07-14 12:37:38.814 I/wm_task_removed( 1267): [350,removeAppToken: last token]
07-14 12:37:38.814 I/wm_task_removed( 1267): [350,removeTask]
07-14 12:37:38.822 I/sf_frame_dur(  438): [com.android.systemui/com.android.systemui.recent.RecentsActivity,47,0,0,2,0,0,0]
07-14 12:37:40.682 I/notification_enqueue( 1267): [10009,32707,com.qihoo360.mobilesafe,1,NULL,0,Notification(pri=2 contentView=com.qihoo360.mobilesafe/0x7f030062 vibrate=null sound=null tick defaults=0x0 flags=0x62 color=0x00000000 vis=PRIVATE),0]
07-14 12:37:41.479 I/chatty  ( 1267): uid=1000(system) Binder_B expire 16 lines
07-14 12:37:42.666 I/chatty  ( 1267): uid=1000(system) WifiStateMachin expire 59 lines
07-14 12:37:42.672 I/chatty  ( 1267): uid=1000(system) Binder_8 expire 18 lines
07-14 12:37:42.673 I/chatty  ( 1267): uid=1000(system) Binder_5 expire 10 lines
07-14 12:37:42.675 I/chatty  ( 1267): uid=1000(system) Binder_9 expire 12 lines
07-14 12:37:42.676 I/chatty  ( 1267): uid=1000(system) Binder_7 expire 18 lines
07-14 12:37:42.677 I/chatty  ( 1267): uid=1000(system) Binder_A expire 10 lines
07-14 12:37:42.685 I/chatty  ( 1267): uid=1000(system) Binder_6 expire 12 lines
07-14 12:37:42.693 I/chatty  ( 1267): uid=1000(system) Binder_F expire 6 lines
07-14 12:37:42.705 I/chatty  ( 1267): uid=1000(system) Binder_D expire 20 lines
07-14 12:37:47.081 I/chatty  ( 1267): uid=1000(system) Binder_10 expire 16 lines
07-14 12:37:47.082 I/chatty  ( 1267): uid=1000(system) Binder_1 expire 10 lines
07-14 12:37:47.084 I/chatty  ( 1267): uid=1000(system) Binder_3 expire 4 lines
07-14 12:37:47.152 I/chatty  ( 1267): uid=1000(system) Binder_2 expire 10 lines
07-14 12:37:47.206 I/am_pss  ( 1267): [32511,10088,com.eg.android.AlipayGphone,350046208,334417920]
07-14 12:37:47.223 I/am_pss  ( 1267): [25904,10088,com.eg.android.AlipayGphone:push,38900736,31350784]
07-14 12:37:47.282 I/netstats_mobile_sample( 1267): [624042113,1030864,115456481,800164,611879739,758634,109057320,800179,611879739,758634,109055234,800165,1500007079091]
07-14 12:37:47.282 I/netstats_wifi_sample( 1267): [2901607047,3335525,487882940,2865810,2901632690,3333457,447656036,2826325,2901565418,3331784,447509693,2825293,1500007079091]
07-14 12:37:47.303 I/chatty  ( 1267): uid=1000(system) Binder_C expire 8 lines
07-14 12:37:47.310 I/netstats_mobile_sample( 1267): [624042113,1030864,115456645,800165,611879739,758634,109057476,800180,611879739,758634,109055390,800166,1500007079119]
07-14 12:37:47.310 I/netstats_wifi_sample( 1267): [2901607047,3335525,487882940,2865810,2901632690,3333457,447656036,2826325,2901565418,3331784,447509693,2825293,1500007079119]
07-14 12:37:47.316 I/am_proc_start( 1267): [0,28123,10009,com.qihoo360.mobilesafe:WifiExam,service,com.qihoo360.mobilesafe/.wifiexam.plugin.WifiExamExternalService]
07-14 12:37:47.351 I/am_proc_bound( 1267): [0,28123,com.qihoo360.mobilesafe:WifiExam]
07-14 12:37:47.375 I/notification_enqueue( 1267): [10148,22576,com.tencent.mtt,83,NULL,0,Notification(pri=2 contentView=com.tencent.mtt/0x7f03003d vibrate=null sound=null defaults=0x0 flags=0x22 color=0x00000000 vis=PRIVATE),0]
07-14 12:37:50.690 I/notification_enqueue( 1267): [10009,32707,com.qihoo360.mobilesafe,1,NULL,0,Notification(pri=2 contentView=com.qihoo360.mobilesafe/0x7f030062 vibrate=null sound=null tick defaults=0x0 flags=0x62 color=0x00000000 vis=PRIVATE),0]
07-14 12:37:51.973 I/sf_frame_dur(  438): [com.android.systemui.ImageWallpaper,0,0,0,0,0,0,9]
07-14 12:37:51.973 I/sf_frame_dur(  438): [SurfaceView,63,275,12,3,2,0,0]
07-14 12:37:51.973 I/sf_frame_dur(  438): [StatusBar,1863,59,45,37,85,738,848]
07-14 12:37:51.973 I/sf_frame_dur(  438): [,0,0,2,1,4,2,41]
07-14 12:37:51.973 I/sf_frame_dur(  438): [<win-anim>,5412,138,82,44,42,83,190]
07-14 12:37:57.670 I/am_proc_died( 1267): [0,28123,com.qihoo360.mobilesafe:WifiExam]
07-14 12:37:57.823 I/am_pss  ( 1267): [15672,10158,com.tencent.KiHan,427761664,416636928]
07-14 12:37:57.883 I/am_pss  ( 1267): [28445,10095,com.tencent.mm,248644608,225271808]
07-14 12:37:57.910 I/am_pss  ( 1267): [3764,10072,com.qiku.android.launcher3,108394496,94568448]
07-14 12:37:57.930 I/am_pss  ( 1267): [2064,10095,com.tencent.mm:support,36070400,28717056]
07-14 12:37:57.971 I/am_pss  ( 1267): [32707,10009,com.qihoo360.mobilesafe:GuardService,75362304,71081984]
07-14 12:37:57.987 I/am_pss  ( 1267): [27210,10095,com.tencent.mm:push,33481728,28991488]
07-14 12:37:58.002 I/am_pss  ( 1267): [22428,10017,com.qihoo.appstore,25324544,20316160]
07-14 12:37:59.329 I/chatty  ( 1267): uid=1000(system) Binder_4 expire 12 lines
07-14 12:37:59.410 I/chatty  ( 1267): uid=1000(system) Binder_E expire 16 lines
07-14 12:37:59.478 I/am_pss  ( 1267): [1261,10088,com.eg.android.AlipayGphone:tools,22458368,15114240]
07-14 12:37:59.525 I/netstats_mobile_sample( 1267): [624056685,1030916,115464431,800223,611894311,758686,109064798,800238,611894311,758686,109062712,800224,1500007091335]
07-14 12:37:59.526 I/netstats_wifi_sample( 1267): [2901607047,3335525,487882940,2865810,2901632690,3333457,447656036,2826325,2901565418,3331784,447509693,2825293,1500007091335]
07-14 12:37:59.550 I/am_proc_start( 1267): [0,28222,10009,com.qihoo360.mobilesafe:WifiExam,service,com.qihoo360.mobilesafe/.wifiexam.plugin.WifiExamExternalService]
07-14 12:37:59.552 I/netstats_mobile_sample( 1267): [624056685,1030916,115464431,800223,611894311,758686,109064798,800238,611894311,758686,109062712,800224,1500007091361]
07-14 12:37:59.553 I/netstats_wifi_sample( 1267): [2901607047,3335525,487882940,2865810,2901632690,3333457,447656036,2826325,2901565418,3331784,447509693,2825293,1500007091361]
07-14 12:37:59.591 I/am_proc_bound( 1267): [0,28222,com.qihoo360.mobilesafe:WifiExam]
07-14 12:37:59.633 I/notification_enqueue( 1267): [10148,22576,com.tencent.mtt,83,NULL,0,Notification(pri=2 contentView=com.tencent.mtt/0x7f03003d vibrate=null sound=null defaults=0x0 flags=0x22 color=0x00000000 vis=PRIVATE),0]
07-14 12:38:09.901 I/am_proc_died( 1267): [0,28222,com.qihoo360.mobilesafe:WifiExam]
07-14 12:38:09.973 I/am_pss  ( 1267): [11423,10027,com.android.mms,56180736,52568064]
07-14 12:38:09.998 I/am_pss  ( 1267): [2368,10003,com.android.providers.contacts,11920384,10297344]
07-14 12:38:15.804 I/free_storage_changed( 1267): 11477626880
07-14 12:38:20.805 I/notification_enqueue( 1267): [10148,22576,com.tencent.mtt,83,NULL,0,Notification(pri=2 contentView=com.tencent.mtt/0x7f03003d vibrate=null sound=null defaults=0x0 flags=0x22 color=0x00000000 vis=PRIVATE),0]
07-14 12:38:25.715 I/notification_enqueue( 1267): [10009,32707,com.qihoo360.mobilesafe,1,NULL,0,Notification(pri=2 contentView=com.qihoo360.mobilesafe/0x7f030062 vibrate=null sound=null tick defaults=0x0 flags=0x62 color=0x00000000 vis=PRIVATE),0]
07-14 12:38:40.723 I/notification_enqueue( 1267): [10009,32707,com.qihoo360.mobilesafe,1,NULL,0,Notification(pri=2 contentView=com.qihoo360.mobilesafe/0x7f030062 vibrate=null sound=null tick defaults=0x0 flags=0x62 color=0x00000000 vis=PRIVATE),0]
07-14 12:38:45.729 I/notification_enqueue( 1267): [10009,32707,com.qihoo360.mobilesafe,1,NULL,0,Notification(pri=2 contentView=com.qihoo360.mobilesafe/0x7f030062 vibrate=null sound=null tick defaults=0x0 flags=0x62 color=0x00000000 vis=PRIVATE),0]
07-14 12:38:52.751 I/am_pss  ( 1267): [22428,10017,com.qihoo.appstore,25324544,20316160]
07-14 12:38:55.724 I/notification_enqueue( 1267): [10009,32707,com.qihoo360.mobilesafe,1,NULL,0,Notification(pri=2 contentView=com.qihoo360.mobilesafe/0x7f030062 vibrate=null sound=null tick defaults=0x0 flags=0x62 color=0x00000000 vis=PRIVATE),0]
07-14 12:38:56.507 I/chatty  ( 1267): uid=1000(system) Binder_9 expire 8 lines
07-14 12:38:56.522 I/chatty  ( 1267): uid=1000(system) Binder_3 expire 20 lines
07-14 12:39:00.152 I/chatty  ( 1267): uid=1000(system) AlarmManager expire 2 lines
07-14 12:39:02.591 I/chatty  ( 1267): uid=1000(system) WifiStateMachin expire 34 lines
07-14 12:39:02.595 I/chatty  ( 1267): uid=1000(system) Binder_1 expire 14 lines
07-14 12:39:02.597 I/chatty  ( 1267): uid=1000(system) Binder_A expire 22 lines
07-14 12:39:02.597 I/chatty  ( 1267): uid=1000(system) Binder_C expire 16 lines
07-14 12:39:04.489 I/chatty  ( 1267): uid=1000(system) Binder_2 expire 18 lines
07-14 12:39:11.626 I/chatty  ( 1267): uid=1000(system) Binder_10 expire 13 lines
07-14 12:39:11.628 I/chatty  ( 1267): uid=1000(system) Binder_5 expire 19 lines
07-14 12:39:11.643 I/chatty  ( 1267): uid=1000(system) Binder_6 expire 8 lines
07-14 12:39:17.046 I/am_pss  ( 1267): [14736,10140,com.babytree.apps.pregnancy:core,65403904,63336448]
07-14 12:39:17.077 I/am_pss  ( 1267): [14613,10140,com.babytree.apps.pregnancy,83073024,80625664]
07-14 12:39:22.689 I/chatty  ( 1267): uid=1000(system) Binder_8 expire 12 lines
07-14 12:39:22.710 I/chatty  ( 1267): uid=1000(system) Binder_B expire 9 lines
07-14 12:39:26.483 I/chatty  ( 1267): uid=1000(system) Binder_D expire 10 lines
07-14 12:39:31.482 I/chatty  ( 1267): uid=1000(system) Binder_F expire 12 lines
07-14 12:39:32.588 I/chatty  ( 1267): uid=1000(system) Binder_4 expire 20 lines
07-14 12:39:42.553 I/chatty  ( 1267): uid=1000(system) Binder_7 expire 6 lines
07-14 12:39:52.709 I/am_pss  ( 1267): [22428,10017,com.qihoo.appstore,25324544,20316160]
07-14 12:40:00.158 I/am_pss  ( 1267): [15672,10158,com.tencent.KiHan,516236288,505081856]
07-14 12:40:12.021 I/netstats_mobile_sample( 1267): [624184475,1032439,115566895,801542,612021425,760196,109156710,801557,612021269,760193,109154624,801543,1500007223830]
07-14 12:40:12.021 I/netstats_wifi_sample( 1267): [2901607047,3335525,487882940,2865810,2901632690,3333457,447656036,2826325,2901565418,3331784,447509693,2825293,1500007223830]
07-14 12:40:12.699 I/netstats_mobile_sample( 1267): [624184755,1032443,115567147,801545,612021705,760200,109156938,801560,612021705,760200,109154852,801546,1500007224508]
07-14 12:40:12.699 I/netstats_wifi_sample( 1267): [2901607047,3335525,487882940,2865810,2901632690,3333457,447656036,2826325,2901565418,3331784,447509693,2825293,1500007224508]
07-14 12:40:12.712 I/netstats_mobile_sample( 1267): [624184755,1032443,115567147,801545,612021705,760200,109156938,801560,612021705,760200,109154852,801546,1500007224521]
07-14 12:40:12.712 I/netstats_wifi_sample( 1267): [2901607047,3335525,487882940,2865810,2901632690,3333457,447656036,2826325,2901565418,3331784,447509693,2825293,1500007224521]
07-14 12:40:12.712 I/am_proc_start( 1267): [0,28955,10009,com.qihoo360.mobilesafe:WifiExam,service,com.qihoo360.mobilesafe/.wifiexam.plugin.WifiExamExternalService]
07-14 12:40:12.746 I/am_proc_bound( 1267): [0,28955,com.qihoo360.mobilesafe:WifiExam]
07-14 12:40:12.768 I/notification_enqueue( 1267): [10148,22576,com.tencent.mtt,83,NULL,0,Notification(pri=2 contentView=com.tencent.mtt/0x7f03003d vibrate=null sound=null defaults=0x0 flags=0x22 color=0x00000000 vis=PRIVATE),0]
07-14 12:40:12.768 I/chatty  ( 1267): uid=1000 system_server expire 7 lines
07-14 12:40:15.757 I/notification_enqueue( 1267): [10009,32707,com.qihoo360.mobilesafe,1,NULL,0,Notification(pri=2 contentView=com.qihoo360.mobilesafe/0x7f030062 vibrate=null sound=null tick defaults=0x0 flags=0x62 color=0x00000000 vis=PRIVATE),0]
07-14 12:40:22.593 I/chatty  ( 1267): uid=1000(system) WifiStateMachin expire 38 lines
07-14 12:40:23.100 I/am_proc_died( 1267): [0,28955,com.qihoo360.mobilesafe:WifiExam]
07-14 12:40:23.730 I/chatty  ( 1267): uid=1000(system) Binder_4 expire 10 lines
07-14 12:40:23.730 I/chatty  ( 1267): uid=1000(system) Binder_7 expire 18 lines
07-14 12:40:23.732 I/chatty  ( 1267): uid=1000(system) Binder_B expire 26 lines
07-14 12:40:23.733 I/chatty  ( 1267): uid=1000(system) Binder_8 expire 8 lines
07-14 12:40:23.733 I/chatty  ( 1267): uid=1000(system) Binder_A expire 16 lines
07-14 12:40:23.742 I/chatty  ( 1267): uid=1000(system) Binder_3 expire 12 lines
07-14 12:40:23.800 I/chatty  ( 1267): uid=1000(system) Binder_2 expire 16 lines
07-14 12:40:23.815 I/chatty  ( 1267): uid=1000(system) Binder_10 expire 12 lines
07-14 12:40:23.935 I/netstats_mobile_sample( 1267): [624192850,1032483,115572713,801595,612029748,760239,109162104,801610,612029748,760239,109160018,801596,1500007235744]
07-14 12:40:23.936 I/netstats_wifi_sample( 1267): [2901607047,3335525,487882940,2865810,2901632690,3333457,447656036,2826325,2901565418,3331784,447509693,2825293,1500007235744]
07-14 12:40:23.946 I/chatty  ( 1267): uid=1000(system) Binder_6 expire 12 lines
07-14 12:40:23.962 I/netstats_mobile_sample( 1267): [624192850,1032483,115572713,801595,612029748,760239,109162104,801610,612029748,760239,109160018,801596,1500007235771]
07-14 12:40:23.962 I/netstats_wifi_sample( 1267): [2901607047,3335525,487882940,2865810,2901632690,3333457,447656036,2826325,2901565418,3331784,447509693,2825293,1500007235771]
07-14 12:40:23.964 I/am_proc_start( 1267): [0,29034,10009,com.qihoo360.mobilesafe:WifiExam,service,com.qihoo360.mobilesafe/.wifiexam.plugin.WifiExamExternalService]
07-14 12:40:23.996 I/am_proc_bound( 1267): [0,29034,com.qihoo360.mobilesafe:WifiExam]
07-14 12:40:24.025 I/notification_enqueue( 1267): [10148,22576,com.tencent.mtt,83,NULL,0,Notification(pri=2 contentView=com.tencent.mtt/0x7f03003d vibrate=null sound=null defaults=0x0 flags=0x22 color=0x00000000 vis=PRIVATE),0]
07-14 12:40:25.757 I/notification_enqueue( 1267): [10009,32707,com.qihoo360.mobilesafe,1,NULL,0,Notification(pri=2 contentView=com.qihoo360.mobilesafe/0x7f030062 vibrate=null sound=null tick defaults=0x0 flags=0x62 color=0x00000000 vis=PRIVATE),0]
07-14 12:40:30.752 I/notification_enqueue( 1267): [10009,32707,com.qihoo360.mobilesafe,1,NULL,0,Notification(pri=2 contentView=com.qihoo360.mobilesafe/0x7f030062 vibrate=null sound=null tick defaults=0x0 flags=0x62 color=0x00000000 vis=PRIVATE),0]
07-14 12:40:31.481 I/chatty  ( 1267): uid=1000(system) Binder_5 expire 12 lines
07-14 12:40:34.299 I/am_proc_died( 1267): [0,29034,com.qihoo360.mobilesafe:WifiExam]
07-14 12:40:34.325 I/am_pss  ( 1267): [8775,1000,com.qiku.service.container,5678080,4390912]
07-14 12:40:34.351 I/am_pss  ( 1267): [3487,10017,com.qihoo.daemon,20794368,15835136]
07-14 12:40:34.372 I/am_pss  ( 1267): [7827,10024,com.qiku.android.cloudsync:online,16346112,13467648]
07-14 12:40:34.389 I/am_pss  ( 1267): [7002,10012,com.qiku.regservice,23188480,19353600]
07-14 12:40:34.402 I/am_pss  ( 1267): [6162,1000,com.qiku.android.safe,9747456,7933952]
07-14 12:40:34.414 I/am_pss  ( 1267): [10778,1000,com.qiku.healthguard,11297792,9641984]
07-14 12:40:35.095 I/battery_level( 1267): [69,3923,385]
07-14 12:40:35.097 I/chatty  ( 1267): uid=1000(system) ActivityManager expire 2 lines
07-14 12:40:35.104 I/chatty  ( 1267): uid=1000(system) android.fg expire 2 lines
07-14 12:40:35.901 I/chatty  ( 1267): uid=1000(system) Binder_C expire 14 lines
07-14 12:40:35.903 I/chatty  ( 1267): uid=1000(system) Binder_9 expire 14 lines
07-14 12:40:35.903 I/chatty  ( 1267): uid=1000(system) Binder_F expire 16 lines
07-14 12:40:35.938 I/chatty  ( 1267): uid=1000(system) Binder_E expire 8 lines
07-14 12:40:40.764 I/notification_enqueue( 1267): [10009,32707,com.qihoo360.mobilesafe,1,NULL,0,Notification(pri=2 contentView=com.qihoo360.mobilesafe/0x7f030062 vibrate=null sound=null tick defaults=0x0 flags=0x62 color=0x00000000 vis=PRIVATE),0]
07-14 12:40:42.573 I/chatty  ( 1267): uid=1000(system) Binder_D expire 6 lines
07-14 12:40:42.575 I/chatty  ( 1267): uid=1000(system) Binder_1 expire 7 lines
07-14 12:40:47.999 I/chatty  ( 1267): uid=1000(system) CpuUsageMonitor expire 2 lines
07-14 12:41:00.057 I/am_pss  ( 1267): [22428,10017,com.qihoo.appstore,25332736,20324352]
07-14 12:41:43.240 I/battery_level( 1267): [68,3902,387]
07-14 12:41:43.296 I/notification_enqueue( 1267): [10009,32707,com.qihoo360.mobilesafe,1,NULL,0,Notification(pri=2 contentView=com.qihoo360.mobilesafe/0x7f030062 vibrate=null sound=null tick defaults=0x0 flags=0x62 color=0x00000000 vis=PRIVATE),0]
07-14 12:41:50.900 I/chatty  ( 1267): uid=1000(system) Binder_1 expire 17 lines
07-14 12:41:52.790 I/am_pss  ( 1267): [22428,10017,com.qihoo.appstore,25332736,20324352]
07-14 12:42:00.172 I/am_pss  ( 1267): [15672,10158,com.tencent.KiHan,530699264,519540736]
07-14 12:42:02.589 I/chatty  ( 1267): uid=1000(system) WifiStateMachin expire 58 lines
07-14 12:42:02.593 I/chatty  ( 1267): uid=1000(system) Binder_E expire 16 lines
07-14 12:42:02.594 I/chatty  ( 1267): uid=1000(system) Binder_7 expire 8 lines
07-14 12:42:02.595 I/chatty  ( 1267): uid=1000(system) Binder_5 expire 14 lines
07-14 12:42:02.596 I/chatty  ( 1267): uid=1000(system) Binder_10 expire 20 lines
07-14 12:42:02.598 I/chatty  ( 1267): uid=1000(system) Binder_C expire 10 lines
07-14 12:42:02.606 I/chatty  ( 1267): uid=1000(system) Binder_B expire 8 lines
07-14 12:42:05.811 I/chatty  ( 1267): uid=1000(system) Binder_F expire 18 lines
07-14 12:42:05.818 I/chatty  ( 1267): uid=1000(system) Binder_A expire 15 lines
07-14 12:42:05.848 I/chatty  ( 1267): uid=1000(system) Binder_2 expire 12 lines
07-14 12:42:06.922 I/chatty  ( 1267): uid=1000(system) Binder_8 expire 14 lines
07-14 12:42:10.783 I/notification_enqueue( 1267): [10009,32707,com.qihoo360.mobilesafe,1,NULL,0,Notification(pri=2 contentView=com.qihoo360.mobilesafe/0x7f030062 vibrate=null sound=null tick defaults=0x0 flags=0x62 color=0x00000000 vis=PRIVATE),0]
07-14 12:42:10.783 I/chatty  ( 1267): uid=1000 system_server expire 7 lines
07-14 12:42:12.666 I/chatty  ( 1267): uid=1000(system) Binder_D expire 12 lines
07-14 12:42:20.774 I/notification_enqueue( 1267): [10009,32707,com.qihoo360.mobilesafe,1,NULL,0,Notification(pri=2 contentView=com.qihoo360.mobilesafe/0x7f030062 vibrate=null sound=null tick defaults=0x0 flags=0x62 color=0x00000000 vis=PRIVATE),0]
07-14 12:42:20.976 I/chatty  ( 1267): uid=1000(system) Binder_6 expire 6 lines
07-14 12:42:20.992 I/chatty  ( 1267): uid=1000(system) Binder_9 expire 6 lines
07-14 12:42:30.785 I/notification_enqueue( 1267): [10009,32707,com.qihoo360.mobilesafe,1,NULL,0,Notification(pri=2 contentView=com.qihoo360.mobilesafe/0x7f030062 vibrate=null sound=null tick defaults=0x0 flags=0x62 color=0x00000000 vis=PRIVATE),0]
07-14 12:42:36.135 I/netstats_mobile_sample( 1267): [624456406,1034379,115716863,803365,612290160,762069,109292094,803380,612290160,762069,109290008,803366,1500007367944]
07-14 12:42:36.136 I/netstats_wifi_sample( 1267): [2901607047,3335525,487882940,2865810,2901632690,3333457,447656036,2826325,2901565418,3331784,447509693,2825293,1500007367944]
07-14 12:42:36.157 I/netstats_mobile_sample( 1267): [624456406,1034379,115716863,803365,612290160,762069,109292094,803380,612290160,762069,109290008,803366,1500007367966]
