07-14 12:42:36.157 I/netstats_wifi_sample( 1267): [2901607047,3335525,487882940,2865810,2901632690,3333457,447656036,2826325,2901565418,3331784,447509693,2825293,1500007367966]
07-14 12:42:36.161 I/am_proc_start( 1267): [0,29874,10009,com.qihoo360.mobilesafe:WifiExam,service,com.qihoo360.mobilesafe/.wifiexam.plugin.WifiExamExternalService]
07-14 12:42:36.189 I/am_proc_bound( 1267): [0,29874,com.qihoo360.mobilesafe:WifiExam]
07-14 12:42:36.219 I/notification_enqueue( 1267): [10148,22576,com.tencent.mtt,83,NULL,0,Notification(pri=2 contentView=com.tencent.mtt/0x7f03003d vibrate=null sound=null defaults=0x0 flags=0x22 color=0x00000000 vis=PRIVATE),0]
07-14 12:42:40.784 I/notification_enqueue( 1267): [10009,32707,com.qihoo360.mobilesafe,1,NULL,0,Notification(pri=2 contentView=com.qihoo360.mobilesafe/0x7f030062 vibrate=null sound=null tick defaults=0x0 flags=0x62 color=0x00000000 vis=PRIVATE),0]
07-14 12:42:46.503 I/am_proc_died( 1267): [0,29874,com.qihoo360.mobilesafe:WifiExam]
07-14 12:42:48.082 I/chatty  ( 3676): uid=1000(system) com.qiku.logsystem expire 1 line
07-14 12:42:48.085 I/chatty  ( 3676): uid=1000(system) BGR-CtlDispatch expire 1 line
07-14 12:42:48.117 I/chatty  ( 1267): uid=1000(system) Binder_4 expire 8 lines
07-14 12:42:48.322 I/netstats_mobile_sample( 1267): [624465062,1034543,115725376,803520,612298816,762233,109299367,803535,612298816,762233,109297244,803520,1500007380131]
07-14 12:42:48.322 I/netstats_wifi_sample( 1267): [2901607047,3335525,487882940,2865810,2901632690,3333457,447656036,2826325,2901565418,3331784,447509693,2825293,1500007380131]
07-14 12:42:49.286 I/netstats_mobile_sample( 1267): [624465683,1034558,115726219,803535,612299437,762248,109300090,803550,612299437,762248,109298004,803536,1500007381095]
07-14 12:42:49.286 I/am_proc_start( 1267): [0,29959,10009,com.qihoo360.mobilesafe:WifiExam,service,com.qihoo360.mobilesafe/.wifiexam.plugin.WifiExamExternalService]
07-14 12:42:49.289 I/netstats_wifi_sample( 1267): [2901607047,3335525,487882940,2865810,2901632690,3333457,447656036,2826325,2901565418,3331784,447509693,2825293,1500007381095]
07-14 12:42:49.327 I/am_proc_bound( 1267): [0,29959,com.qihoo360.mobilesafe:WifiExam]
07-14 12:42:49.345 I/notification_enqueue( 1267): [10148,22576,com.tencent.mtt,83,NULL,0,Notification(pri=2 contentView=com.tencent.mtt/0x7f03003d vibrate=null sound=null defaults=0x0 flags=0x22 color=0x00000000 vis=PRIVATE),0]
07-14 12:42:50.738 I/am_meminfo( 1267): [1926361088,68243456,0,511315968,199904256]
07-14 12:42:50.861 I/chatty  ( 3676): uid=1000(system) com.qiku.logsystem expire 1 line
07-14 12:42:57.914 I/am_pss  ( 1267): [12154,10025,com.qiku.android.nodisturb,5959680,4620288]
07-14 12:42:59.639 I/am_proc_died( 1267): [0,29959,com.qihoo360.mobilesafe:WifiExam]
07-14 12:43:12.673 I/chatty  ( 1267): uid=1000(system) Binder_3 expire 20 lines
07-14 12:43:20.797 I/notification_enqueue( 1267): [10148,22576,com.tencent.mtt,83,NULL,0,Notification(pri=2 contentView=com.tencent.mtt/0x7f03003d vibrate=null sound=null defaults=0x0 flags=0x22 color=0x00000000 vis=PRIVATE),0]
07-14 12:43:22.596 I/chatty  ( 1267): uid=1000(system) WifiStateMachin expire 14 lines
07-14 12:43:22.602 I/chatty  ( 1267): uid=1000(system) Binder_C expire 16 lines
07-14 12:43:22.603 I/chatty  ( 1267): uid=1000(system) Binder_7 expire 24 lines
07-14 12:43:22.605 I/chatty  ( 1267): uid=1000(system) Binder_A expire 20 lines
07-14 12:43:22.605 I/chatty  ( 1267): uid=1000(system) Binder_6 expire 12 lines
07-14 12:43:22.606 I/chatty  ( 1267): uid=1000(system) Binder_E expire 20 lines
07-14 12:43:22.622 I/chatty  ( 1267): uid=1000(system) Binder_5 expire 8 lines
07-14 12:43:30.166 I/chatty  ( 1267): uid=1000(system) AlarmManager expire 2 lines
07-14 12:43:30.387 I/chatty  ( 1267): uid=1000(system) Binder_D expire 18 lines
07-14 12:43:30.388 I/chatty  ( 1267): uid=1000(system) Binder_9 expire 16 lines
07-14 12:43:30.390 I/chatty  ( 1267): uid=1000(system) Binder_4 expire 8 lines
07-14 12:43:42.649 I/chatty  ( 1267): uid=1000(system) Binder_8 expire 12 lines
07-14 12:43:45.330 I/chatty  ( 1267): uid=1000(system) Binder_B expire 14 lines
07-14 12:43:45.333 I/chatty  ( 1267): uid=1000(system) Binder_F expire 12 lines
07-14 12:43:52.553 I/chatty  ( 1267): uid=1000(system) Binder_10 expire 18 lines
07-14 12:43:52.584 I/am_pss  ( 1267): [22428,10017,com.qihoo.appstore,25332736,20324352]
07-14 12:44:00.180 I/am_pss  ( 1267): [15672,10158,com.tencent.KiHan,523436032,511180800]
07-14 12:44:00.283 I/chatty  ( 1267): uid=1000(system) Binder_1 expire 10 lines
07-14 12:44:00.293 I/chatty  ( 1267): uid=1000(system) Binder_2 expire 6 lines
07-14 12:44:00.806 I/notification_enqueue( 1267): [10009,32707,com.qihoo360.mobilesafe,1,NULL,0,Notification(pri=2 contentView=com.qihoo360.mobilesafe/0x7f030062 vibrate=null sound=null tick defaults=0x0 flags=0x62 color=0x00000000 vis=PRIVATE),0]
07-14 12:44:00.806 I/chatty  ( 1267): uid=1000 system_server expire 1 line
07-14 12:44:12.716 I/am_pss  ( 1267): [15018,10140,com.babytree.apps.pregnancy:pushservice,80425984,78163968]
07-14 12:44:24.159 I/sf_frame_dur(  438): [com.tencent.KiHan/com.tencent.KiHan.ApolloTest,0,0,0,5,2,0,0]
07-14 12:44:24.159 I/sf_frame_dur(  438): [InputMethod,1,2,5,3,1,0,0]
07-14 12:44:42.751 I/am_pss  ( 1267): [15870,10158,com.tencent.KiHan:xg_service_v2,42233856,38887424]
07-14 12:44:52.690 I/am_pss  ( 1267): [22428,10017,com.qihoo.appstore,25332736,20328448]
07-14 12:44:59.246 I/chatty  ( 1267): uid=1000(system) InputDispatcher expire 15 lines
07-14 12:44:59.253 I/chatty  (10778): uid=1000(system) com.qiku.healthguard expire 2 lines
07-14 12:44:59.262 I/am_home_stack_moved( 1267): [0,1,0,0,bringingFoundTaskToFront setFocusedActivity]
07-14 12:44:59.262 I/wm_task_moved( 1267): [1,1,0]
07-14 12:44:59.265 I/am_focused_activity( 1267): [0,com.qiku.android.launcher3/.Launcher]
07-14 12:44:59.279 I/am_pause_activity( 1267): [0,175743015,com.tencent.KiHan/.ApolloTest]
07-14 12:44:59.280 I/am_task_to_front( 1267): [0,1]
07-14 12:44:59.280 I/am_new_intent( 1267): [0,121529163,1,com.qiku.android.launcher3/.Launcher,android.intent.action.MAIN,NULL,NULL,274726912]
07-14 12:44:59.470 I/am_on_paused_called(15672): [0,com.tencent.KiHan.ApolloTest]
07-14 12:44:59.496 I/configuration_changed( 1267): 1152
07-14 12:44:59.528 I/am_resume_activity( 1267): [0,93571314,1,com.qiku.android.launcher3/.Launcher]
07-14 12:44:59.549 I/chatty  ( 3676): uid=1000(system) com.qiku.logsystem expire 9 lines
07-14 12:44:59.550 I/am_on_resume_called( 3764): [0,com.qiku.android.launcher3.Launcher]
07-14 12:44:59.580 I/sf_frame_dur(  438): [SurfaceView,1841,9508,202,118,33,6,0]
07-14 12:44:59.591 I/notification_enqueue( 1267): [10148,22576,com.tencent.mtt,83,NULL,0,Notification(pri=2 contentView=com.tencent.mtt/0x7f03003d vibrate=null sound=null defaults=0x0 flags=0x22 color=0x00000000 vis=PRIVATE),0]
07-14 12:44:59.591 I/chatty  ( 1267): uid=1000 system_server expire 5 lines
07-14 12:44:59.599 I/chatty  ( 1267): uid=1000(system) Binder_4 expire 8 lines
07-14 12:44:59.602 I/chatty  ( 1267): uid=1000(system) android.bg expire 4 lines
07-14 12:45:00.345 I/chatty  ( 1267): uid=1000(system) WifiStateMachin expire 46 lines
07-14 12:45:00.351 I/chatty  ( 1267): uid=1000(system) Binder_B expire 2 lines
07-14 12:45:00.352 I/chatty  ( 1267): uid=1000(system) Binder_7 expire 4 lines
07-14 12:45:00.354 I/chatty  ( 1267): uid=1000(system) Binder_D expire 68 lines
07-14 12:45:00.354 I/chatty  ( 1267): uid=1000(system) Binder_1 expire 3 lines
07-14 12:45:00.355 I/chatty  ( 1267): uid=1000(system) Binder_5 expire 43 lines
07-14 12:45:00.364 I/chatty  ( 1267): uid=1000(system) Binder_6 expire 11 lines
07-14 12:45:00.410 I/chatty  ( 1267): uid=1000(system) Binder_9 expire 2 lines
07-14 12:45:00.427 I/chatty  ( 1267): uid=1000(system) Binder_8 expire 4 lines
07-14 12:45:00.564 I/chatty  ( 1267): uid=1000(system) Binder_3 expire 5 lines
07-14 12:45:00.567 I/netstats_mobile_sample( 1267): [624572443,1035767,115807883,804539,612405593,763444,109373722,804554,612405593,763444,109371636,804540,1500007512376]
07-14 12:45:00.567 I/netstats_wifi_sample( 1267): [2901607047,3335525,487882940,2865810,2901632690,3333457,447656036,2826325,2901565418,3331784,447509693,2825293,1500007512376]
07-14 12:45:00.587 I/am_proc_start( 1267): [0,30260,10009,com.qihoo360.mobilesafe:WifiExam,service,com.qihoo360.mobilesafe/.wifiexam.plugin.WifiExamExternalService]
07-14 12:45:00.593 I/netstats_mobile_sample( 1267): [624572443,1035767,115807883,804539,612405593,763444,109373722,804554,612405593,763444,109371636,804540,1500007512401]
07-14 12:45:00.593 I/netstats_wifi_sample( 1267): [2901607047,3335525,487882940,2865810,2901632690,3333457,447656036,2826325,2901565418,3331784,447509693,2825293,1500007512401]
07-14 12:45:00.619 I/am_proc_bound( 1267): [0,30260,com.qihoo360.mobilesafe:WifiExam]
07-14 12:45:00.655 I/notification_enqueue( 1267): [10148,22576,com.tencent.mtt,83,NULL,0,Notification(pri=2 contentView=com.tencent.mtt/0x7f03003d vibrate=null sound=null defaults=0x0 flags=0x22 color=0x00000000 vis=PRIVATE),0]
07-14 12:45:00.864 I/am_home_stack_moved( 1267): [0,0,9,9,bringingFoundTaskToFront setFocusedActivity]
07-14 12:45:00.864 I/wm_task_moved( 1267): [320,1,5]
07-14 12:45:00.870 I/am_focused_activity( 1267): [0,com.tencent.mm/.ui.LauncherUI]
07-14 12:45:00.870 I/am_pause_activity( 1267): [0,93571314,com.qiku.android.launcher3/.Launcher]
07-14 12:45:00.871 I/am_task_to_front( 1267): [0,320]
07-14 12:45:00.871 I/am_new_intent( 1267): [0,181887787,320,com.tencent.mm/.ui.LauncherUI,android.intent.action.MAIN,NULL,NULL,274726912]
07-14 12:45:00.878 I/am_on_paused_called( 3764): [0,com.qiku.android.launcher3.Launcher]
07-14 12:45:00.883 I/am_resume_activity( 1267): [0,8980953,320,com.tencent.mm/.ui.LauncherUI]
07-14 12:45:00.950 I/am_on_resume_called(28445): [0,com.tencent.mm.ui.LauncherUI]
07-14 12:45:01.233 I/sf_frame_dur(  438): [com.qiku.android.launcher3/com.qiku.android.launcher3.Launcher,0,0,0,0,0,0,1]
07-14 12:45:02.844 I/am_proc_start( 1267): [0,30342,10008,android.process.media,content provider,com.android.providers.media/.MediaProvider]
07-14 12:45:02.872 I/am_proc_bound( 1267): [0,30342,android.process.media]
07-14 12:45:02.929 I/chatty  ( 1267): uid=1000(system) Binder_2 expire 6 lines
07-14 12:45:03.007 I/notification_cancel_all( 1267): [10008,30342,com.android.providers.downloads,0,0,64,9,NULL]
07-14 12:45:03.870 I/am_home_stack_moved( 1267): [0,0,9,9,sourceStackToFront]
07-14 12:45:03.870 I/wm_task_moved( 1267): [320,1,5]
07-14 12:45:03.872 I/am_create_activity( 1267): [0,20389878,320,com.tencent.mm/.plugin.mmsight.ui.SightCaptureUI,NULL,NULL,NULL,0]
07-14 12:45:03.873 I/am_pause_activity( 1267): [0,8980953,com.tencent.mm/.ui.LauncherUI]
07-14 12:45:03.874 I/am_home_stack_moved( 1267): [0,0,9,9,startedActivity setFocusedActivity]
07-14 12:45:03.874 I/wm_task_moved( 1267): [320,1,5]
07-14 12:45:03.879 I/am_focused_activity( 1267): [0,com.tencent.mm/.plugin.mmsight.ui.SightCaptureUI]
07-14 12:45:03.987 I/am_on_paused_called(28445): [0,com.tencent.mm.ui.LauncherUI]
07-14 12:45:03.992 I/am_restart_activity( 1267): [0,20389878,320,com.tencent.mm/.plugin.mmsight.ui.SightCaptureUI]
07-14 12:45:04.069 I/chatty  ( 1267): uid=1000(system) Binder_10 expire 4 lines
07-14 12:45:04.173 I/am_on_resume_called(22227): [0,com.tencent.mm.plugin.mmsight.ui.SightCaptureUI]
07-14 12:45:04.182 I/chatty  ( 1267): uid=1000(system) Binder_F expire 4 lines
07-14 12:45:05.059 I/snet_event_log(  464): [26324358,-1,]
07-14 12:45:05.221 I/am_activity_launch_time( 1267): [0,20389878,com.tencent.mm/.plugin.mmsight.ui.SightCaptureUI,1234,1234]
07-14 12:45:05.260 I/sf_frame_dur(  438): [com.tencent.mm/com.tencent.mm.ui.LauncherUI,45,4,3,2,1,2,0]
07-14 12:45:05.803 I/am_finish_activity( 1267): [0,20389878,320,com.tencent.mm/.plugin.mmsight.ui.SightCaptureUI,app-request]
07-14 12:45:05.804 I/am_home_stack_moved( 1267): [0,0,9,9,finishActivity adjustFocus setFocusedActivity]
07-14 12:45:05.804 I/wm_task_moved( 1267): [320,1,5]
07-14 12:45:05.809 I/am_focused_activity( 1267): [0,com.tencent.mm/.ui.LauncherUI]
07-14 12:45:05.809 I/am_pause_activity( 1267): [0,20389878,com.tencent.mm/.plugin.mmsight.ui.SightCaptureUI]
07-14 12:45:05.846 I/notification_enqueue( 1267): [10009,32707,com.qihoo360.mobilesafe,1,NULL,0,Notification(pri=2 contentView=com.qihoo360.mobilesafe/0x7f030062 vibrate=null sound=null tick defaults=0x0 flags=0x62 color=0x00000000 vis=PRIVATE),0]
07-14 12:45:06.032 I/am_on_paused_called(22227): [0,com.tencent.mm.plugin.mmsight.ui.SightCaptureUI]
07-14 12:45:06.036 I/am_resume_activity( 1267): [0,8980953,320,com.tencent.mm/.ui.LauncherUI]
07-14 12:45:06.149 I/am_on_resume_called(28445): [0,com.tencent.mm.ui.LauncherUI]
07-14 12:45:06.511 I/am_destroy_activity( 1267): [0,20389878,320,com.tencent.mm/.plugin.mmsight.ui.SightCaptureUI,finish-imm]
07-14 12:45:06.698 I/sf_frame_dur(  438): [SurfaceView,1,3,4,0,0,1,0]
07-14 12:45:06.698 I/sf_frame_dur(  438): [com.tencent.mm/com.tencent.mm.plugin.mmsight.ui.SightCaptureUI,0,2,2,0,1,0,0]
07-14 12:45:07.766 I/am_home_stack_moved( 1267): [0,0,9,9,sourceStackToFront]
07-14 12:45:07.766 I/wm_task_moved( 1267): [320,1,5]
07-14 12:45:07.768 I/am_create_activity( 1267): [0,66736557,320,com.tencent.mm/.plugin.luckymoney.ui.LuckyMoneyPrepareUI,NULL,NULL,NULL,0]
07-14 12:45:07.769 I/am_pause_activity( 1267): [0,8980953,com.tencent.mm/.ui.LauncherUI]
07-14 12:45:07.770 I/am_home_stack_moved( 1267): [0,0,9,9,startedActivity setFocusedActivity]
07-14 12:45:07.771 I/wm_task_moved( 1267): [320,1,5]
07-14 12:45:07.775 I/am_focused_activity( 1267): [0,com.tencent.mm/.plugin.luckymoney.ui.LuckyMoneyPrepareUI]
07-14 12:45:07.880 I/am_on_paused_called(28445): [0,com.tencent.mm.ui.LauncherUI]
07-14 12:45:07.881 I/am_restart_activity( 1267): [0,66736557,320,com.tencent.mm/.plugin.luckymoney.ui.LuckyMoneyPrepareUI]
07-14 12:45:08.138 I/am_on_resume_called(28445): [0,com.tencent.mm.plugin.luckymoney.ui.LuckyMoneyPrepareUI]
07-14 12:45:08.280 I/am_activity_launch_time( 1267): [0,66736557,com.tencent.mm/.plugin.luckymoney.ui.LuckyMoneyPrepareUI,400,400]
07-14 12:45:08.519 I/sf_frame_dur(  438): [com.tencent.mm/com.tencent.mm.ui.LauncherUI,0,1,2,2,3,0,0]
07-14 12:45:08.636 I/sf_frame_dur(  438): [com.tencent.mm/com.tencent.mm.plugin.luckymoney.ui.LuckyMoneyPrepareUI,0,1,0,0,0,0,0]
07-14 12:45:10.763 I/am_home_stack_moved( 1267): [0,0,9,9,sourceStackToFront]
07-14 12:45:10.763 I/wm_task_moved( 1267): [320,1,5]
07-14 12:45:10.765 I/am_create_activity( 1267): [0,77258532,320,com.tencent.mm/.plugin.wallet.pay.ui.WalletPayUI,NULL,NULL,NULL,0]
07-14 12:45:10.765 I/am_pause_activity( 1267): [0,66736557,com.tencent.mm/.plugin.luckymoney.ui.LuckyMoneyPrepareUI]
07-14 12:45:10.766 I/am_home_stack_moved( 1267): [0,0,9,9,startedActivity setFocusedActivity]
07-14 12:45:10.766 I/wm_task_moved( 1267): [320,1,5]
07-14 12:45:10.770 I/am_focused_activity( 1267): [0,com.tencent.mm/.plugin.wallet.pay.ui.WalletPayUI]
07-14 12:45:10.783 I/am_on_paused_called(28445): [0,com.tencent.mm.plugin.luckymoney.ui.LuckyMoneyPrepareUI]
07-14 12:45:10.784 I/am_restart_activity( 1267): [0,77258532,320,com.tencent.mm/.plugin.wallet.pay.ui.WalletPayUI]
07-14 12:45:10.830 I/notification_enqueue( 1267): [10009,32707,com.qihoo360.mobilesafe,1,NULL,0,Notification(pri=2 contentView=com.qihoo360.mobilesafe/0x7f030062 vibrate=null sound=null tick defaults=0x0 flags=0x62 color=0x00000000 vis=PRIVATE),0]
07-14 12:45:10.920 I/am_on_resume_called(28445): [0,com.tencent.mm.plugin.wallet.pay.ui.WalletPayUI]
07-14 12:45:10.954 I/am_proc_died( 1267): [0,30260,com.qihoo360.mobilesafe:WifiExam]
07-14 12:45:10.998 I/am_activity_launch_time( 1267): [0,77258532,com.tencent.mm/.plugin.wallet.pay.ui.WalletPayUI,215,215]
07-14 12:45:11.055 I/am_pss  ( 1267): [28445,10095,com.tencent.mm,253022208,229236736]
07-14 12:45:11.078 I/am_pss  ( 1267): [2064,10095,com.tencent.mm:support,36097024,28745728]
07-14 12:45:11.096 I/am_pss  ( 1267): [27210,10095,com.tencent.mm:push,34694144,30212096]
07-14 12:45:11.576 I/sf_frame_dur(  438): [com.tencent.mm/com.tencent.mm.plugin.wallet.pay.ui.WalletPayUI,2,0,0,0,0,0,0]
07-14 12:45:12.751 I/chatty  ( 1267): uid=1000(system) Binder_C expire 6 lines
07-14 12:45:12.761 I/chatty  ( 1267): uid=1000(system) Binder_E expire 2 lines
07-14 12:45:12.835 I/chatty  ( 1267): uid=1000(system) Binder_A expire 2 lines
07-14 12:45:12.976 I/netstats_mobile_sample( 1267): [624582422,1035814,115817125,804590,612415532,763490,109382556,804605,612415492,763489,109380470,804591,1500007524785]
07-14 12:45:12.977 I/netstats_wifi_sample( 1267): [2901607047,3335525,487882940,2865810,2901632690,3333457,447656036,2826325,2901565418,3331784,447509693,2825293,1500007524785]
07-14 12:45:13.004 I/netstats_mobile_sample( 1267): [624582422,1035814,115817125,804590,612415532,763490,109382556,804605,612415532,763490,109380470,804591,1500007524813]
07-14 12:45:13.005 I/netstats_wifi_sample( 1267): [2901607047,3335525,487882940,2865810,2901632690,3333457,447656036,2826325,2901565418,3331784,447509693,2825293,1500007524813]
07-14 12:45:13.011 I/am_proc_start( 1267): [0,30527,10009,com.qihoo360.mobilesafe:WifiExam,service,com.qihoo360.mobilesafe/.wifiexam.plugin.WifiExamExternalService]
07-14 12:45:13.058 I/am_proc_bound( 1267): [0,30527,com.qihoo360.mobilesafe:WifiExam]
07-14 12:45:13.074 I/notification_enqueue( 1267): [10148,22576,com.tencent.mtt,83,NULL,0,Notification(pri=2 contentView=com.tencent.mtt/0x7f03003d vibrate=null sound=null defaults=0x0 flags=0x22 color=0x00000000 vis=PRIVATE),0]
07-14 12:45:13.950 I/sf_frame_dur(  438): [com.tencent.mm/com.tencent.mm.plugin.wallet.pay.ui.WalletPayUI,17,1,4,3,0,1,0]
07-14 12:45:14.056 I/am_new_intent( 1267): [0,77258532,320,com.tencent.mm/.plugin.wallet.pay.ui.WalletPayUI,NULL,NULL,NULL,0]
07-14 12:45:14.070 I/am_finish_activity( 1267): [0,77258532,320,com.tencent.mm/.plugin.wallet.pay.ui.WalletPayUI,app-request]
07-14 12:45:14.071 I/am_home_stack_moved( 1267): [0,0,9,9,finishActivity adjustFocus setFocusedActivity]
07-14 12:45:14.071 I/wm_task_moved( 1267): [320,1,5]
07-14 12:45:14.073 I/am_focused_activity( 1267): [0,com.tencent.mm/.plugin.luckymoney.ui.LuckyMoneyPrepareUI]
07-14 12:45:14.073 I/am_pause_activity( 1267): [0,77258532,com.tencent.mm/.plugin.wallet.pay.ui.WalletPayUI]
07-14 12:45:14.094 I/am_on_paused_called(28445): [0,com.tencent.mm.plugin.wallet.pay.ui.WalletPayUI]
07-14 12:45:14.096 I/am_resume_activity( 1267): [0,66736557,320,com.tencent.mm/.plugin.luckymoney.ui.LuckyMoneyPrepareUI]
07-14 12:45:14.194 I/am_finish_activity( 1267): [0,66736557,320,com.tencent.mm/.plugin.luckymoney.ui.LuckyMoneyPrepareUI,app-request]
07-14 12:45:14.195 I/am_home_stack_moved( 1267): [0,0,9,9,finishActivity adjustFocus setFocusedActivity]
07-14 12:45:14.195 I/wm_task_moved( 1267): [320,1,5]
07-14 12:45:14.196 I/am_focused_activity( 1267): [0,com.tencent.mm/.ui.LauncherUI]
07-14 12:45:14.197 I/am_pause_activity( 1267): [0,66736557,com.tencent.mm/.plugin.luckymoney.ui.LuckyMoneyPrepareUI]
07-14 12:45:14.213 I/am_resume_activity( 1267): [0,8980953,320,com.tencent.mm/.ui.LauncherUI]
07-14 12:45:14.351 I/am_on_resume_called(28445): [0,com.tencent.mm.ui.LauncherUI]
07-14 12:45:14.691 I/am_destroy_activity( 1267): [0,77258532,320,com.tencent.mm/.plugin.wallet.pay.ui.WalletPayUI,finish-imm]
07-14 12:45:14.838 I/am_destroy_activity( 1267): [0,66736557,320,com.tencent.mm/.plugin.luckymoney.ui.LuckyMoneyPrepareUI,finish-imm]
07-14 12:45:14.901 I/sf_frame_dur(  438): [com.tencent.mm/com.tencent.mm.plugin.luckymoney.ui.LuckyMoneyPrepareUI,16,3,1,3,4,0,1]
07-14 12:45:15.592 I/chatty  ( 1267): uid=1000(system) android.ui expire 6 lines
07-14 12:45:15.615 I/am_home_stack_moved( 1267): [0,0,9,9,startingNewTask]
07-14 12:45:15.615 I/wm_task_moved( 1267): [320,1,5]
07-14 12:45:15.618 I/am_create_task( 1267): [0,351]
07-14 12:45:15.618 I/am_create_activity( 1267): [0,111785852,351,com.android.systemui/.recent.RecentsActivity,com.android.systemui.recent.action.TOGGLE_RECENTS,NULL,NULL,276824064]
07-14 12:45:15.619 I/wm_task_created( 1267): [351,9]
07-14 12:45:15.619 I/wm_task_moved( 1267): [351,1,6]
07-14 12:45:15.642 I/am_pause_activity( 1267): [0,8980953,com.tencent.mm/.ui.LauncherUI]
07-14 12:45:15.650 I/am_restart_activity( 1267): [0,111785852,351,com.android.systemui/.recent.RecentsActivity]
07-14 12:45:15.654 I/am_home_stack_moved( 1267): [0,0,9,9,startedActivity setFocusedActivity]
07-14 12:45:15.654 I/wm_task_moved( 1267): [351,1,6]
07-14 12:45:15.657 I/am_focused_activity( 1267): [0,com.android.systemui/.recent.RecentsActivity]
07-14 12:45:15.736 I/am_on_paused_called(28445): [0,com.tencent.mm.ui.LauncherUI]
07-14 12:45:15.772 I/chatty  ( 1267): uid=1000(system) Binder_5 expire 28 lines
07-14 12:45:15.780 I/chatty  (10778): uid=1000(system) com.qiku.healthguard expire 15 lines
07-14 12:45:15.785 I/am_on_resume_called( 2928): [0,com.android.systemui.recent.RecentsActivity]
07-14 12:45:15.802 I/chatty  ( 1267): uid=1000(system) Binder_C expire 15 lines
07-14 12:45:15.806 I/chatty  ( 1267): uid=1000(system) Binder_3 expire 4 lines
07-14 12:45:15.807 I/chatty  ( 1267): uid=1000(system) Binder_E expire 5 lines
07-14 12:45:15.807 I/netstats_mobile_sample( 1267): [624585893,1035830,115820393,804608,612419003,763506,109385680,804623,612419003,763506,109383594,804609,1500007527617]
07-14 12:45:15.808 I/netstats_wifi_sample( 1267): [2901607047,3335525,487882940,2865810,2901632690,3333457,447656036,2826325,2901565418,3331784,447509693,2825293,1500007527617]
07-14 12:45:15.824 I/chatty  ( 1267): uid=1000(system) Binder_B expire 6 lines
07-14 12:45:15.828 I/chatty  ( 1267): uid=1000(system) Binder_A expire 7 lines
07-14 12:45:15.830 I/chatty  ( 1267): uid=1000(system) Binder_10 expire 67 lines
07-14 12:45:15.921 I/am_activity_launch_time( 1267): [0,111785852,com.android.systemui/.recent.RecentsActivity,275,275]
07-14 12:45:16.078 I/chatty  ( 1267): uid=1000(system) Binder_2 expire 2 lines
07-14 12:45:16.154 I/chatty  ( 1267): uid=1000(system) Binder_1 expire 9 lines
07-14 12:45:16.154 I/sf_frame_dur(  438): [com.tencent.mm/com.tencent.mm.ui.LauncherUI,0,0,1,1,1,0,0]
07-14 12:45:16.156 I/chatty  ( 1267): uid=1000(system) Binder_4 expire 4 lines
07-14 12:45:16.228 I/chatty  ( 1267): uid=1000(system) Binder_7 expire 8 lines
07-14 12:45:16.480 I/chatty  ( 1267): uid=1000(system) Binder_8 expire 66 lines
07-14 12:45:16.495 I/am_home_stack_moved( 1267): [0,0,9,9,moveTaskToFront setFocusedActivity]
07-14 12:45:16.495 I/wm_task_moved( 1267): [344,1,6]
07-14 12:45:16.498 I/am_focused_activity( 1267): [0,com.tencent.KiHan/.ApolloTest]
07-14 12:45:16.511 I/am_pause_activity( 1267): [0,111785852,com.android.systemui/.recent.RecentsActivity]
07-14 12:45:16.513 I/am_task_to_front( 1267): [0,344]
07-14 12:45:16.514 I/am_finish_activity( 1267): [0,111785852,351,com.android.systemui/.recent.RecentsActivity,app-request]
07-14 12:45:16.517 I/am_on_paused_called( 2928): [0,com.android.systemui.recent.RecentsActivity]
07-14 12:45:16.539 I/configuration_changed( 1267): 1152
07-14 12:45:16.576 I/am_resume_activity( 1267): [0,175743015,344,com.tencent.KiHan/.ApolloTest]
07-14 12:45:16.583 I/chatty  ( 3676): uid=1000(system) com.qiku.logsystem expire 1 line
07-14 12:45:16.593 I/am_on_resume_called(15672): [0,com.tencent.KiHan.ApolloTest]
07-14 12:45:16.661 I/notification_enqueue( 1267): [10148,22576,com.tencent.mtt,83,NULL,0,Notification(pri=2 contentView=com.tencent.mtt/0x7f03003d vibrate=null sound=null defaults=0x0 flags=0x22 color=0x00000000 vis=PRIVATE),0]
07-14 12:45:16.661 I/chatty  ( 1267): uid=1000 system_server expire 1 line
07-14 12:45:16.661 I/am_destroy_activity( 1267): [0,111785852,351,com.android.systemui/.recent.RecentsActivity,finish-imm]
07-14 12:45:16.772 I/wm_task_removed( 1267): [351,removeAppToken: last token]
07-14 12:45:16.772 I/wm_task_removed( 1267): [351,removeTask]
07-14 12:45:16.772 I/sf_frame_dur(  438): [com.android.systemui/com.android.systemui.recent.RecentsActivity,3,3,1,1,1,0,0]
07-14 12:45:21.510 I/chatty  ( 1267): uid=1000(system) Binder_D expire 4 lines
07-14 12:45:22.274 I/am_pss  ( 1267): [3764,10072,com.qiku.android.launcher3,108472320,94699520]
07-14 12:45:23.421 I/am_proc_died( 1267): [0,30527,com.qihoo360.mobilesafe:WifiExam]
07-14 12:45:23.837 I/chatty  ( 1267): uid=1000(system) WifiStateMachin expire 7 lines
07-14 12:45:24.982 I/chatty  ( 1267): uid=1000(system) Binder_9 expire 2 lines
07-14 12:45:30.393 I/am_pss  ( 1267): [15672,10158,com.tencent.KiHan,429502464,416120832]
07-14 12:45:32.581 I/chatty  ( 1267): uid=1000(system) Binder_6 expire 20 lines
07-14 12:45:34.170 I/am_pss  ( 1267): [30342,10008,android.process.media,6460416,5070848]
07-14 12:45:39.894 I/chatty  ( 1267): uid=1000(system) Binder_B expire 18 lines
07-14 12:45:39.894 I/chatty  ( 1267): uid=1000(system) Binder_7 expire 18 lines
07-14 12:45:39.898 I/chatty  ( 1267): uid=1000(system) Binder_8 expire 19 lines
07-14 12:45:39.927 I/chatty  ( 1267): uid=1000(system) Binder_9 expire 14 lines
07-14 12:45:39.971 I/am_pss  ( 1267): [28445,10095,com.tencent.mm,255979520,232185856]
07-14 12:45:40.003 I/am_pss  ( 1267): [2064,10095,com.tencent.mm:support,36097024,28745728]
07-14 12:45:40.030 I/am_pss  ( 1267): [22227,10095,com.tencent.mm:tools,52533248,36405248]
07-14 12:45:40.047 I/am_pss  ( 1267): [27210,10095,com.tencent.mm:push,35271680,30789632]
07-14 12:45:42.715 I/chatty  ( 1267): uid=1000(system) WifiStateMachin expire 14 lines
07-14 12:45:42.719 I/chatty  ( 1267): uid=1000(system) Binder_A expire 14 lines
07-14 12:45:42.719 I/chatty  ( 1267): uid=1000(system) Binder_1 expire 12 lines
07-14 12:45:42.720 I/chatty  ( 1267): uid=1000(system) Binder_4 expire 8 lines
07-14 12:45:42.727 I/chatty  ( 1267): uid=1000(system) Binder_5 expire 16 lines
07-14 12:45:42.731 I/chatty  ( 1267): uid=1000(system) Binder_F expire 24 lines
07-14 12:45:52.686 I/chatty  ( 1267): uid=1000(system) Binder_C expire 20 lines
07-14 12:45:52.689 I/chatty  ( 1267): uid=1000(system) Binder_3 expire 12 lines
07-14 12:45:52.697 I/chatty  ( 1267): uid=1000(system) Binder_E expire 10 lines
07-14 12:45:52.722 I/am_pss  ( 1267): [2368,10003,com.android.providers.contacts,11879424,10301440]
07-14 12:45:52.744 I/am_pss  ( 1267): [22428,10017,com.qihoo.appstore,25330688,20328448]
07-14 12:45:54.881 I/chatty  ( 1267): uid=1000(system) Binder_D expire 10 lines
07-14 12:46:02.703 I/chatty  ( 1267): uid=1000(system) Binder_10 expire 12 lines
07-14 12:46:02.705 I/chatty  ( 1267): uid=1000(system) Binder_2 expire 26 lines
07-14 12:46:52.687 I/am_pss  ( 1267): [22428,10017,com.qihoo.appstore,25330688,20328448]
07-14 12:47:04.524 I/chatty  ( 1267): uid=1000(system) Binder_8 expire 11 lines
07-14 12:47:09.961 I/chatty  ( 1267): uid=1000(system) WifiStateMachin expire 59 lines
07-14 12:47:09.966 I/chatty  ( 1267): uid=1000(system) Binder_3 expire 14 lines
07-14 12:47:09.967 I/chatty  ( 1267): uid=1000(system) Binder_F expire 19 lines
07-14 12:47:09.968 I/chatty  ( 1267): uid=1000(system) Binder_4 expire 16 lines
07-14 12:47:09.973 I/chatty  ( 1267): uid=1000(system) Binder_10 expire 16 lines
07-14 12:47:09.976 I/chatty  ( 1267): uid=1000(system) Binder_1 expire 8 lines
07-14 12:47:09.991 I/chatty  ( 1267): uid=1000(system) Binder_A expire 10 lines
07-14 12:47:12.575 I/chatty  ( 1267): uid=1000(system) Binder_9 expire 12 lines
07-14 12:47:22.693 I/chatty  ( 1267): uid=1000(system) Binder_D expire 14 lines
07-14 12:47:22.694 I/chatty  ( 1267): uid=1000(system) Binder_6 expire 14 lines
07-14 12:47:22.694 I/chatty  ( 1267): uid=1000(system) Binder_7 expire 14 lines
07-14 12:47:22.709 I/chatty  ( 1267): uid=1000(system) Binder_E expire 6 lines
07-14 12:47:25.185 I/netstats_mobile_sample( 1267): [624625073,1035964,115837803,804766,612457663,763630,109401826,804781,612457663,763630,109399740,804767,1500007656993]
07-14 12:47:25.185 I/netstats_wifi_sample( 1267): [2901607047,3335525,487882940,2865810,2901632690,3333457,447656036,2826325,2901565418,3331784,447509693,2825293,1500007656993]
07-14 12:47:25.206 I/am_proc_start( 1267): [0,31150,10009,com.qihoo360.mobilesafe:WifiExam,service,com.qihoo360.mobilesafe/.wifiexam.plugin.WifiExamExternalService]
07-14 12:47:25.235 I/netstats_mobile_sample( 1267): [624625073,1035964,115837803,804766,612457663,763630,109401826,804781,612457663,763630,109399740,804767,1500007657044]
07-14 12:47:25.235 I/netstats_wifi_sample( 1267): [2901607047,3335525,487882940,2865810,2901632690,3333457,447656036,2826325,2901565418,3331784,447509693,2825293,1500007657044]
07-14 12:47:25.249 I/am_proc_bound( 1267): [0,31150,com.qihoo360.mobilesafe:WifiExam]
07-14 12:47:25.269 I/notification_enqueue( 1267): [10148,22576,com.tencent.mtt,83,NULL,0,Notification(pri=2 contentView=com.tencent.mtt/0x7f03003d vibrate=null sound=null defaults=0x0 flags=0x22 color=0x00000000 vis=PRIVATE),0]
07-14 12:47:25.269 I/chatty  ( 1267): uid=1000 system_server expire 3 lines
07-14 12:47:30.510 I/am_pss  ( 1267): [15672,10158,com.tencent.KiHan,457927680,444297216]
07-14 12:47:35.579 I/am_proc_died( 1267): [0,31150,com.qihoo360.mobilesafe:WifiExam]
07-14 12:47:36.215 I/battery_level( 1267): [67,3918,392]
07-14 12:47:36.217 I/chatty  ( 1267): uid=1000(system) ActivityManager expire 1 line
07-14 12:47:36.225 I/chatty  ( 1267): uid=1000(system) android.fg expire 1 line
07-14 12:47:37.205 I/chatty  ( 1267): uid=1000(system) Binder_5 expire 14 lines
07-14 12:47:37.403 I/netstats_mobile_sample( 1267): [624692518,1036049,115847896,804831,612523652,763684,109411399,804846,612523652,763684,109409313,804832,1500007669212]
07-14 12:47:37.403 I/netstats_wifi_sample( 1267): [2901607047,3335525,487882940,2865810,2901632690,3333457,447656036,2826325,2901565418,3331784,447509693,2825293,1500007669212]
07-14 12:47:38.373 I/netstats_mobile_sample( 1267): [624694314,1036052,115847956,804832,612525396,763686,109411451,804847,612525396,763686,109409365,804833,1500007670183]
07-14 12:47:38.374 I/netstats_wifi_sample( 1267): [2901607047,3335525,487882940,2865810,2901632690,3333457,447656036,2826325,2901565418,3331784,447509693,2825293,1500007670183]
07-14 12:47:38.390 I/am_proc_start( 1267): [0,31220,10009,com.qihoo360.mobilesafe:WifiExam,service,com.qihoo360.mobilesafe/.wifiexam.plugin.WifiExamExternalService]
07-14 12:47:38.420 I/notification_enqueue( 1267): [10148,22576,com.tencent.mtt,83,NULL,0,Notification(pri=2 contentView=com.tencent.mtt/0x7f03003d vibrate=null sound=null defaults=0x0 flags=0x22 color=0x00000000 vis=PRIVATE),0]
07-14 12:47:38.421 I/am_proc_bound( 1267): [0,31220,com.qihoo360.mobilesafe:WifiExam]
07-14 12:47:48.720 I/am_proc_died( 1267): [0,31220,com.qihoo360.mobilesafe:WifiExam]
07-14 12:47:49.422 I/chatty  ( 1267): uid=1000(system) Binder_C expire 6 lines
07-14 12:47:52.706 I/am_pss  ( 1267): [22428,10017,com.qihoo.appstore,25334784,20332544]
07-14 12:48:00.178 I/chatty  ( 1267): uid=1000(system) AlarmManager expire 2 lines
07-14 12:48:00.331 I/notification_enqueue( 1267): [10148,22576,com.tencent.mtt,83,NULL,0,Notification(pri=2 contentView=com.tencent.mtt/0x7f03003d vibrate=null sound=null defaults=0x0 flags=0x22 color=0x00000000 vis=PRIVATE),0]
07-14 12:48:01.347 I/chatty  ( 1267): uid=1000(system) Binder_B expire 29 lines
07-14 12:48:19.399 I/chatty  ( 1267): uid=1000(system) Binder_D expire 17 lines
07-14 12:48:19.410 I/chatty  ( 1267): uid=1000(system) Binder_A expire 20 lines
07-14 12:48:19.422 I/chatty  ( 1267): uid=1000(system) Binder_5 expire 18 lines
07-14 12:48:20.799 I/notification_enqueue( 1267): [10148,22576,com.tencent.mtt,83,NULL,0,Notification(pri=2 contentView=com.tencent.mtt/0x7f03003d vibrate=null sound=null defaults=0x0 flags=0x22 color=0x00000000 vis=PRIVATE),0]
07-14 12:48:20.799 I/chatty  ( 1267): uid=1000 system_server expire 1 line
07-14 12:48:21.516 I/chatty  ( 1267): uid=1000(system) Binder_6 expire 12 lines
07-14 12:48:22.695 I/chatty  ( 1267): uid=1000(system) WifiStateMachin expire 15 lines
07-14 12:48:22.701 I/chatty  ( 1267): uid=1000(system) Binder_1 expire 10 lines
07-14 12:48:22.701 I/chatty  ( 1267): uid=1000(system) Binder_E expire 12 lines
07-14 12:48:22.706 I/chatty  ( 1267): uid=1000(system) Binder_9 expire 24 lines
07-14 12:48:22.707 I/chatty  ( 1267): uid=1000(system) Binder_8 expire 8 lines
07-14 12:48:22.739 I/chatty  ( 1267): uid=1000(system) Binder_F expire 20 lines
07-14 12:48:31.518 I/chatty  ( 1267): uid=1000(system) Binder_4 expire 12 lines
07-14 12:48:32.656 I/chatty  ( 1267): uid=1000(system) Binder_10 expire 12 lines
07-14 12:48:32.660 I/chatty  ( 1267): uid=1000(system) Binder_C expire 20 lines
07-14 12:48:32.674 I/chatty  ( 1267): uid=1000(system) Binder_2 expire 14 lines
07-14 12:48:34.311 I/chatty  ( 1267): uid=1000(system) Binder_3 expire 6 lines
07-14 12:48:42.648 I/chatty  ( 1267): uid=1000(system) Binder_7 expire 34 lines
07-14 12:48:52.700 I/am_pss  ( 1267): [22428,10017,com.qihoo.appstore,25263104,20332544]
07-14 12:49:32.845 I/am_pss  ( 1267): [15672,10158,com.tencent.KiHan,457972736,444211200]
07-14 12:49:42.623 I/chatty  ( 1267): uid=1000(system) Binder_5 expire 12 lines
07-14 12:49:42.623 I/chatty  ( 1267): uid=1000(system) Binder_D expire 14 lines
07-14 12:49:42.627 I/chatty  ( 1267): uid=1000(system) Binder_9 expire 18 lines
07-14 12:49:42.658 I/chatty  ( 1267): uid=1000(system) Binder_3 expire 20 lines
07-14 12:49:49.379 I/chatty  ( 1267): uid=1000(system) WifiStateMachin expire 58 lines
07-14 12:49:49.389 I/chatty  ( 1267): uid=1000(system) Binder_8 expire 22 lines
07-14 12:49:49.390 I/chatty  ( 1267): uid=1000(system) Binder_B expire 12 lines
07-14 12:49:49.475 I/chatty  ( 1267): uid=1000(system) Binder_F expire 12 lines
07-14 12:49:49.485 I/chatty  ( 1267): uid=1000(system) Binder_10 expire 2 lines
07-14 12:49:49.596 I/netstats_mobile_sample( 1267): [624712222,1036135,115860882,804955,612543304,763769,109423393,804970,612543304,763769,109421307,804956,1500007801406]
07-14 12:49:49.596 I/netstats_wifi_sample( 1267): [2901607047,3335525,487882940,2865810,2901632690,3333457,447656036,2826325,2901565418,3331784,447509693,2825293,1500007801406]
07-14 12:49:49.626 I/netstats_mobile_sample( 1267): [624712222,1036135,115860882,804955,612543304,763769,109423393,804970,612543304,763769,109421307,804956,1500007801436]
07-14 12:49:49.627 I/netstats_wifi_sample( 1267): [2901607047,3335525,487882940,2865810,2901632690,3333457,447656036,2826325,2901565418,3331784,447509693,2825293,1500007801436]
07-14 12:49:49.636 I/am_proc_start( 1267): [0,31870,10009,com.qihoo360.mobilesafe:WifiExam,service,com.qihoo360.mobilesafe/.wifiexam.plugin.WifiExamExternalService]
07-14 12:49:49.665 I/am_proc_bound( 1267): [0,31870,com.qihoo360.mobilesafe:WifiExam]
07-14 12:49:49.700 I/notification_enqueue( 1267): [10148,22576,com.tencent.mtt,83,NULL,0,Notification(pri=2 contentView=com.tencent.mtt/0x7f03003d vibrate=null sound=null defaults=0x0 flags=0x22 color=0x00000000 vis=PRIVATE),0]
07-14 12:49:49.700 I/chatty  ( 1267): uid=1000 system_server expire 3 lines
07-14 12:50:00.005 I/am_proc_died( 1267): [0,31870,com.qihoo360.mobilesafe:WifiExam]
07-14 12:50:00.054 I/am_pss  ( 1267): [22428,10017,com.qihoo.appstore,25342976,20340736]
07-14 12:50:01.520 I/chatty  ( 1267): uid=1000(system) Binder_6 expire 14 lines
07-14 12:50:01.858 I/netstats_mobile_sample( 1267): [624716522,1036154,115864379,804983,612547604,763788,109426666,804998,612547320,763787,109424528,804983,1500007813667]
07-14 12:50:01.858 I/netstats_wifi_sample( 1267): [2901607047,3335525,487882940,2865810,2901632690,3333457,447656036,2826325,2901565418,3331784,447509693,2825293,1500007813667]
07-14 12:50:01.892 I/netstats_mobile_sample( 1267): [624716522,1036154,115864379,804983,612547604,763788,109426666,804998,612547604,763788,109424580,804984,1500007813701]
07-14 12:50:01.892 I/am_proc_start( 1267): [0,31922,10009,com.qihoo360.mobilesafe:WifiExam,service,com.qihoo360.mobilesafe/.wifiexam.plugin.WifiExamExternalService]
07-14 12:50:01.892 I/netstats_wifi_sample( 1267): [2901607047,3335525,487882940,2865810,2901632690,3333457,447656036,2826325,2901565418,3331784,447509693,2825293,1500007813701]
07-14 12:50:01.920 I/am_proc_bound( 1267): [0,31922,com.qihoo360.mobilesafe:WifiExam]
07-14 12:50:01.943 I/notification_enqueue( 1267): [10148,22576,com.tencent.mtt,83,NULL,0,Notification(pri=2 contentView=com.tencent.mtt/0x7f03003d vibrate=null sound=null defaults=0x0 flags=0x22 color=0x00000000 vis=PRIVATE),0]
07-14 12:50:12.261 I/am_proc_died( 1267): [0,31922,com.qihoo360.mobilesafe:WifiExam]
07-14 12:50:13.924 I/chatty  ( 1267): uid=1000(system) Binder_2 expire 8 lines
07-14 12:50:13.940 I/chatty  ( 1267): uid=1000(system) Binder_4 expire 10 lines
07-14 12:50:13.949 I/chatty  ( 1267): uid=1000(system) Binder_E expire 16 lines
07-14 12:50:22.654 I/chatty  ( 1267): uid=1000(system) Binder_A expire 4 lines
07-14 12:50:22.681 I/chatty  ( 1267): uid=1000(system) Binder_C expire 2 lines
07-14 12:50:28.865 I/chatty  ( 1267): uid=1000(system) Binder_1 expire 4 lines
07-14 12:50:36.695 I/battery_level( 1267): [66,3907,392]
07-14 12:50:36.697 I/chatty  ( 1267): uid=1000(system) ActivityManager expire 1 line
07-14 12:50:36.704 I/chatty  ( 1267): uid=1000(system) android.fg expire 1 line
07-14 12:50:36.750 I/notification_enqueue( 1267): [10009,32707,com.qihoo360.mobilesafe,1,NULL,0,Notification(pri=2 contentView=com.qihoo360.mobilesafe/0x7f030062 vibrate=null sound=null tick defaults=0x0 flags=0x62 color=0x00000000 vis=PRIVATE),0]
07-14 12:50:42.590 I/am_pss  ( 1267): [3488,10061,com.xinshuru.inputmethod.service,36920320,34353152]
07-14 12:50:42.617 I/am_pss  ( 1267): [22576,10148,com.tencent.mtt:service,42507264,32944128]
07-14 12:50:42.634 I/am_pss  ( 1267): [27150,10095,com.tencent.mm:exdevice,21804032,17747968]
07-14 12:50:42.644 I/am_pss  ( 1267): [3298,1000,com.qti.service.colorservice,4701184,3534848]
07-14 12:50:42.654 I/am_pss  ( 1267): [3780,1000,com.android.settings,6979584,5726208]
07-14 12:50:42.664 I/am_pss  ( 1267): [3792,1000,com.qiku.qkmultiapp,4260864,3031040]
07-14 12:50:42.674 I/am_pss  ( 1267): [24866,1000,com.qiku.android.agpssettings,3961856,2588672]
07-14 12:50:42.685 I/am_pss  ( 1267): [3141,1000,com.qiku.powerengine:remote,12690432,10944512]
07-14 12:50:42.695 I/am_pss  ( 1267): [1034,1000,com.qiku.android.safe.password,13634560,12058624]
07-14 12:50:42.706 I/am_pss  ( 1267): [3118,1001,com.qualcomm.qcrilmsgtunnel,5032960,3866624]
07-14 12:50:42.716 I/am_pss  ( 1267): [5075,10004,com.android.defcontainer,7367680,6086656]
07-14 12:50:42.729 I/am_pss  ( 1267): [4609,10022,com.android.systemui:messagebox,39974912,37941248]
07-14 12:50:42.747 I/am_pss  ( 1267): [4242,10071,com.android.dialer,13297664,11853824]
07-14 12:50:52.719 I/am_pss  ( 1267): [22428,10017,com.qihoo.appstore,25347072,20344832]
07-14 12:50:52.741 I/am_pss  ( 1267): [28462,1000,com.android.settings.wifi,9720832,8224768]
07-14 12:51:01.525 I/chatty  ( 1267): uid=1000(system) Binder_A expire 10 lines
07-14 12:51:02.630 I/chatty  ( 1267): uid=1000(system) WifiStateMachin expire 9 lines
07-14 12:51:02.636 I/chatty  ( 1267): uid=1000(system) Binder_E expire 14 lines
07-14 12:51:02.636 I/chatty  ( 1267): uid=1000(system) Binder_4 expire 12 lines
07-14 12:51:02.637 I/chatty  ( 1267): uid=1000(system) Binder_D expire 16 lines
07-14 12:51:02.638 I/chatty  ( 1267): uid=1000(system) Binder_2 expire 14 lines
07-14 12:51:02.662 I/chatty  ( 1267): uid=1000(system) Binder_7 expire 18 lines
07-14 12:51:02.679 I/chatty  ( 1267): uid=1000(system) Binder_1 expire 22 lines
07-14 12:51:11.527 I/chatty  ( 1267): uid=1000(system) Binder_5 expire 16 lines
07-14 12:51:12.649 I/chatty  ( 1267): uid=1000(system) Binder_8 expire 18 lines
07-14 12:51:12.649 I/chatty  ( 1267): uid=1000(system) Binder_6 expire 20 lines
07-14 12:51:12.650 I/chatty  ( 1267): uid=1000(system) Binder_9 expire 15 lines
07-14 12:51:12.666 I/chatty  ( 1267): uid=1000(system) Binder_10 expire 19 lines
07-14 12:51:12.672 I/chatty  ( 1267): uid=1000(system) Binder_F expire 6 lines
07-14 12:51:13.797 I/chatty  ( 1267): uid=1000(system) Binder_3 expire 10 lines
07-14 12:51:22.569 I/chatty  ( 1267): uid=1000(system) Binder_C expire 10 lines
07-14 12:51:22.571 I/chatty  ( 1267): uid=1000(system) Binder_B expire 6 lines
07-14 12:51:32.807 I/am_pss  ( 1267): [15672,10158,com.tencent.KiHan,452520960,438878208]
07-14 12:51:51.546 I/sf_frame_dur(  438): [com.tencent.KiHan/com.tencent.KiHan.ApolloTest,1,0,0,0,0,0,0]
07-14 12:51:51.599 I/sf_frame_dur(  438): [SurfaceView,1517,8948,203,53,71,0,0]
07-14 12:51:51.756 I/am_proc_died( 1267): [0,15672,com.tencent.KiHan]
07-14 12:51:51.758 I/am_finish_activity( 1267): [0,175743015,344,com.tencent.KiHan/.ApolloTest,proc died without state saved]
07-14 12:51:51.759 I/am_focused_activity( 1267): [-1,NULL]
07-14 12:51:51.759 I/wm_task_removed( 1267): [344,removeAppToken: last token]
07-14 12:51:51.759 I/wm_task_removed( 1267): [344,removeTask]
07-14 12:51:51.782 I/configuration_changed( 1267): 1152
07-14 12:51:51.833 I/am_resume_activity( 1267): [0,8980953,320,com.tencent.mm/.ui.LauncherUI]
07-14 12:51:51.846 I/chatty  ( 3676): uid=1000(system) com.qiku.logsystem expire 1 line
07-14 12:51:51.906 I/chatty  ( 1267): uid=1000(system) android.bg expire 4 lines
07-14 12:51:51.930 I/notification_enqueue( 1267): [10148,22576,com.tencent.mtt,83,NULL,0,Notification(pri=2 contentView=com.tencent.mtt/0x7f03003d vibrate=null sound=null defaults=0x0 flags=0x22 color=0x00000000 vis=PRIVATE),0]
07-14 12:51:51.930 I/chatty  ( 1267): uid=1000 system_server expire 7 lines
07-14 12:51:51.980 I/am_on_resume_called(28445): [0,com.tencent.mm.ui.LauncherUI]
07-14 12:51:52.728 I/am_pss  ( 1267): [22428,10017,com.qihoo.appstore,25420800,20344832]
07-14 12:51:53.192 I/chatty  ( 1267): uid=1000(system) InputReader expire 6 lines
07-14 12:51:53.195 I/sysui_histogram( 1267): [power_double_tap_interval,1691071]
07-14 12:51:53.310 I/power_sleep_requested( 1267): 0
07-14 12:51:53.317 I/chatty  ( 1267): uid=1000(system) PowerManagerSer expire 1 line
07-14 12:51:53.327 I/am_pause_activity( 1267): [0,8980953,com.tencent.mm/.ui.LauncherUI]
07-14 12:51:53.369 I/device_idle( 1267): [1,no activity]
07-14 12:51:53.383 I/sysui_histogram( 1267): [fingerprint_token,0]
07-14 12:51:53.426 I/am_on_paused_called(28445): [0,com.tencent.mm.ui.LauncherUI]
07-14 12:51:53.576 I/am_meminfo( 1267): [2060349440,587190272,0,507613184,188560384]
07-14 12:51:53.604 I/am_pss  ( 1267): [3488,10061,com.xinshuru.inputmethod.service,37030912,34369536]
07-14 12:51:53.627 I/am_pss  ( 1267): [11423,10027,com.android.mms,56472576,52801536]
07-14 12:51:53.689 I/am_pss  ( 1267): [32511,10088,com.eg.android.AlipayGphone,292254720,276533248]
07-14 12:51:53.708 I/power_screen_state( 1267): [0,2,0,0]
07-14 12:51:53.708 I/screen_toggled( 1267): 0
07-14 12:51:53.708 I/sysui_histogram( 1267): [screen_timeout,600]
07-14 12:51:53.708 I/power_screen_broadcast_send( 1267): 1
07-14 12:51:53.730 I/am_pss  ( 1267): [22576,10148,com.tencent.mtt:service,43200512,33505280]
07-14 12:51:53.802 I/am_pss  ( 1267): [28462,1000,com.android.settings.wifi,9799680,8257536]
07-14 12:51:53.826 I/am_pss  ( 1267): [21964,10095,com.tencent.mm:appbrand0,35612672,21213184]
07-14 12:51:53.837 I/am_pss  ( 1267): [14283,1000,com.qiku.logredirect,3921920,2793472]
07-14 12:51:53.877 I/am_pss  ( 1267): [32707,10009,com.qihoo360.mobilesafe:GuardService,71327744,66949120]
07-14 12:51:53.893 I/am_pss  ( 1267): [27150,10095,com.tencent.mm:exdevice,21870592,17747968]
07-14 12:51:53.909 I/am_pss  ( 1267): [14736,10140,com.babytree.apps.pregnancy:core,65598464,63471616]
07-14 12:51:53.930 I/chatty  ( 1267): uid=1000(system) ActivityManager expire 4 lines
07-14 12:51:53.938 I/am_pss  ( 1267): [14613,10140,com.babytree.apps.pregnancy,81620992,79093760]
07-14 12:51:53.953 I/am_pss  ( 1267): [1261,10088,com.eg.android.AlipayGphone:tools,22507520,15093760]
07-14 12:51:53.971 I/am_pss  ( 1267): [25904,10088,com.eg.android.AlipayGphone:push,39050240,31428608]
07-14 12:51:53.981 I/am_pss  ( 1267): [25342,10060,com.qiku.cleaner,5370880,4128768]
07-14 12:51:53.991 I/am_pss  ( 1267): [8775,1000,com.qiku.service.container,5647360,4395008]
07-14 12:51:54.007 I/am_pss  ( 1267): [3487,10017,com.qihoo.daemon,21112832,16084992]
07-14 12:51:54.022 I/am_pss  ( 1267): [15870,10158,com.tencent.KiHan:xg_service_v2,42390528,40198144]
07-14 12:51:54.039 I/am_pss  ( 1267): [15018,10140,com.babytree.apps.pregnancy:pushservice,80040960,77705216]
07-14 12:51:54.049 I/am_pss  ( 1267): [15004,10065,com.qiku.eyemode,6113280,4513792]
07-14 12:51:54.060 I/am_pss  ( 1267): [3298,1000,com.qti.service.colorservice,4701184,3534848]
07-14 12:51:54.070 I/am_pss  ( 1267): [13045,1000,com.qiku.android.ota,8347648,6901760]
07-14 12:51:54.085 I/am_pss  ( 1267): [19945,10024,com.qiku.android.cloudsync,14999552,12263424]
07-14 12:51:54.099 I/am_pss  ( 1267): [7827,10024,com.qiku.android.cloudsync:online,16409600,13467648]
07-14 12:51:54.109 I/am_pss  ( 1267): [13790,1000,com.qualcomm.timeservice,3382272,2244608]
07-14 12:51:54.120 I/am_pss  ( 1267): [13726,10002,com.android.providers.calendar,5023744,3682304]
07-14 12:51:54.130 I/am_pss  ( 1267): [13713,1000,com.qiku.powerengine,4107264,2842624]
07-14 12:51:54.140 I/am_pss  ( 1267): [12154,10025,com.qiku.android.nodisturb,5927936,4628480]
07-14 12:51:54.151 I/am_pss  ( 1267): [3780,1000,com.android.settings,6979584,5726208]
07-14 12:51:54.165 I/am_pss  ( 1267): [7002,10012,com.qiku.regservice,23377920,19562496]
07-14 12:51:54.176 I/am_pss  ( 1267): [6162,1000,com.qiku.android.safe,9709568,7938048]
07-14 12:51:54.187 I/am_pss  ( 1267): [3792,1000,com.qiku.qkmultiapp,4265984,3035136]
07-14 12:51:54.203 I/am_pss  ( 1267): [10778,1000,com.qiku.healthguard,10114048,8499200]
07-14 12:51:54.218 I/am_pss  ( 1267): [24866,1000,com.qiku.android.agpssettings,3966976,2592768]
07-14 12:51:54.229 I/am_pss  ( 1267): [3141,1000,com.qiku.powerengine:remote,13916160,12169216]
07-14 12:51:54.240 I/am_pss  ( 1267): [1034,1000,com.qiku.android.safe.password,13639680,12062720]
07-14 12:51:54.250 I/am_pss  ( 1267): [3118,1001,com.qualcomm.qcrilmsgtunnel,5032960,3866624]
07-14 12:51:54.263 I/am_pss  ( 1267): [5075,10004,com.android.defcontainer,7367680,6086656]
07-14 12:51:54.277 I/am_pss  ( 1267): [4609,10022,com.android.systemui:messagebox,39981056,37945344]
07-14 12:51:54.287 I/am_pss  ( 1267): [4242,10071,com.android.dialer,13355008,11911168]
07-14 12:51:54.298 I/am_pss  ( 1267): [3752,1000,com.qualcomm.qti.tetherservice,5237760,3989504]
07-14 12:51:54.308 I/am_pss  ( 1267): [3739,10062,com.qiku.configcenter,14929920,13225984]
07-14 12:51:54.322 I/am_pss  ( 1267): [3727,10014,com.cloudsx.android.coreservice,15677440,14016512]
07-14 12:51:54.332 I/am_pss  ( 1267): [3716,1000,com.qualcomm.qti.GBAHttpAuthentication.auth,7269376,6082560]
07-14 12:51:54.343 I/am_pss  ( 1267): [3703,1000,com.qiku.multitask,13769728,11493376]
07-14 12:51:54.353 I/am_pss  ( 1267): [3689,1000,com.quicinc.cne.CNEService,6748160,5414912]
07-14 12:51:54.365 I/am_pss  ( 1267): [3676,1000,com.qiku.logsystem,29805568,27435008]
07-14 12:51:54.375 I/am_pss  ( 1267): [3664,1000,com.fpsensor.fpSensorExtension,3875840,2686976]
07-14 12:51:54.386 I/am_pss  ( 1267): [3526,10056,com.amap.android.location,19632128,17993728]
07-14 12:51:54.412 I/am_pss  ( 1267): [2928,10022,com.android.systemui,127246336,114520064]
07-14 12:51:54.429 I/am_pss  ( 1267): [2916,1001,com.android.phone,33516544,30965760]
07-14 12:51:54.474 I/am_pss  ( 1267): [1267,1000,system,165231616,156061696]
07-14 12:51:54.502 I/chatty  (10778): uid=1000(system) com.qiku.healthguard expire 1 line
07-14 12:51:54.552 I/chatty  ( 3676): uid=1000(system) com.qiku.logsystem expire 3 lines
07-14 12:51:54.559 I/chatty  ( 1267): uid=1000(system) Binder_B expire 7 lines
07-14 12:51:54.568 I/chatty  ( 1267): uid=1000(system) Binder_D expire 7 lines
07-14 12:51:54.572 I/chatty  ( 1267): uid=1000(system) Binder_10 expire 6 lines
07-14 12:51:54.588 I/chatty  ( 1267): uid=1000(system) Binder_2 expire 8 lines
07-14 12:51:54.645 I/chatty  ( 1267): uid=1000(system) Binder_E expire 5 lines
07-14 12:51:54.693 I/chatty  ( 1267): uid=1000(system) Binder_8 expire 9 lines
07-14 12:51:54.914 I/power_screen_broadcast_done( 1267): [0,1206,1]
07-14 12:51:56.048 I/chatty  ( 1267): uid=1000 system_server expire 137 lines
07-14 12:52:09.506 I/am_kill ( 1267): [0,12154,com.qiku.android.nodisturb,8,stop com.qiku.android.nodisturb]
07-14 12:52:09.590 I/am_schedule_service_restart( 1267): [0,com.qiku.android.nodisturb/.ServiceLogicComputer,1000]
07-14 12:52:09.606 I/am_kill ( 1267): [0,13790,com.qualcomm.timeservice,15,stop com.qualcomm.timeservice]
07-14 12:52:09.652 I/chatty  ( 1267): uid=1000(system) android.fg expire 3 lines
07-14 12:52:09.678 I/am_kill ( 1267): [0,13726,com.android.providers.calendar,15,stop com.android.providers.calendar]
07-14 12:52:10.979 I/chatty  ( 1267): uid=1000(system) Binder_4 expire 2 lines
07-14 12:52:10.982 I/chatty  ( 1267): uid=1000(system) Binder_9 expire 9 lines
07-14 12:52:10.982 I/notification_cancel_all( 1267): [1000,1267,com.qiku.android.nodisturb,0,0,0,5,NULL]
07-14 12:52:10.983 I/am_kill ( 1267): [0,25342,com.qiku.cleaner,8,stop com.qiku.cleaner]
07-14 12:52:10.984 I/notification_cancel_all( 1267): [1000,1267,com.qualcomm.timeservice,0,0,0,5,NULL]
07-14 12:52:10.985 I/notification_cancel_all( 1267): [1000,1267,com.android.providers.calendar,0,0,0,5,NULL]
07-14 12:52:11.094 I/am_schedule_service_restart( 1267): [0,com.qiku.cleaner/com.qiku.remind.service.CleanerRemindService,1000]
